Archive member included to satisfy reference by file (symbol)

/usr/local/Cellar/arm-none-eabi-gcc/10.3-2021.07/gcc/bin/../lib/gcc/arm-none-eabi/10.3.1/thumb/v6-m/nofp/libgcc.a(_dvmd_tls.o)
                              CMakeFiles/periodic_sampler.dir/Users/tim/Documents/Workspace/pico/pico-sdk/src/rp2_common/pico_divider/divider.S.obj (__aeabi_idiv0)
/usr/local/Cellar/arm-none-eabi-gcc/10.3-2021.07/gcc/bin/../lib/gcc/arm-none-eabi/10.3.1/../../../../arm-none-eabi/lib/thumb/v6-m/nofp/libc.a(lib_a-calloc.o)
                              CMakeFiles/periodic_sampler.dir/Users/tim/Documents/Workspace/pico/pico-sdk/src/rp2_common/pico_malloc/pico_malloc.c.obj (calloc)
/usr/local/Cellar/arm-none-eabi-gcc/10.3-2021.07/gcc/bin/../lib/gcc/arm-none-eabi/10.3.1/../../../../arm-none-eabi/lib/thumb/v6-m/nofp/libc.a(lib_a-callocr.o)
                              /usr/local/Cellar/arm-none-eabi-gcc/10.3-2021.07/gcc/bin/../lib/gcc/arm-none-eabi/10.3.1/../../../../arm-none-eabi/lib/thumb/v6-m/nofp/libc.a(lib_a-calloc.o) (_calloc_r)
/usr/local/Cellar/arm-none-eabi-gcc/10.3-2021.07/gcc/bin/../lib/gcc/arm-none-eabi/10.3.1/../../../../arm-none-eabi/lib/thumb/v6-m/nofp/libc.a(lib_a-errno.o)
                              /usr/local/Cellar/arm-none-eabi-gcc/10.3-2021.07/gcc/bin/../lib/gcc/arm-none-eabi/10.3.1/../../../../arm-none-eabi/lib/thumb/v6-m/nofp/libc.a(lib_a-callocr.o) (__errno)
/usr/local/Cellar/arm-none-eabi-gcc/10.3-2021.07/gcc/bin/../lib/gcc/arm-none-eabi/10.3.1/../../../../arm-none-eabi/lib/thumb/v6-m/nofp/libc.a(lib_a-impure.o)
                              /usr/local/Cellar/arm-none-eabi-gcc/10.3-2021.07/gcc/bin/../lib/gcc/arm-none-eabi/10.3.1/../../../../arm-none-eabi/lib/thumb/v6-m/nofp/libc.a(lib_a-calloc.o) (_impure_ptr)
/usr/local/Cellar/arm-none-eabi-gcc/10.3-2021.07/gcc/bin/../lib/gcc/arm-none-eabi/10.3.1/../../../../arm-none-eabi/lib/thumb/v6-m/nofp/libc.a(lib_a-init.o)
                              /usr/local/Cellar/arm-none-eabi-gcc/10.3-2021.07/gcc/bin/../lib/gcc/arm-none-eabi/10.3.1/../../../../arm-none-eabi/lib/thumb/v6-m/nofp/crt0.o (__libc_init_array)
/usr/local/Cellar/arm-none-eabi-gcc/10.3-2021.07/gcc/bin/../lib/gcc/arm-none-eabi/10.3.1/../../../../arm-none-eabi/lib/thumb/v6-m/nofp/libc.a(lib_a-malloc.o)
                              CMakeFiles/periodic_sampler.dir/Users/tim/Documents/Workspace/pico/pico-sdk/src/rp2_common/pico_malloc/pico_malloc.c.obj (malloc)
/usr/local/Cellar/arm-none-eabi-gcc/10.3-2021.07/gcc/bin/../lib/gcc/arm-none-eabi/10.3.1/../../../../arm-none-eabi/lib/thumb/v6-m/nofp/libc.a(lib_a-mallocr.o)
                              /usr/local/Cellar/arm-none-eabi-gcc/10.3-2021.07/gcc/bin/../lib/gcc/arm-none-eabi/10.3.1/../../../../arm-none-eabi/lib/thumb/v6-m/nofp/libc.a(lib_a-callocr.o) (_malloc_r)
/usr/local/Cellar/arm-none-eabi-gcc/10.3-2021.07/gcc/bin/../lib/gcc/arm-none-eabi/10.3.1/../../../../arm-none-eabi/lib/thumb/v6-m/nofp/libc.a(lib_a-mlock.o)
                              /usr/local/Cellar/arm-none-eabi-gcc/10.3-2021.07/gcc/bin/../lib/gcc/arm-none-eabi/10.3.1/../../../../arm-none-eabi/lib/thumb/v6-m/nofp/libc.a(lib_a-mallocr.o) (__malloc_lock)
/usr/local/Cellar/arm-none-eabi-gcc/10.3-2021.07/gcc/bin/../lib/gcc/arm-none-eabi/10.3.1/../../../../arm-none-eabi/lib/thumb/v6-m/nofp/libc.a(lib_a-realloc.o)
                              CMakeFiles/periodic_sampler.dir/Users/tim/Documents/Workspace/pico/pico-sdk/src/rp2_common/pico_malloc/pico_malloc.c.obj (realloc)
/usr/local/Cellar/arm-none-eabi-gcc/10.3-2021.07/gcc/bin/../lib/gcc/arm-none-eabi/10.3.1/../../../../arm-none-eabi/lib/thumb/v6-m/nofp/libc.a(lib_a-reallocr.o)
                              /usr/local/Cellar/arm-none-eabi-gcc/10.3-2021.07/gcc/bin/../lib/gcc/arm-none-eabi/10.3.1/../../../../arm-none-eabi/lib/thumb/v6-m/nofp/libc.a(lib_a-realloc.o) (_realloc_r)
/usr/local/Cellar/arm-none-eabi-gcc/10.3-2021.07/gcc/bin/../lib/gcc/arm-none-eabi/10.3.1/../../../../arm-none-eabi/lib/thumb/v6-m/nofp/libc.a(lib_a-sbrkr.o)
                              /usr/local/Cellar/arm-none-eabi-gcc/10.3-2021.07/gcc/bin/../lib/gcc/arm-none-eabi/10.3.1/../../../../arm-none-eabi/lib/thumb/v6-m/nofp/libc.a(lib_a-mallocr.o) (_sbrk_r)
/usr/local/Cellar/arm-none-eabi-gcc/10.3-2021.07/gcc/bin/../lib/gcc/arm-none-eabi/10.3.1/../../../../arm-none-eabi/lib/thumb/v6-m/nofp/libc.a(lib_a-strlen-stub.o)
                              CMakeFiles/periodic_sampler.dir/Users/tim/Documents/Workspace/pico/pico-sdk/src/rp2_common/pico_stdio/stdio.c.obj (strlen)
/usr/local/Cellar/arm-none-eabi-gcc/10.3-2021.07/gcc/bin/../lib/gcc/arm-none-eabi/10.3.1/../../../../arm-none-eabi/lib/thumb/v6-m/nofp/libc.a(lib_a-freer.o)
                              /usr/local/Cellar/arm-none-eabi-gcc/10.3-2021.07/gcc/bin/../lib/gcc/arm-none-eabi/10.3.1/../../../../arm-none-eabi/lib/thumb/v6-m/nofp/libc.a(lib_a-malloc.o) (_free_r)
/usr/local/Cellar/arm-none-eabi-gcc/10.3-2021.07/gcc/bin/../lib/gcc/arm-none-eabi/10.3.1/../../../../arm-none-eabi/lib/thumb/v6-m/nofp/libc.a(lib_a-lock.o)
[...]
Memory Configuration

Name             Origin             Length             Attributes
FLASH            0x0000000010000000 0x0000000000200000 xr
RAM              0x0000000020000000 0x0000000000040000 xrw
SCRATCH_X        0x0000000020040000 0x0000000000001000 xrw
SCRATCH_Y        0x0000000020041000 0x0000000000001000 xrw
*default*        0x0000000000000000 0xffffffffffffffff

Linker script and memory map

LOAD /usr/local/Cellar/arm-none-eabi-gcc/10.3-2021.07/gcc/bin/../lib/gcc/arm-none-eabi/10.3.1/thumb/v6-m/nofp/crti.o
LOAD /usr/local/Cellar/arm-none-eabi-gcc/10.3-2021.07/gcc/bin/../lib/gcc/arm-none-eabi/10.3.1/thumb/v6-m/nofp/crtbegin.o
LOAD /usr/local/Cellar/arm-none-eabi-gcc/10.3-2021.07/gcc/bin/../lib/gcc/arm-none-eabi/10.3.1/../../../../arm-none-eabi/lib/thumb/v6-m/nofp/crt0.o

.flash_begin    0x0000000010000000        0x0
                0x0000000010000000                __flash_binary_start = .

.boot2          0x0000000010000000      0x100
                0x0000000010000000                __boot2_start__ = .
 *(.boot2)
 .boot2         0x0000000010000000      0x100 /var/folders/mq/pby672116wq5y_qrmsf3r6g40000gn/T//ccqJWjWD.o
                0x0000000010000100                __boot2_end__ = .
                0x0000000000000001                ASSERT (((__boot2_end__ - __boot2_start__) == 0x100), ERROR: Pico second stage bootloader must be 256 bytes in size)

.text           0x0000000010000100     0x5320
                0x0000000010000100                __logical_binary_start = .
 *(.vectors)
 .vectors       0x0000000010000100       0xd4 CMakeFiles/periodic_sampler.dir/Users/tim/Documents/Workspace/pico/pico-sdk/src/rp2_common/pico_standard_link/crt0.S.obj
                0x0000000010000100                __VECTOR_TABLE
                0x0000000010000100                __vectors
                0x00000000100001c0                __default_isrs_start
                0x00000000100001c0                isr_invalid
                0x00000000100001c2                isr_nmi
                0x00000000100001c4                isr_hardfault
                0x00000000100001c6                isr_svcall
                0x00000000100001c8                isr_pendsv
                0x00000000100001ca                isr_systick
                0x00000000100001cc                isr_irq28
                0x00000000100001cc                isr_irq19
                0x00000000100001cc                isr_irq0
                0x00000000100001cc                isr_irq6
                0x00000000100001cc                isr_irq22
                0x00000000100001cc                isr_irq17
                0x00000000100001cc                isr_irq14
                0x00000000100001cc                isr_irq2
                0x00000000100001cc                isr_irq10
                0x00000000100001cc                isr_irq8
                0x00000000100001cc                isr_irq24
                0x00000000100001cc                isr_irq1
                0x00000000100001cc                isr_irq7
                0x00000000100001cc                isr_irq21
                0x00000000100001cc                isr_irq20
                0x00000000100001cc                isr_irq15
                0x00000000100001cc                isr_irq25
                0x00000000100001cc                isr_irq4
                0x00000000100001cc                isr_irq16
                0x00000000100001cc                isr_irq29
                0x00000000100001cc                isr_irq26
                0x00000000100001cc                __default_isrs_end
                0x00000000100001cc                isr_irq3
                0x00000000100001cc                isr_irq9
                0x00000000100001cc                __unhandled_user_irq
                0x00000000100001cc                isr_irq13
                0x00000000100001cc                isr_irq27
                0x00000000100001cc                isr_irq31
                0x00000000100001cc                isr_irq5
                0x00000000100001cc                isr_irq11
                0x00000000100001cc                isr_irq23
                0x00000000100001cc                isr_irq18
                0x00000000100001cc                isr_irq30
                0x00000000100001cc                isr_irq12
                0x00000000100001d2                unhandled_user_irq_num_in_r0
 *(.binary_info_header)
 .binary_info_header
                0x00000000100001d4       0x14 CMakeFiles/periodic_sampler.dir/Users/tim/Documents/Workspace/pico/pico-sdk/src/rp2_common/pico_standard_link/crt0.S.obj
                0x00000000100001e8                __binary_info_header_end = .
 *(.reset)
 .reset         0x00000000100001e8       0xa0 CMakeFiles/periodic_sampler.dir/Users/tim/Documents/Workspace/pico/pico-sdk/src/rp2_common/pico_standard_link/crt0.S.obj
                0x00000000100001e8                _entry_point
 .reset         0x0000000010000288       0x30 CMakeFiles/periodic_sampler.dir/Users/tim/Documents/Workspace/pico/pico-sdk/src/rp2_common/pico_standard_link/binary_info.c.obj
 *(.init)
 .init          0x00000000100002b8        0x4 /usr/local/Cellar/arm-none-eabi-gcc/10.3-2021.07/gcc/bin/../lib/gcc/arm-none-eabi/10.3.1/thumb/v6-m/nofp/crti.o
                0x00000000100002b8                _init
 *(EXCLUDE_FILE(*libm.a: *libc.a:*lib_a-mem*.o *libgcc.a:) .text*)
 .text          0x00000000100002bc       0x48 /usr/local/Cellar/arm-none-eabi-gcc/10.3-2021.07/gcc/bin/../lib/gcc/arm-none-eabi/10.3.1/thumb/v6-m/nofp/crtbegin.o
 .text.timer_callback
                0x0000000010000304       0x34 CMakeFiles/periodic_sampler.dir/periodic_sampler.c.obj
                0x0000000010000304                timer_callback
 .text.startup.main
                0x0000000010000338      0x144 CMakeFiles/periodic_sampler.dir/periodic_sampler.c.obj
                0x0000000010000338                main
 .text.gpio_set_function
                0x000000001000047c       0x30 CMakeFiles/periodic_sampler.dir/Users/tim/Documents/Workspace/pico/pico-sdk/src/rp2_common/hardware_gpio/gpio.c.obj
                0x000000001000047c                gpio_set_function
 .text.running_on_fpga
                0x00000000100004ac       0x10 CMakeFiles/periodic_sampler.dir/Users/tim/Documents/Workspace/pico/pico-sdk/src/rp2_common/pico_platform/platform.c.obj
                0x00000000100004ac                running_on_fpga
 .text.hw_claim_or_assert
                0x00000000100004bc       0x44 CMakeFiles/periodic_sampler.dir/Users/tim/Documents/Workspace/pico/pico-sdk/src/rp2_common/hardware_claim/claim.c.obj
                0x00000000100004bc                hw_claim_or_assert
 .text.spin_locks_reset
                0x0000000010000500       0x1c CMakeFiles/periodic_sampler.dir/Users/tim/Documents/Workspace/pico/pico-sdk/src/rp2_common/hardware_sync/sync.c.obj
                0x0000000010000500                spin_locks_reset
 .text.next_striped_spin_lock_num
                0x000000001000051c       0x18 CMakeFiles/periodic_sampler.dir/Users/tim/Documents/Workspace/pico/pico-sdk/src/rp2_common/hardware_sync/sync.c.obj
                0x000000001000051c                next_striped_spin_lock_num
 .text.irq_set_enabled
                0x0000000010000534       0x24 CMakeFiles/periodic_sampler.dir/Users/tim/Documents/Workspace/pico/pico-sdk/src/rp2_common/hardware_irq/irq.c.obj
                0x0000000010000534                irq_set_enabled
 .text.irq_get_vtable_handler
                0x0000000010000558       0x10 CMakeFiles/periodic_sampler.dir/Users/tim/Documents/Workspace/pico/pico-sdk/src/rp2_common/hardware_irq/irq.c.obj
                0x0000000010000558                irq_get_vtable_handler
 .text.irq_set_exclusive_handler
                0x0000000010000568       0x54 CMakeFiles/periodic_sampler.dir/Users/tim/Documents/Workspace/pico/pico-sdk/src/rp2_common/hardware_irq/irq.c.obj
                0x0000000010000568                irq_set_exclusive_handler
 .text.irq_remove_handler
                0x00000000100005bc      0x1b0 CMakeFiles/periodic_sampler.dir/Users/tim/Documents/Workspace/pico/pico-sdk/src/rp2_common/hardware_irq/irq.c.obj
                0x00000000100005bc                irq_remove_handler
 .text.irq_add_tail_to_free_list
                0x000000001000076c       0xb4 CMakeFiles/periodic_sampler.dir/Users/tim/Documents/Workspace/pico/pico-sdk/src/rp2_common/hardware_irq/irq.c.obj
                0x000000001000076c                irq_add_tail_to_free_list
 .text.irq_init_priorities
                0x0000000010000820       0x24 CMakeFiles/periodic_sampler.dir/Users/tim/Documents/Workspace/pico/pico-sdk/src/rp2_common/hardware_irq/irq.c.obj
                0x0000000010000820                irq_init_priorities
 .text.lock_init
                0x0000000010000844       0x10 CMakeFiles/periodic_sampler.dir/Users/tim/Documents/Workspace/pico/pico-sdk/src/common/pico_sync/lock_core.c.obj
                0x0000000010000844                lock_init
 .text.mutex_init
                0x0000000010000854       0x1c CMakeFiles/periodic_sampler.dir/Users/tim/Documents/Workspace/pico/pico-sdk/src/common/pico_sync/mutex.c.obj
                0x0000000010000854                mutex_init
 .text.recursive_mutex_init
                0x0000000010000870       0x1c CMakeFiles/periodic_sampler.dir/Users/tim/Documents/Workspace/pico/pico-sdk/src/common/pico_sync/mutex.c.obj
                0x0000000010000870                recursive_mutex_init
 .text.timer_pool_entry_comparator
                0x000000001000088c       0x34 CMakeFiles/periodic_sampler.dir/Users/tim/Documents/Workspace/pico/pico-sdk/src/common/pico_time/time.c.obj
                0x000000001000088c                timer_pool_entry_comparator
 .text.repeating_timer_callback
                0x00000000100008c0       0x1c CMakeFiles/periodic_sampler.dir/Users/tim/Documents/Workspace/pico/pico-sdk/src/common/pico_time/time.c.obj
 .text.sleep_until_callback
                0x00000000100008dc       0x30 CMakeFiles/periodic_sampler.dir/Users/tim/Documents/Workspace/pico/pico-sdk/src/common/pico_time/time.c.obj
 .text.add_alarm_under_lock.isra.0
                0x000000001000090c      0x100 CMakeFiles/periodic_sampler.dir/Users/tim/Documents/Workspace/pico/pico-sdk/src/common/pico_time/time.c.obj
 .text.alarm_pool_alarm_callback
                0x0000000010000a0c      0x1bc CMakeFiles/periodic_sampler.dir/Users/tim/Documents/Workspace/pico/pico-sdk/src/common/pico_time/time.c.obj
 .text.alarm_pool_init_default
                0x0000000010000bc8       0x6c CMakeFiles/periodic_sampler.dir/Users/tim/Documents/Workspace/pico/pico-sdk/src/common/pico_time/time.c.obj
                0x0000000010000bc8                alarm_pool_init_default
 .text.alarm_pool_get_default
                0x0000000010000c34        0x8 CMakeFiles/periodic_sampler.dir/Users/tim/Documents/Workspace/pico/pico-sdk/src/common/pico_time/time.c.obj
                0x0000000010000c34                alarm_pool_get_default
 .text.alarm_pool_add_alarm_at
                0x0000000010000c3c      0x178 CMakeFiles/periodic_sampler.dir/Users/tim/Documents/Workspace/pico/pico-sdk/src/common/pico_time/time.c.obj
                0x0000000010000c3c                alarm_pool_add_alarm_at
 .text.alarm_pool_add_repeating_timer_us
                0x0000000010000db4      0x208 CMakeFiles/periodic_sampler.dir/Users/tim/Documents/Workspace/pico/pico-sdk/src/common/pico_time/time.c.obj
                0x0000000010000db4                alarm_pool_add_repeating_timer_us
 .text.cancel_repeating_timer
                0x0000000010000fbc       0x8c CMakeFiles/periodic_sampler.dir/Users/tim/Documents/Workspace/pico/pico-sdk/src/common/pico_time/time.c.obj
                0x0000000010000fbc                cancel_repeating_timer
 .text.sleep_until
                0x0000000010001048       0xc4 CMakeFiles/periodic_sampler.dir/Users/tim/Documents/Workspace/pico/pico-sdk/src/common/pico_time/time.c.obj
                0x0000000010001048                sleep_until
 .text.sleep_us
                0x000000001000110c       0x24 CMakeFiles/periodic_sampler.dir/Users/tim/Documents/Workspace/pico/pico-sdk/src/common/pico_time/time.c.obj
                0x000000001000110c                sleep_us
 .text.best_effort_wfe_or_timeout
                0x0000000010001130       0xd4 CMakeFiles/periodic_sampler.dir/Users/tim/Documents/Workspace/pico/pico-sdk/src/common/pico_time/time.c.obj
                0x0000000010001130                best_effort_wfe_or_timeout
 .text.hardware_alarm_irq_handler
                0x0000000010001204       0xbc CMakeFiles/periodic_sampler.dir/Users/tim/Documents/Workspace/pico/pico-sdk/src/rp2_common/hardware_timer/timer.c.obj
 .text.hardware_alarm_claim
                0x00000000100012c0       0x18 CMakeFiles/periodic_sampler.dir/Users/tim/Documents/Workspace/pico/pico-sdk/src/rp2_common/hardware_timer/timer.c.obj
                0x00000000100012c0                hardware_alarm_claim
 .text.time_us_64
                0x00000000100012d8       0x14 CMakeFiles/periodic_sampler.dir/Users/tim/Documents/Workspace/pico/pico-sdk/src/rp2_common/hardware_timer/timer.c.obj
                0x00000000100012d8                time_us_64
 .text.busy_wait_us
                0x00000000100012ec       0x54 CMakeFiles/periodic_sampler.dir/Users/tim/Documents/Workspace/pico/pico-sdk/src/rp2_common/hardware_timer/timer.c.obj
                0x00000000100012ec                busy_wait_us
 .text.busy_wait_until
                0x0000000010001340       0x20 CMakeFiles/periodic_sampler.dir/Users/tim/Documents/Workspace/pico/pico-sdk/src/rp2_common/hardware_timer/timer.c.obj
                0x0000000010001340                busy_wait_until
 .text.hardware_alarm_set_callback
                0x0000000010001360       0x8c CMakeFiles/periodic_sampler.dir/Users/tim/Documents/Workspace/pico/pico-sdk/src/rp2_common/hardware_timer/timer.c.obj
                0x0000000010001360                hardware_alarm_set_callback
 .text.hardware_alarm_set_target
                0x00000000100013ec       0xd4 CMakeFiles/periodic_sampler.dir/Users/tim/Documents/Workspace/pico/pico-sdk/src/rp2_common/hardware_timer/timer.c.obj
                0x00000000100013ec                hardware_alarm_set_target
 .text.hardware_alarm_cancel
                0x00000000100014c0       0x3c CMakeFiles/periodic_sampler.dir/Users/tim/Documents/Workspace/pico/pico-sdk/src/rp2_common/hardware_timer/timer.c.obj
                0x00000000100014c0                hardware_alarm_cancel
 .text.ph_merge_nodes
                0x00000000100014fc       0x68 CMakeFiles/periodic_sampler.dir/Users/tim/Documents/Workspace/pico/pico-sdk/src/common/pico_util/pheap.c.obj
 .text.ph_post_alloc_init
                0x0000000010001564       0x3c CMakeFiles/periodic_sampler.dir/Users/tim/Documents/Workspace/pico/pico-sdk/src/common/pico_util/pheap.c.obj
                0x0000000010001564                ph_post_alloc_init
 .text.ph_merge_two_pass
                0x00000000100015a0       0x90 CMakeFiles/periodic_sampler.dir/Users/tim/Documents/Workspace/pico/pico-sdk/src/common/pico_util/pheap.c.obj
                0x00000000100015a0                ph_merge_two_pass
 .text.ph_remove_any_head
                0x0000000010001630      0x100 CMakeFiles/periodic_sampler.dir/Users/tim/Documents/Workspace/pico/pico-sdk/src/common/pico_util/pheap.c.obj
 .text.ph_remove_head
                0x0000000010001730      0x104 CMakeFiles/periodic_sampler.dir/Users/tim/Documents/Workspace/pico/pico-sdk/src/common/pico_util/pheap.c.obj
                0x0000000010001730                ph_remove_head
 .text.ph_remove_and_free_node
                0x0000000010001834       0x7c CMakeFiles/periodic_sampler.dir/Users/tim/Documents/Workspace/pico/pico-sdk/src/common/pico_util/pheap.c.obj
                0x0000000010001834                ph_remove_and_free_node
 .text.queue_init_with_spinlock
                0x00000000100018b0       0x24 CMakeFiles/periodic_sampler.dir/Users/tim/Documents/Workspace/pico/pico-sdk/src/common/pico_util/queue.c.obj
                0x00000000100018b0                queue_init_with_spinlock
 .text.queue_free
                0x00000000100018d4        0xc CMakeFiles/periodic_sampler.dir/Users/tim/Documents/Workspace/pico/pico-sdk/src/common/pico_util/queue.c.obj
                0x00000000100018d4                queue_free
 .text.queue_try_add
                0x00000000100018e0       0x70 CMakeFiles/periodic_sampler.dir/Users/tim/Documents/Workspace/pico/pico-sdk/src/common/pico_util/queue.c.obj
                0x00000000100018e0                queue_try_add
 .text.queue_try_remove
                0x0000000010001950       0x70 CMakeFiles/periodic_sampler.dir/Users/tim/Documents/Workspace/pico/pico-sdk/src/common/pico_util/queue.c.obj
                0x0000000010001950                queue_try_remove
 .text.queue_remove_blocking
                0x00000000100019c0       0x74 CMakeFiles/periodic_sampler.dir/Users/tim/Documents/Workspace/pico/pico-sdk/src/common/pico_util/queue.c.obj
                0x00000000100019c0                queue_remove_blocking
 .text.uart_init
                0x0000000010001a34      0x188 CMakeFiles/periodic_sampler.dir/Users/tim/Documents/Workspace/pico/pico-sdk/src/rp2_common/hardware_uart/uart.c.obj
                0x0000000010001a34                uart_init
 .text.clocks_init
                0x0000000010001bbc      0x2d0 CMakeFiles/periodic_sampler.dir/Users/tim/Documents/Workspace/pico/pico-sdk/src/rp2_common/hardware_clocks/clocks.c.obj
                0x0000000010001bbc                clocks_init
 .text.clock_get_hz
                0x0000000010001e8c        0xc CMakeFiles/periodic_sampler.dir/Users/tim/Documents/Workspace/pico/pico-sdk/src/rp2_common/hardware_clocks/clocks.c.obj
                0x0000000010001e8c                clock_get_hz
 .text.pll_init
                0x0000000010001e98       0xa0 CMakeFiles/periodic_sampler.dir/Users/tim/Documents/Workspace/pico/pico-sdk/src/rp2_common/hardware_pll/pll.c.obj
                0x0000000010001e98                pll_init
 .text.watchdog_start_tick
                0x0000000010001f38       0x10 CMakeFiles/periodic_sampler.dir/Users/tim/Documents/Workspace/pico/pico-sdk/src/rp2_common/hardware_watchdog/watchdog.c.obj
                0x0000000010001f38                watchdog_start_tick
 .text.xosc_init
                0x0000000010001f48       0x28 CMakeFiles/periodic_sampler.dir/Users/tim/Documents/Workspace/pico/pico-sdk/src/rp2_common/hardware_xosc/xosc.c.obj
                0x0000000010001f48                xosc_init
 .text.runtime_init
                0x0000000010001f70       0xf0 CMakeFiles/periodic_sampler.dir/Users/tim/Documents/Workspace/pico/pico-sdk/src/rp2_common/pico_runtime/runtime.c.obj
                0x0000000010001f70                runtime_init
 .text._exit    0x0000000010002060        0x4 CMakeFiles/periodic_sampler.dir/Users/tim/Documents/Workspace/pico/pico-sdk/src/rp2_common/pico_runtime/runtime.c.obj
                0x0000000010002060                _exit
 .text._sbrk    0x0000000010002064       0x34 CMakeFiles/periodic_sampler.dir/Users/tim/Documents/Workspace/pico/pico-sdk/src/rp2_common/pico_runtime/runtime.c.obj
                0x0000000010002064                _sbrk
 .text.exit     0x0000000010002098        0x8 CMakeFiles/periodic_sampler.dir/Users/tim/Documents/Workspace/pico/pico-sdk/src/rp2_common/pico_runtime/runtime.c.obj
                0x0000000010002098                exit
 .text.panic    0x00000000100020a0       0x30 CMakeFiles/periodic_sampler.dir/Users/tim/Documents/Workspace/pico/pico-sdk/src/rp2_common/pico_runtime/runtime.c.obj
                0x00000000100020a0                panic
 .text.hard_assertion_failure
                0x00000000100020d0        0xc CMakeFiles/periodic_sampler.dir/Users/tim/Documents/Workspace/pico/pico-sdk/src/rp2_common/pico_runtime/runtime.c.obj
                0x00000000100020d0                hard_assertion_failure
 .text._out_null
                0x00000000100020dc        0x4 CMakeFiles/periodic_sampler.dir/Users/tim/Documents/Workspace/pico/pico-sdk/src/rp2_common/pico_printf/printf.c.obj
 .text._out_rev
                0x00000000100020e0       0x9c CMakeFiles/periodic_sampler.dir/Users/tim/Documents/Workspace/pico/pico-sdk/src/rp2_common/pico_printf/printf.c.obj
 .text._ntoa_format
                0x000000001000217c      0x1cc CMakeFiles/periodic_sampler.dir/Users/tim/Documents/Workspace/pico/pico-sdk/src/rp2_common/pico_printf/printf.c.obj
 .text._out_char
                0x0000000010002348       0x10 CMakeFiles/periodic_sampler.dir/Users/tim/Documents/Workspace/pico/pico-sdk/src/rp2_common/pico_printf/printf.c.obj
 .text._out_fct
                0x0000000010002358       0x10 CMakeFiles/periodic_sampler.dir/Users/tim/Documents/Workspace/pico/pico-sdk/src/rp2_common/pico_printf/printf.c.obj
 .text._etoa    0x0000000010002368      0x44c CMakeFiles/periodic_sampler.dir/Users/tim/Documents/Workspace/pico/pico-sdk/src/rp2_common/pico_printf/printf.c.obj
 .text._ftoa    0x00000000100027b4      0x398 CMakeFiles/periodic_sampler.dir/Users/tim/Documents/Workspace/pico/pico-sdk/src/rp2_common/pico_printf/printf.c.obj
 .text._vsnprintf
                0x0000000010002b4c      0xb04 CMakeFiles/periodic_sampler.dir/Users/tim/Documents/Workspace/pico/pico-sdk/src/rp2_common/pico_printf/printf.c.obj
 .text.vfctprintf
                0x0000000010003650       0x20 CMakeFiles/periodic_sampler.dir/Users/tim/Documents/Workspace/pico/pico-sdk/src/rp2_common/pico_printf/printf.c.obj
                0x0000000010003650                vfctprintf
 .text.weak_raw_vprintf
                0x0000000010003670       0x30 CMakeFiles/periodic_sampler.dir/Users/tim/Documents/Workspace/pico/pico-sdk/src/rp2_common/pico_printf/printf.c.obj
                0x0000000010003670                weak_raw_vprintf
 .text          0x00000000100036a0       0x10 CMakeFiles/periodic_sampler.dir/Users/tim/Documents/Workspace/pico/pico-sdk/src/rp2_common/pico_bit_ops/bit_ops_aeabi.S.obj
 .text.rom_func_lookup
                0x00000000100036b0       0x10 CMakeFiles/periodic_sampler.dir/Users/tim/Documents/Workspace/pico/pico-sdk/src/rp2_common/pico_bootrom/bootrom.c.obj
                0x00000000100036b0                rom_func_lookup
 .text.rom_data_lookup
                0x00000000100036c0       0x10 CMakeFiles/periodic_sampler.dir/Users/tim/Documents/Workspace/pico/pico-sdk/src/rp2_common/pico_bootrom/bootrom.c.obj
                0x00000000100036c0                rom_data_lookup
 .text.rom_funcs_lookup
                0x00000000100036d0       0x44 CMakeFiles/periodic_sampler.dir/Users/tim/Documents/Workspace/pico/pico-sdk/src/rp2_common/pico_bootrom/bootrom.c.obj
                0x00000000100036d0                rom_funcs_lookup
 .text.__wrap___aeabi_idiv
                0x0000000010003714       0x50 CMakeFiles/periodic_sampler.dir/Users/tim/Documents/Workspace/pico/pico-sdk/src/rp2_common/pico_divider/divider.S.obj
                0x0000000010003714                __wrap___aeabi_idivmod
                0x0000000010003714                divmod_s32s32
                0x0000000010003714                div_s32s32
                0x0000000010003714                __wrap___aeabi_idiv
                0x000000001000371c                divmod_s32s32_unsafe
                0x0000000010003748                divmod_s32s32_savestate
 .text.__wrap___aeabi_uidiv
                0x0000000010003764       0x4c CMakeFiles/periodic_sampler.dir/Users/tim/Documents/Workspace/pico/pico-sdk/src/rp2_common/pico_divider/divider.S.obj
                0x0000000010003764                __wrap___aeabi_uidiv
                0x0000000010003764                __wrap___aeabi_uidivmod
                0x0000000010003764                div_u32u32
                0x0000000010003764                divmod_u32u32
                0x000000001000376c                divmod_u32u32_unsafe
                0x0000000010003794                divmod_u32u32_savestate
 .text.__wrap___aeabi_ldiv
                0x00000000100037b0      0x424 CMakeFiles/periodic_sampler.dir/Users/tim/Documents/Workspace/pico/pico-sdk/src/rp2_common/pico_divider/divider.S.obj
                0x00000000100037b0                __wrap___aeabi_ldivmod
                0x00000000100037b0                div_s64s64
                0x00000000100037b0                divmod_s64s64
                0x00000000100037e0                divmod_u64u64
                0x00000000100037e0                div_u64u64
                0x00000000100037e0                __wrap___aeabi_uldivmod
                0x00000000100037f0                divmod_u64u64_savestate
                0x0000000010003810                divmod_s64s64_unsafe
                0x0000000010003898                divmod_u64u64_unsafe
 .text.__wrap___aeabi_darithmetic
                0x0000000010003bd4       0x80 CMakeFiles/periodic_sampler.dir/Users/tim/Documents/Workspace/pico/pico-sdk/src/rp2_common/pico_double/double_aeabi.S.obj
                0x0000000010003bd4                __wrap___aeabi_drsub
                0x0000000010003bda                __wrap___aeabi_dsub
                0x0000000010003bec                __wrap___aeabi_dadd
                0x0000000010003bfe                __wrap___aeabi_ddiv
                0x0000000010003c3a                __wrap___aeabi_dmul
 .text.__wrap___aeabi_cdcmple
                0x0000000010003c54       0x6c CMakeFiles/periodic_sampler.dir/Users/tim/Documents/Workspace/pico/pico-sdk/src/rp2_common/pico_double/double_aeabi.S.obj
                0x0000000010003c54                __wrap___aeabi_cdrcmple
                0x0000000010003c64                __wrap___aeabi_cdcmple
                0x0000000010003c64                __wrap___aeabi_cdcmpeq
 .text.__wrap___aeabi_dcmplt
                0x0000000010003cc0        0xc CMakeFiles/periodic_sampler.dir/Users/tim/Documents/Workspace/pico/pico-sdk/src/rp2_common/pico_double/double_aeabi.S.obj
                0x0000000010003cc0                __wrap___aeabi_dcmplt
 .text.__wrap___aeabi_dcmple
                0x0000000010003ccc       0x10 CMakeFiles/periodic_sampler.dir/Users/tim/Documents/Workspace/pico/pico-sdk/src/rp2_common/pico_double/double_aeabi.S.obj
                0x0000000010003ccc                __wrap___aeabi_dcmple
 .text.__wrap___aeabi_dcmpge
                0x0000000010003cdc       0x10 CMakeFiles/periodic_sampler.dir/Users/tim/Documents/Workspace/pico/pico-sdk/src/rp2_common/pico_double/double_aeabi.S.obj
                0x0000000010003cdc                __wrap___aeabi_dcmpge
 .text.__wrap___aeabi_dcmpgt
                0x0000000010003cec        0xa CMakeFiles/periodic_sampler.dir/Users/tim/Documents/Workspace/pico/pico-sdk/src/rp2_common/pico_double/double_aeabi.S.obj
                0x0000000010003cec                __wrap___aeabi_dcmpgt
 .text.__wrap___aeabi_dcmpun
                0x0000000010003cf6       0x1c CMakeFiles/periodic_sampler.dir/Users/tim/Documents/Workspace/pico/pico-sdk/src/rp2_common/pico_double/double_aeabi.S.obj
                0x0000000010003cf6                __wrap___aeabi_dcmpun
 *fill*         0x0000000010003d12        0x2 
 .text.__wrap___aeabi_i2d
                0x0000000010003d14       0x38 CMakeFiles/periodic_sampler.dir/Users/tim/Documents/Workspace/pico/pico-sdk/src/rp2_common/pico_double/double_aeabi.S.obj
                0x0000000010003d14                __wrap___aeabi_ui2d
                0x0000000010003d1c                __wrap___aeabi_i2d
 .text.__wrap___aeabi_d2iz
                0x0000000010003d4c       0x48 CMakeFiles/periodic_sampler.dir/Users/tim/Documents/Workspace/pico/pico-sdk/src/rp2_common/pico_double/double_aeabi.S.obj
                0x0000000010003d4c                __wrap___aeabi_d2iz
                0x0000000010003d4c                double2int_z
 .text.__wrap___aeabi_d2uiz
                0x0000000010003d94       0x18 CMakeFiles/periodic_sampler.dir/Users/tim/Documents/Workspace/pico/pico-sdk/src/rp2_common/pico_double/double_aeabi.S.obj
                0x0000000010003d94                double2uint
                0x0000000010003d94                __wrap___aeabi_d2uiz
 .text.__aeabi_double_init
                0x0000000010003dac       0x94 CMakeFiles/periodic_sampler.dir/Users/tim/Documents/Workspace/pico/pico-sdk/src/rp2_common/pico_double/double_init_rom.c.obj
                0x0000000010003dac                __aeabi_double_init
 .text.double_table_shim_on_use_helper
                0x0000000010003e40       0x2c CMakeFiles/periodic_sampler.dir/Users/tim/Documents/Workspace/pico/pico-sdk/src/rp2_common/pico_double/double_v1_rom_shim.S.obj
                0x0000000010003e40                double_table_shim_on_use_helper
 .text.__wrap___aeabi_dsub
                0x0000000010003e6c       0x10 CMakeFiles/periodic_sampler.dir/Users/tim/Documents/Workspace/pico/pico-sdk/src/rp2_common/pico_double/double_v1_rom_shim.S.obj
                0x0000000010003e6c                drsub_shim
                0x0000000010003e72                dsub_shim
 .text.dadd_shim
                0x0000000010003e7c      0x15c CMakeFiles/periodic_sampler.dir/Users/tim/Documents/Workspace/pico/pico-sdk/src/rp2_common/pico_double/double_v1_rom_shim.S.obj
                0x0000000010003e7c                dadd_shim
 .text.dmul_shim
                0x0000000010003fd8      0x15c CMakeFiles/periodic_sampler.dir/Users/tim/Documents/Workspace/pico/pico-sdk/src/rp2_common/pico_double/double_v1_rom_shim.S.obj
                0x0000000010003fd8                dmul_shim
 .text.ddiv_shim
                0x0000000010004134      0x1b0 CMakeFiles/periodic_sampler.dir/Users/tim/Documents/Workspace/pico/pico-sdk/src/rp2_common/pico_double/double_v1_rom_shim.S.obj
                0x0000000010004134                ddiv_shim
 .text.double2uint_shim
                0x00000000100042e4        0xe CMakeFiles/periodic_sampler.dir/Users/tim/Documents/Workspace/pico/pico-sdk/src/rp2_common/pico_double/double_v1_rom_shim.S.obj
                0x00000000100042e4                double2uint_shim
                0x00000000100042e6                double2ufix_shim
 *fill*         0x00000000100042f2        0x2 
 .text.double2uint64_shim
                0x00000000100042f4       0x70 CMakeFiles/periodic_sampler.dir/Users/tim/Documents/Workspace/pico/pico-sdk/src/rp2_common/pico_double/double_v1_rom_shim.S.obj
                0x00000000100042f4                double2uint64_shim
                0x00000000100042f6                double2ufix64_shim
                0x0000000010004316                d2fix_a
 .text.dunpacks
                0x0000000010004364       0x3c CMakeFiles/periodic_sampler.dir/Users/tim/Documents/Workspace/pico/pico-sdk/src/rp2_common/pico_double/double_v1_rom_shim.S.obj
                0x0000000010004364                dunpacks
 .text.__aeabi_float_init
                0x00000000100043a0       0x64 CMakeFiles/periodic_sampler.dir/Users/tim/Documents/Workspace/pico/pico-sdk/src/rp2_common/pico_float/float_init_rom.c.obj
                0x00000000100043a0                __aeabi_float_init
 .text.float_table_shim_on_use_helper
                0x0000000010004404       0x2c CMakeFiles/periodic_sampler.dir/Users/tim/Documents/Workspace/pico/pico-sdk/src/rp2_common/pico_float/float_v1_rom_shim.S.obj
                0x0000000010004404                float_table_shim_on_use_helper
 .text.__wrap_calloc
                0x0000000010004430       0x24 CMakeFiles/periodic_sampler.dir/Users/tim/Documents/Workspace/pico/pico-sdk/src/rp2_common/pico_malloc/pico_malloc.c.obj
                0x0000000010004430                __wrap_calloc
 .text.__wrap_free
                0x0000000010004454        0x8 CMakeFiles/periodic_sampler.dir/Users/tim/Documents/Workspace/pico/pico-sdk/src/rp2_common/pico_malloc/pico_malloc.c.obj
                0x0000000010004454                __wrap_free
 .text          0x000000001000445c       0x10 CMakeFiles/periodic_sampler.dir/Users/tim/Documents/Workspace/pico/pico-sdk/src/rp2_common/pico_mem_ops/mem_ops_aeabi.S.obj
                0x000000001000445c                __aeabi_mem_init
 .text.memset   0x000000001000446c        0xc CMakeFiles/periodic_sampler.dir/Users/tim/Documents/Workspace/pico/pico-sdk/src/rp2_common/pico_mem_ops/mem_ops_aeabi.S.obj
                0x000000001000446c                __wrap_memset
 .text.memcpy   0x0000000010004478        0xc CMakeFiles/periodic_sampler.dir/Users/tim/Documents/Workspace/pico/pico-sdk/src/rp2_common/pico_mem_ops/mem_ops_aeabi.S.obj
                0x0000000010004478                __wrap___aeabi_memcpy
                0x0000000010004478                __wrap_memcpy
 .text.stdio_out_chars_no_crlf
                0x0000000010004484       0x10 CMakeFiles/periodic_sampler.dir/Users/tim/Documents/Workspace/pico/pico-sdk/src/rp2_common/pico_stdio/stdio.c.obj
 .text.stdio_out_chars_crlf
                0x0000000010004494       0xb4 CMakeFiles/periodic_sampler.dir/Users/tim/Documents/Workspace/pico/pico-sdk/src/rp2_common/pico_stdio/stdio.c.obj
 .text.stdio_buffered_printer
                0x0000000010004548       0x64 CMakeFiles/periodic_sampler.dir/Users/tim/Documents/Workspace/pico/pico-sdk/src/rp2_common/pico_stdio/stdio.c.obj
 .text.stdio_put_string.isra.0
                0x00000000100045ac       0xfc CMakeFiles/periodic_sampler.dir/Users/tim/Documents/Workspace/pico/pico-sdk/src/rp2_common/pico_stdio/stdio.c.obj
 .text.__wrap_putchar
                0x00000000100046a8       0x98 CMakeFiles/periodic_sampler.dir/Users/tim/Documents/Workspace/pico/pico-sdk/src/rp2_common/pico_stdio/stdio.c.obj
                0x00000000100046a8                __wrap_putchar
 .text.__wrap_puts
                0x0000000010004740       0x3c CMakeFiles/periodic_sampler.dir/Users/tim/Documents/Workspace/pico/pico-sdk/src/rp2_common/pico_stdio/stdio.c.obj
                0x0000000010004740                __wrap_puts
 .text.stdio_set_driver_enabled
                0x000000001000477c       0x30 CMakeFiles/periodic_sampler.dir/Users/tim/Documents/Workspace/pico/pico-sdk/src/rp2_common/pico_stdio/stdio.c.obj
                0x000000001000477c                stdio_set_driver_enabled
 .text.__wrap_vprintf
                0x00000000100047ac       0xd8 CMakeFiles/periodic_sampler.dir/Users/tim/Documents/Workspace/pico/pico-sdk/src/rp2_common/pico_stdio/stdio.c.obj
                0x00000000100047ac                __wrap_vprintf
 .text.__wrap_printf
                0x0000000010004884       0x18 CMakeFiles/periodic_sampler.dir/Users/tim/Documents/Workspace/pico/pico-sdk/src/rp2_common/pico_stdio/stdio.c.obj
                0x0000000010004884                __wrap_printf
 .text.stdio_init_all
                0x000000001000489c       0x14 CMakeFiles/periodic_sampler.dir/Users/tim/Documents/Workspace/pico/pico-sdk/src/rp2_common/pico_stdio/stdio.c.obj
                0x000000001000489c                stdio_init_all
 .text.stdio_uart_out_chars
                0x00000000100048b0       0x4c CMakeFiles/periodic_sampler.dir/Users/tim/Documents/Workspace/pico/pico-sdk/src/rp2_common/pico_stdio_uart/stdio_uart.c.obj
 .text.stdio_uart_in_chars
                0x00000000100048fc       0x84 CMakeFiles/periodic_sampler.dir/Users/tim/Documents/Workspace/pico/pico-sdk/src/rp2_common/pico_stdio_uart/stdio_uart.c.obj
                0x00000000100048fc                stdio_uart_in_chars
 .text.on_uart_rx
                0x0000000010004980       0x28 CMakeFiles/periodic_sampler.dir/Users/tim/Documents/Workspace/pico/pico-sdk/src/rp2_common/pico_stdio_uart/stdio_uart.c.obj
 .text.stdio_uart_set_chars_available_callback
                0x00000000100049a8       0x8c CMakeFiles/periodic_sampler.dir/Users/tim/Documents/Workspace/pico/pico-sdk/src/rp2_common/pico_stdio_uart/stdio_uart.c.obj
 .text.stdio_uart_init
                0x0000000010004a34       0x48 CMakeFiles/periodic_sampler.dir/Users/tim/Documents/Workspace/pico/pico-sdk/src/rp2_common/pico_stdio_uart/stdio_uart.c.obj
                0x0000000010004a34                stdio_uart_init
 .text.calloc   0x0000000010004a7c       0x18 /usr/local/Cellar/arm-none-eabi-gcc/10.3-2021.07/gcc/bin/../lib/gcc/arm-none-eabi/10.3.1/../../../../arm-none-eabi/lib/thumb/v6-m/nofp/libc.a(lib_a-calloc.o)
                0x0000000010004a7c                calloc
 .text._calloc_r
                0x0000000010004a94       0x9c /usr/local/Cellar/arm-none-eabi-gcc/10.3-2021.07/gcc/bin/../lib/gcc/arm-none-eabi/10.3.1/../../../../arm-none-eabi/lib/thumb/v6-m/nofp/libc.a(lib_a-callocr.o)
                0x0000000010004a94                _calloc_r
 .text.__errno  0x0000000010004b30        0xc /usr/local/Cellar/arm-none-eabi-gcc/10.3-2021.07/gcc/bin/../lib/gcc/arm-none-eabi/10.3.1/../../../../arm-none-eabi/lib/thumb/v6-m/nofp/libc.a(lib_a-errno.o)
                0x0000000010004b30                __errno
 .text.free     0x0000000010004b3c       0x14 /usr/local/Cellar/arm-none-eabi-gcc/10.3-2021.07/gcc/bin/../lib/gcc/arm-none-eabi/10.3.1/../../../../arm-none-eabi/lib/thumb/v6-m/nofp/libc.a(lib_a-malloc.o)
                0x0000000010004b3c                free
 .text._malloc_r
                0x0000000010004b50      0x584 /usr/local/Cellar/arm-none-eabi-gcc/10.3-2021.07/gcc/bin/../lib/gcc/arm-none-eabi/10.3.1/../../../../arm-none-eabi/lib/thumb/v6-m/nofp/libc.a(lib_a-mallocr.o)
                0x0000000010004b50                _malloc_r
 .text.__malloc_lock
                0x00000000100050d4       0x10 /usr/local/Cellar/arm-none-eabi-gcc/10.3-2021.07/gcc/bin/../lib/gcc/arm-none-eabi/10.3.1/../../../../arm-none-eabi/lib/thumb/v6-m/nofp/libc.a(lib_a-mlock.o)
                0x00000000100050d4                __malloc_lock
 .text.__malloc_unlock
                0x00000000100050e4       0x10 /usr/local/Cellar/arm-none-eabi-gcc/10.3-2021.07/gcc/bin/../lib/gcc/arm-none-eabi/10.3.1/../../../../arm-none-eabi/lib/thumb/v6-m/nofp/libc.a(lib_a-mlock.o)
                0x00000000100050e4                __malloc_unlock
 .text._sbrk_r  0x00000000100050f4       0x24 /usr/local/Cellar/arm-none-eabi-gcc/10.3-2021.07/gcc/bin/../lib/gcc/arm-none-eabi/10.3.1/../../../../arm-none-eabi/lib/thumb/v6-m/nofp/libc.a(lib_a-sbrkr.o)
                0x00000000100050f4                _sbrk_r
 .text.strlen   0x0000000010005118       0x5c /usr/local/Cellar/arm-none-eabi-gcc/10.3-2021.07/gcc/bin/../lib/gcc/arm-none-eabi/10.3.1/../../../../arm-none-eabi/lib/thumb/v6-m/nofp/libc.a(lib_a-strlen-stub.o)
                0x0000000010005118                strlen
 .text._malloc_trim_r
                0x0000000010005174       0x9c /usr/local/Cellar/arm-none-eabi-gcc/10.3-2021.07/gcc/bin/../lib/gcc/arm-none-eabi/10.3.1/../../../../arm-none-eabi/lib/thumb/v6-m/nofp/libc.a(lib_a-freer.o)
                0x0000000010005174                _malloc_trim_r
 .text._free_r  0x0000000010005210      0x1c4 /usr/local/Cellar/arm-none-eabi-gcc/10.3-2021.07/gcc/bin/../lib/gcc/arm-none-eabi/10.3.1/../../../../arm-none-eabi/lib/thumb/v6-m/nofp/libc.a(lib_a-freer.o)
                0x0000000010005210                _free_r
 .text.__retarget_lock_acquire_recursive
                0x00000000100053d4        0x4 /usr/local/Cellar/arm-none-eabi-gcc/10.3-2021.07/gcc/bin/../lib/gcc/arm-none-eabi/10.3.1/../../../../arm-none-eabi/lib/thumb/v6-m/nofp/libc.a(lib_a-lock.o)
                0x00000000100053d4                __retarget_lock_acquire_recursive
 .text.__retarget_lock_release_recursive
                0x00000000100053d8        0x4 /usr/local/Cellar/arm-none-eabi-gcc/10.3-2021.07/gcc/bin/../lib/gcc/arm-none-eabi/10.3.1/../../../../arm-none-eabi/lib/thumb/v6-m/nofp/libc.a(lib_a-lock.o)
                0x00000000100053d8                __retarget_lock_release_recursive
 *(.fini)
 .fini          0x00000000100053dc        0x4 /usr/local/Cellar/arm-none-eabi-gcc/10.3-2021.07/gcc/bin/../lib/gcc/arm-none-eabi/10.3.1/thumb/v6-m/nofp/crti.o
                0x00000000100053dc                _fini
 .fini.__stub   0x00000000100053e0       0x40 linker stubs
 *crtbegin.o(.ctors)
 *crtbegin?.o(.ctors)
 *(EXCLUDE_FILE(*crtend.o *crtend?.o) .ctors)
 *(SORT_BY_NAME(.ctors.*))
 *(.ctors)
 *crtbegin.o(.dtors)
 *crtbegin?.o(.dtors)
 *(EXCLUDE_FILE(*crtend.o *crtend?.o) .dtors)
 *(SORT_BY_NAME(.dtors.*))
 *(.dtors)
 *(.eh_frame*)
 .eh_frame      0x0000000010005420        0x0 /usr/local/Cellar/arm-none-eabi-gcc/10.3-2021.07/gcc/bin/../lib/gcc/arm-none-eabi/10.3.1/thumb/v6-m/nofp/crtbegin.o
                0x0000000010005420                . = ALIGN (0x4)

.glue_7         0x0000000010005420        0x0
 .glue_7        0x0000000010005420        0x0 linker stubs

.glue_7t        0x0000000010005420        0x0
 .glue_7t       0x0000000010005420        0x0 linker stubs

.vfp11_veneer   0x0000000010005420        0x0
 .vfp11_veneer  0x0000000010005420        0x0 linker stubs

.v4_bx          0x0000000010005420        0x0
 .v4_bx         0x0000000010005420        0x0 linker stubs

.iplt           0x0000000010005420        0x0
 .iplt          0x0000000010005420        0x0 /usr/local/Cellar/arm-none-eabi-gcc/10.3-2021.07/gcc/bin/../lib/gcc/arm-none-eabi/10.3.1/thumb/v6-m/nofp/crtbegin.o

.rodata         0x0000000010005420      0x414
 *(EXCLUDE_FILE(*libm.a: *libc.a:*lib_a-mem*.o *libgcc.a:) .rodata*)
 .rodata.timer_callback.str1.4
                0x0000000010005420        0xe CMakeFiles/periodic_sampler.dir/periodic_sampler.c.obj
 *fill*         0x000000001000542e        0x2 
 .rodata.main.str1.4
                0x0000000010005430       0x59 CMakeFiles/periodic_sampler.dir/periodic_sampler.c.obj
 *fill*         0x0000000010005489        0x3 
 .rodata.hardware_alarm_claim.str1.4
                0x000000001000548c       0x22 CMakeFiles/periodic_sampler.dir/Users/tim/Documents/Workspace/pico/pico-sdk/src/rp2_common/hardware_timer/timer.c.obj
 *fill*         0x00000000100054ae        0x2 
 .rodata.panic.str1.4
                0x00000000100054b0       0x10 CMakeFiles/periodic_sampler.dir/Users/tim/Documents/Workspace/pico/pico-sdk/src/rp2_common/pico_runtime/runtime.c.obj
                                         0x12 (size before relaxing)
 .rodata.hard_assertion_failure.str1.4
                0x00000000100054c0        0xc CMakeFiles/periodic_sampler.dir/Users/tim/Documents/Workspace/pico/pico-sdk/src/rp2_common/pico_runtime/runtime.c.obj
 .rodata._ftoa.str1.4
                0x00000000100054cc       0x15 CMakeFiles/periodic_sampler.dir/Users/tim/Documents/Workspace/pico/pico-sdk/src/rp2_common/pico_printf/printf.c.obj
 *fill*         0x00000000100054e1        0x3 
 .rodata._vsnprintf
                0x00000000100054e4      0x1e0 CMakeFiles/periodic_sampler.dir/Users/tim/Documents/Workspace/pico/pico-sdk/src/rp2_common/pico_printf/printf.c.obj
 *fill*         0x00000000100056c4        0x4 
 .rodata.pow10.0
                0x00000000100056c8       0x50 CMakeFiles/periodic_sampler.dir/Users/tim/Documents/Workspace/pico/pico-sdk/src/rp2_common/pico_printf/printf.c.obj
 .rodata.__wrap_malloc.str1.4
                0x0000000010005718        0xe CMakeFiles/periodic_sampler.dir/Users/tim/Documents/Workspace/pico/pico-sdk/src/rp2_common/pico_malloc/pico_malloc.c.obj
 *fill*         0x0000000010005726        0x2 
 .rodata.str1.4
                0x0000000010005728       0x98 CMakeFiles/periodic_sampler.dir/Users/tim/Documents/Workspace/pico/pico-sdk/src/rp2_common/pico_standard_link/binary_info.c.obj
 .rodata.__bi_44
                0x00000000100057c0        0xc CMakeFiles/periodic_sampler.dir/Users/tim/Documents/Workspace/pico/pico-sdk/src/rp2_common/pico_standard_link/binary_info.c.obj
 .rodata.__bi_69
                0x00000000100057cc        0xc CMakeFiles/periodic_sampler.dir/Users/tim/Documents/Workspace/pico/pico-sdk/src/rp2_common/pico_standard_link/binary_info.c.obj
 .rodata.__bi_75
                0x00000000100057d8        0xc CMakeFiles/periodic_sampler.dir/Users/tim/Documents/Workspace/pico/pico-sdk/src/rp2_common/pico_standard_link/binary_info.c.obj
 .rodata.__bi_81
                0x00000000100057e4        0xc CMakeFiles/periodic_sampler.dir/Users/tim/Documents/Workspace/pico/pico-sdk/src/rp2_common/pico_standard_link/binary_info.c.obj
 .rodata.crlf_str.0
                0x00000000100057f0        0x2 CMakeFiles/periodic_sampler.dir/Users/tim/Documents/Workspace/pico/pico-sdk/src/rp2_common/pico_stdio/stdio.c.obj
 *fill*         0x00000000100057f2        0x2 
 .rodata.str1.4
                0x00000000100057f4       0x2c CMakeFiles/periodic_sampler.dir/Users/tim/Documents/Workspace/pico/pico-sdk/src/rp2_common/pico_stdio_uart/stdio_uart.c.obj
 .rodata.__bi_33.4
                0x0000000010005820        0xc CMakeFiles/periodic_sampler.dir/Users/tim/Documents/Workspace/pico/pico-sdk/src/rp2_common/pico_stdio_uart/stdio_uart.c.obj
 .rodata.__bi_34.5
                0x000000001000582c        0x8 CMakeFiles/periodic_sampler.dir/Users/tim/Documents/Workspace/pico/pico-sdk/src/rp2_common/pico_stdio_uart/stdio_uart.c.obj
                0x0000000010005834                . = ALIGN (0x4)
 *(SORT_BY_ALIGNMENT(SORT_BY_NAME(.flashdata*)))
                0x0000000010005834                . = ALIGN (0x4)

.ARM.extab
 *(.ARM.extab* .gnu.linkonce.armextab.*)
                0x0000000010005834                __exidx_start = .

.ARM.exidx
 *(.ARM.exidx* .gnu.linkonce.armexidx.*)
                0x0000000010005834                __exidx_end = .
                0x0000000010005834                . = ALIGN (0x4)
                0x0000000010005834                __binary_info_start = .

.binary_info    0x0000000010005834       0x28
 *(.binary_info.keep.*)
 .binary_info.keep.__bi_ptr22
                0x0000000010005834        0x4 CMakeFiles/periodic_sampler.dir/Users/tim/Documents/Workspace/pico/pico-sdk/src/rp2_common/pico_standard_link/binary_info.c.obj
 .binary_info.keep.__bi_ptr30
                0x0000000010005838        0x4 CMakeFiles/periodic_sampler.dir/Users/tim/Documents/Workspace/pico/pico-sdk/src/rp2_common/pico_standard_link/binary_info.c.obj
 .binary_info.keep.__bi_ptr38
                0x000000001000583c        0x4 CMakeFiles/periodic_sampler.dir/Users/tim/Documents/Workspace/pico/pico-sdk/src/rp2_common/pico_standard_link/binary_info.c.obj
 .binary_info.keep.__bi_ptr44
                0x0000000010005840        0x4 CMakeFiles/periodic_sampler.dir/Users/tim/Documents/Workspace/pico/pico-sdk/src/rp2_common/pico_standard_link/binary_info.c.obj
 .binary_info.keep.__bi_ptr50
                0x0000000010005844        0x4 CMakeFiles/periodic_sampler.dir/Users/tim/Documents/Workspace/pico/pico-sdk/src/rp2_common/pico_standard_link/binary_info.c.obj
 .binary_info.keep.__bi_ptr69
                0x0000000010005848        0x4 CMakeFiles/periodic_sampler.dir/Users/tim/Documents/Workspace/pico/pico-sdk/src/rp2_common/pico_standard_link/binary_info.c.obj
 .binary_info.keep.__bi_ptr75
                0x000000001000584c        0x4 CMakeFiles/periodic_sampler.dir/Users/tim/Documents/Workspace/pico/pico-sdk/src/rp2_common/pico_standard_link/binary_info.c.obj
 .binary_info.keep.__bi_ptr81
                0x0000000010005850        0x4 CMakeFiles/periodic_sampler.dir/Users/tim/Documents/Workspace/pico/pico-sdk/src/rp2_common/pico_standard_link/binary_info.c.obj
 *(.binary_info.*)
 .binary_info.__bi_ptr33
                0x0000000010005854        0x4 CMakeFiles/periodic_sampler.dir/Users/tim/Documents/Workspace/pico/pico-sdk/src/rp2_common/pico_stdio_uart/stdio_uart.c.obj
 .binary_info.__bi_ptr34
                0x0000000010005858        0x4 CMakeFiles/periodic_sampler.dir/Users/tim/Documents/Workspace/pico/pico-sdk/src/rp2_common/pico_stdio_uart/stdio_uart.c.obj
                0x000000001000585c                __binary_info_end = .

.rel.dyn        0x000000001000585c        0x0
 .rel.iplt      0x000000001000585c        0x0 /usr/local/Cellar/arm-none-eabi-gcc/10.3-2021.07/gcc/bin/../lib/gcc/arm-none-eabi/10.3.1/thumb/v6-m/nofp/crtbegin.o
                0x000000001000585c                . = ALIGN (0x4)

.ram_vector_table
                0x0000000020000000       0xc0
 *(.ram_vector_table)
 .ram_vector_table
                0x0000000020000000       0xc0 CMakeFiles/periodic_sampler.dir/Users/tim/Documents/Workspace/pico/pico-sdk/src/rp2_common/pico_runtime/runtime.c.obj
                0x0000000020000000                ram_vector_table

.data           0x00000000200000c0      0x9e4 load address 0x000000001000585c
                0x00000000200000c0                __data_start__ = .
 *(vtable)
 *(.time_critical*)
 .time_critical.mutex_try_enter_block_until
                0x00000000200000c0       0x9c CMakeFiles/periodic_sampler.dir/Users/tim/Documents/Workspace/pico/pico-sdk/src/common/pico_sync/mutex.c.obj
                0x00000000200000c0                mutex_try_enter_block_until
 .time_critical.mutex_exit
                0x000000002000015c       0x28 CMakeFiles/periodic_sampler.dir/Users/tim/Documents/Workspace/pico/pico-sdk/src/common/pico_sync/mutex.c.obj
                0x000000002000015c                mutex_exit
 *(.text*)
 .text          0x0000000020000184        0x4 /usr/local/Cellar/arm-none-eabi-gcc/10.3-2021.07/gcc/bin/../lib/gcc/arm-none-eabi/10.3.1/thumb/v6-m/nofp/libgcc.a(_dvmd_tls.o)
                0x0000000020000184                __aeabi_ldiv0
                0x0000000020000184                __aeabi_idiv0
 .text.__stub   0x0000000020000188       0x10 linker stubs
                0x0000000020000198                . = ALIGN (0x4)
 *(.rodata*)
                0x0000000020000198                . = ALIGN (0x4)
 *(.data*)
 .data.v.0      0x0000000020000198        0x4 CMakeFiles/periodic_sampler.dir/periodic_sampler.c.obj
 .data.striped_spin_lock_num
                0x000000002000019c        0x1 CMakeFiles/periodic_sampler.dir/Users/tim/Documents/Workspace/pico/pico-sdk/src/rp2_common/hardware_sync/sync.c.obj
 *fill*         0x000000002000019d        0x3 
 .data          0x00000000200001a0       0x48 CMakeFiles/periodic_sampler.dir/Users/tim/Documents/Workspace/pico/pico-sdk/src/rp2_common/hardware_irq/irq_handler_chain.S.obj
                0x00000000200001a0                irq_handler_chain_slots
                0x00000000200001d0                irq_handler_chain_first_slot
                0x00000000200001da                irq_handler_chain_remove_tail
 .data.default_alarm_pool
                0x00000000200001e8       0x18 CMakeFiles/periodic_sampler.dir/Users/tim/Documents/Workspace/pico/pico-sdk/src/common/pico_time/time.c.obj
 .data.default_alarm_pool_heap
                0x0000000020000200       0x10 CMakeFiles/periodic_sampler.dir/Users/tim/Documents/Workspace/pico/pico-sdk/src/common/pico_time/time.c.obj
 .data.aeabi_bits_funcs
                0x0000000020000210       0x10 CMakeFiles/periodic_sampler.dir/Users/tim/Documents/Workspace/pico/pico-sdk/src/rp2_common/pico_bit_ops/bit_ops_aeabi.S.obj
                0x0000000020000210                aeabi_bits_funcs
                0x0000000020000220                aeabi_bits_funcs_end
 .data.aeabi_mem_funcs
                0x0000000020000220       0x10 CMakeFiles/periodic_sampler.dir/Users/tim/Documents/Workspace/pico/pico-sdk/src/rp2_common/pico_mem_ops/mem_ops_aeabi.S.obj
                0x0000000020000220                aeabi_mem_funcs
                0x0000000020000230                aeabi_mem_funcs_end
 .data.stdio_uart
                0x0000000020000230       0x18 CMakeFiles/periodic_sampler.dir/Users/tim/Documents/Workspace/pico/pico-sdk/src/rp2_common/pico_stdio_uart/stdio_uart.c.obj
                0x0000000020000230                stdio_uart
 .data._impure_ptr
                0x0000000020000248        0x4 /usr/local/Cellar/arm-none-eabi-gcc/10.3-2021.07/gcc/bin/../lib/gcc/arm-none-eabi/10.3.1/../../../../arm-none-eabi/lib/thumb/v6-m/nofp/libc.a(lib_a-impure.o)
                0x0000000020000248                _impure_ptr
 *fill*         0x000000002000024c        0x4 
 .data.impure_data
                0x0000000020000250      0x428 /usr/local/Cellar/arm-none-eabi-gcc/10.3-2021.07/gcc/bin/../lib/gcc/arm-none-eabi/10.3.1/../../../../arm-none-eabi/lib/thumb/v6-m/nofp/libc.a(lib_a-impure.o)
 .data.__malloc_av_
                0x0000000020000678      0x408 /usr/local/Cellar/arm-none-eabi-gcc/10.3-2021.07/gcc/bin/../lib/gcc/arm-none-eabi/10.3.1/../../../../arm-none-eabi/lib/thumb/v6-m/nofp/libc.a(lib_a-mallocr.o)
                0x0000000020000678                __malloc_av_
 .data.__malloc_sbrk_base
                0x0000000020000a80        0x4 /usr/local/Cellar/arm-none-eabi-gcc/10.3-2021.07/gcc/bin/../lib/gcc/arm-none-eabi/10.3.1/../../../../arm-none-eabi/lib/thumb/v6-m/nofp/libc.a(lib_a-mallocr.o)
                0x0000000020000a80                __malloc_sbrk_base
 .data.__malloc_trim_threshold
                0x0000000020000a84        0x4 /usr/local/Cellar/arm-none-eabi-gcc/10.3-2021.07/gcc/bin/../lib/gcc/arm-none-eabi/10.3.1/../../../../arm-none-eabi/lib/thumb/v6-m/nofp/libc.a(lib_a-mallocr.o)
                0x0000000020000a84                __malloc_trim_threshold
                0x0000000020000a88                . = ALIGN (0x4)
 *(.after_data.*)
                0x0000000020000a88                . = ALIGN (0x4)
                0x0000000020000a88                PROVIDE (__mutex_array_start = .)
 *(SORT_BY_NAME(.mutex_array.*))
 *(.mutex_array)
 .mutex_array   0x0000000020000a88        0x8 CMakeFiles/periodic_sampler.dir/Users/tim/Documents/Workspace/pico/pico-sdk/src/rp2_common/pico_stdio/stdio.c.obj
                0x0000000020000a90                PROVIDE (__mutex_array_end = .)
                0x0000000020000a90                . = ALIGN (0x4)
                0x0000000020000a90                PROVIDE (__preinit_array_start = .)
 *(SORT_BY_NAME(.preinit_array.*))
 .preinit_array.00001
                0x0000000020000a90        0x4 CMakeFiles/periodic_sampler.dir/Users/tim/Documents/Workspace/pico/pico-sdk/src/rp2_common/pico_mem_ops/mem_ops_aeabi.S.obj
 .preinit_array.00010
                0x0000000020000a94        0x4 CMakeFiles/periodic_sampler.dir/Users/tim/Documents/Workspace/pico/pico-sdk/src/rp2_common/pico_bit_ops/bit_ops_aeabi.S.obj
 .preinit_array.00020
                0x0000000020000a98        0x4 CMakeFiles/periodic_sampler.dir/Users/tim/Documents/Workspace/pico/pico-sdk/src/rp2_common/pico_double/double_aeabi.S.obj
 .preinit_array.00020
                0x0000000020000a9c        0x4 CMakeFiles/periodic_sampler.dir/Users/tim/Documents/Workspace/pico/pico-sdk/src/rp2_common/pico_float/float_aeabi.S.obj
 *(.preinit_array)
                0x0000000020000aa0                PROVIDE (__preinit_array_end = .)
                0x0000000020000aa0                . = ALIGN (0x4)
                0x0000000020000aa0                PROVIDE (__init_array_start = .)
 *(SORT_BY_NAME(.init_array.*))
 *(.init_array)
 .init_array    0x0000000020000aa0        0x4 /usr/local/Cellar/arm-none-eabi-gcc/10.3-2021.07/gcc/bin/../lib/gcc/arm-none-eabi/10.3.1/thumb/v6-m/nofp/crtbegin.o
                0x0000000020000aa4                PROVIDE (__init_array_end = .)
                0x0000000020000aa4                . = ALIGN (0x4)
                [!provide]                        PROVIDE (__fini_array_start = .)
 *(SORT_BY_NAME(.fini_array.*))
 *(.fini_array)
                [!provide]                        PROVIDE (__fini_array_end = .)
 *(.jcr)
                0x0000000020000aa4                . = ALIGN (0x4)
                0x0000000020000aa4                __data_end__ = .
                0x000000001000585c                __etext = LOADADDR (.data)

.igot.plt       0x0000000020000aa4        0x0 load address 0x0000000010006240
 .igot.plt      0x0000000020000aa4        0x0 /usr/local/Cellar/arm-none-eabi-gcc/10.3-2021.07/gcc/bin/../lib/gcc/arm-none-eabi/10.3.1/thumb/v6-m/nofp/crtbegin.o

.uninitialized_data
                0x0000000020000aa4        0x0 load address 0x0000000010006240
                0x0000000020000aa4                . = ALIGN (0x4)
 *(.uninitialized_data*)

.scratch_x      0x0000000020040000        0x0 load address 0x0000000010006240
                0x0000000020040000                __scratch_x_start__ = .
 *(.scratch_x.*)
                0x0000000020040000                . = ALIGN (0x4)
                0x0000000020040000                __scratch_x_end__ = .
                0x0000000010006240                __scratch_x_source__ = LOADADDR (.scratch_x)

.scratch_y      0x0000000020041000        0x0 load address 0x0000000010006240
                0x0000000020041000                __scratch_y_start__ = .
 *(.scratch_y.*)
                0x0000000020041000                . = ALIGN (0x4)
                0x0000000020041000                __scratch_y_end__ = .
                0x0000000010006240                __scratch_y_source__ = LOADADDR (.scratch_y)

.bss            0x0000000020000aa8      0x42c
                0x0000000020000aa8                . = ALIGN (0x4)
                0x0000000020000aa8                __bss_start__ = .
 *(SORT_BY_ALIGNMENT(SORT_BY_NAME(.bss*)))
 .bss.default_alarm_pool_entries
                0x0000000020000aa8      0x100 CMakeFiles/periodic_sampler.dir/Users/tim/Documents/Workspace/pico/pico-sdk/src/common/pico_time/time.c.obj
 .bss.sd_table  0x0000000020000ba8      0x100 CMakeFiles/periodic_sampler.dir/Users/tim/Documents/Workspace/pico/pico-sdk/src/rp2_common/pico_double/double_init_rom.c.obj
                0x0000000020000ba8                sd_table
 .bss.sf_table  0x0000000020000ca8      0x100 CMakeFiles/periodic_sampler.dir/Users/tim/Documents/Workspace/pico/pico-sdk/src/rp2_common/pico_float/float_init_rom.c.obj
                0x0000000020000ca8                sf_table
 .bss           0x0000000020000da8       0x1c /usr/local/Cellar/arm-none-eabi-gcc/10.3-2021.07/gcc/bin/../lib/gcc/arm-none-eabi/10.3.1/thumb/v6-m/nofp/crtbegin.o
 .bss.__lock___malloc_recursive_mutex
                0x0000000020000dc4        0x1 /usr/local/Cellar/arm-none-eabi-gcc/10.3-2021.07/gcc/bin/../lib/gcc/arm-none-eabi/10.3.1/../../../../arm-none-eabi/lib/thumb/v6-m/nofp/libc.a(lib_a-lock.o)
                0x0000000020000dc4                __lock___malloc_recursive_mutex
 *fill*         0x0000000020000dc5        0x3 
 .bss.__malloc_current_mallinfo
                0x0000000020000dc8       0x28 /usr/local/Cellar/arm-none-eabi-gcc/10.3-2021.07/gcc/bin/../lib/gcc/arm-none-eabi/10.3.1/../../../../arm-none-eabi/lib/thumb/v6-m/nofp/libc.a(lib_a-mallocr.o)
                0x0000000020000dc8                __malloc_current_mallinfo
 .bss.__malloc_max_sbrked_mem
                0x0000000020000df0        0x4 /usr/local/Cellar/arm-none-eabi-gcc/10.3-2021.07/gcc/bin/../lib/gcc/arm-none-eabi/10.3.1/../../../../arm-none-eabi/lib/thumb/v6-m/nofp/libc.a(lib_a-mallocr.o)
                0x0000000020000df0                __malloc_max_sbrked_mem
 .bss.__malloc_max_total_mem
                0x0000000020000df4        0x4 /usr/local/Cellar/arm-none-eabi-gcc/10.3-2021.07/gcc/bin/../lib/gcc/arm-none-eabi/10.3.1/../../../../arm-none-eabi/lib/thumb/v6-m/nofp/libc.a(lib_a-mallocr.o)
                0x0000000020000df4                __malloc_max_total_mem
 .bss.__malloc_top_pad
                0x0000000020000df8        0x4 /usr/local/Cellar/arm-none-eabi-gcc/10.3-2021.07/gcc/bin/../lib/gcc/arm-none-eabi/10.3.1/../../../../arm-none-eabi/lib/thumb/v6-m/nofp/libc.a(lib_a-mallocr.o)
                0x0000000020000df8                __malloc_top_pad
 .bss.alarm_callbacks
                0x0000000020000dfc       0x10 CMakeFiles/periodic_sampler.dir/Users/tim/Documents/Workspace/pico/pico-sdk/src/rp2_common/hardware_timer/timer.c.obj
 .bss.chars_available_callback
                0x0000000020000e0c        0x4 CMakeFiles/periodic_sampler.dir/Users/tim/Documents/Workspace/pico/pico-sdk/src/rp2_common/pico_stdio_uart/stdio_uart.c.obj
 .bss.chars_available_param
                0x0000000020000e10        0x4 CMakeFiles/periodic_sampler.dir/Users/tim/Documents/Workspace/pico/pico-sdk/src/rp2_common/pico_stdio_uart/stdio_uart.c.obj
 .bss.configured_freq
                0x0000000020000e14       0x28 CMakeFiles/periodic_sampler.dir/Users/tim/Documents/Workspace/pico/pico-sdk/src/rp2_common/hardware_clocks/clocks.c.obj
 .bss.default_alarm_pool_entry_ids_high
                0x0000000020000e3c       0x10 CMakeFiles/periodic_sampler.dir/Users/tim/Documents/Workspace/pico/pico-sdk/src/common/pico_time/time.c.obj
 .bss.default_alarm_pool_heap_nodes
                0x0000000020000e4c       0x30 CMakeFiles/periodic_sampler.dir/Users/tim/Documents/Workspace/pico/pico-sdk/src/common/pico_time/time.c.obj
 .bss.drivers   0x0000000020000e7c        0x4 CMakeFiles/periodic_sampler.dir/Users/tim/Documents/Workspace/pico/pico-sdk/src/rp2_common/pico_stdio/stdio.c.obj
 .bss.errno     0x0000000020000e80        0x4 /usr/local/Cellar/arm-none-eabi-gcc/10.3-2021.07/gcc/bin/../lib/gcc/arm-none-eabi/10.3.1/../../../../arm-none-eabi/lib/thumb/v6-m/nofp/libc.a(lib_a-reent.o)
                0x0000000020000e80                errno
 .bss.filter    0x0000000020000e84        0x4 CMakeFiles/periodic_sampler.dir/Users/tim/Documents/Workspace/pico/pico-sdk/src/rp2_common/pico_stdio/stdio.c.obj
 .bss.heap_end.0
                0x0000000020000e88        0x4 CMakeFiles/periodic_sampler.dir/Users/tim/Documents/Workspace/pico/pico-sdk/src/rp2_common/pico_runtime/runtime.c.obj
 .bss.lazy_vsnprintf
                0x0000000020000e8c        0x4 CMakeFiles/periodic_sampler.dir/Users/tim/Documents/Workspace/pico/pico-sdk/src/rp2_common/pico_printf/printf.c.obj
 .bss.pools     0x0000000020000e90       0x10 CMakeFiles/periodic_sampler.dir/Users/tim/Documents/Workspace/pico/pico-sdk/src/common/pico_time/time.c.obj
 .bss.sample_fifo
                0x0000000020000ea0       0x10 CMakeFiles/periodic_sampler.dir/periodic_sampler.c.obj
                0x0000000020000ea0                sample_fifo
 .bss.sf_clz_func
                0x0000000020000eb0        0x4 CMakeFiles/periodic_sampler.dir/Users/tim/Documents/Workspace/pico/pico-sdk/src/rp2_common/pico_double/double_init_rom.c.obj
                0x0000000020000eb0                sf_clz_func
 .bss.sleep_notifier
                0x0000000020000eb4        0x4 CMakeFiles/periodic_sampler.dir/Users/tim/Documents/Workspace/pico/pico-sdk/src/common/pico_time/time.c.obj
 .bss.target_hi
                0x0000000020000eb8       0x10 CMakeFiles/periodic_sampler.dir/Users/tim/Documents/Workspace/pico/pico-sdk/src/rp2_common/hardware_timer/timer.c.obj
 .bss.uart_char_to_line_feed
                0x0000000020000ec8        0x4 CMakeFiles/periodic_sampler.dir/Users/tim/Documents/Workspace/pico/pico-sdk/src/rp2_common/hardware_uart/uart.c.obj
                0x0000000020000ec8                uart_char_to_line_feed
 .bss.uart_instance
                0x0000000020000ecc        0x4 CMakeFiles/periodic_sampler.dir/Users/tim/Documents/Workspace/pico/pico-sdk/src/rp2_common/pico_stdio_uart/stdio_uart.c.obj
 .bss.claimed   0x0000000020000ed0        0x1 CMakeFiles/periodic_sampler.dir/Users/tim/Documents/Workspace/pico/pico-sdk/src/rp2_common/hardware_timer/timer.c.obj
 .bss.irq_hander_chain_free_slot_head
                0x0000000020000ed1        0x1 CMakeFiles/periodic_sampler.dir/Users/tim/Documents/Workspace/pico/pico-sdk/src/rp2_common/hardware_irq/irq.c.obj
 .bss.timer_callbacks_pending
                0x0000000020000ed2        0x1 CMakeFiles/periodic_sampler.dir/Users/tim/Documents/Workspace/pico/pico-sdk/src/rp2_common/hardware_timer/timer.c.obj
 *(COMMON)
                0x0000000020000ed4                . = ALIGN (0x4)
 *fill*         0x0000000020000ed3        0x1 
                0x0000000020000ed4                __bss_end__ = .

.heap           0x0000000020000ed4      0x800
                0x0000000020000ed4                __end__ = .
                0x0000000020000ed4                end = __end__
 *(.heap*)
 .heap          0x0000000020000ed4      0x800 CMakeFiles/periodic_sampler.dir/Users/tim/Documents/Workspace/pico/pico-sdk/src/rp2_common/pico_standard_link/crt0.S.obj
                0x00000000200016d4                __HeapLimit = .

.stack1_dummy   0x0000000020040000        0x0
 *(.stack1*)

.stack_dummy    0x0000000020041000      0x800
 *(.stack*)
 .stack         0x0000000020041000      0x800 CMakeFiles/periodic_sampler.dir/Users/tim/Documents/Workspace/pico/pico-sdk/src/rp2_common/pico_standard_link/crt0.S.obj

.flash_end      0x0000000010006240        0x0
                0x0000000010006240                PROVIDE (__flash_binary_end = .)
                0x0000000020040000                __StackLimit = (ORIGIN (RAM) + LENGTH (RAM))
                0x0000000020041000                __StackOneTop = (ORIGIN (SCRATCH_X) + LENGTH (SCRATCH_X))
                0x0000000020042000                __StackTop = (ORIGIN (SCRATCH_Y) + LENGTH (SCRATCH_Y))
                0x0000000020041000                __StackOneBottom = (__StackOneTop - SIZEOF (.stack1_dummy))
                0x0000000020041800                __StackBottom = (__StackTop - SIZEOF (.stack_dummy))
                0x0000000020042000                PROVIDE (__stack = __StackTop)
                0x0000000000000001                ASSERT ((__StackLimit >= __HeapLimit), region RAM overflowed)
                0x0000000000000001                ASSERT (((__binary_info_header_end - __logical_binary_start) <= 0x100), Binary info must be in first 256 bytes of the binary)
LOAD CMakeFiles/periodic_sampler.dir/periodic_sampler.c.obj
LOAD CMakeFiles/periodic_sampler.dir/Users/tim/Documents/Workspace/pico/pico-sdk/src/rp2_common/pico_stdlib/stdlib.c.obj
LOAD CMakeFiles/periodic_sampler.dir/Users/tim/Documents/Workspace/pico/pico-sdk/src/rp2_common/hardware_gpio/gpio.c.obj
LOAD CMakeFiles/periodic_sampler.dir/Users/tim/Documents/Workspace/pico/pico-sdk/src/rp2_common/pico_platform/platform.c.obj
LOAD CMakeFiles/periodic_sampler.dir/Users/tim/Documents/Workspace/pico/pico-sdk/src/rp2_common/hardware_claim/claim.c.obj
LOAD CMakeFiles/periodic_sampler.dir/Users/tim/Documents/Workspace/pico/pico-sdk/src/rp2_common/hardware_sync/sync.c.obj
LOAD CMakeFiles/periodic_sampler.dir/Users/tim/Documents/Workspace/pico/pico-sdk/src/rp2_common/hardware_irq/irq.c.obj
LOAD CMakeFiles/periodic_sampler.dir/Users/tim/Documents/Workspace/pico/pico-sdk/src/rp2_common/hardware_irq/irq_handler_chain.S.obj
LOAD CMakeFiles/periodic_sampler.dir/Users/tim/Documents/Workspace/pico/pico-sdk/src/common/pico_sync/sem.c.obj
LOAD CMakeFiles/periodic_sampler.dir/Users/tim/Documents/Workspace/pico/pico-sdk/src/common/pico_sync/lock_core.c.obj
LOAD CMakeFiles/periodic_sampler.dir/Users/tim/Documents/Workspace/pico/pico-sdk/src/common/pico_sync/mutex.c.obj
LOAD CMakeFiles/periodic_sampler.dir/Users/tim/Documents/Workspace/pico/pico-sdk/src/common/pico_sync/critical_section.c.obj
LOAD CMakeFiles/periodic_sampler.dir/Users/tim/Documents/Workspace/pico/pico-sdk/src/common/pico_time/time.c.obj
LOAD CMakeFiles/periodic_sampler.dir/Users/tim/Documents/Workspace/pico/pico-sdk/src/common/pico_time/timeout_helper.c.obj
LOAD CMakeFiles/periodic_sampler.dir/Users/tim/Documents/Workspace/pico/pico-sdk/src/rp2_common/hardware_timer/timer.c.obj
LOAD CMakeFiles/periodic_sampler.dir/Users/tim/Documents/Workspace/pico/pico-sdk/src/common/pico_util/datetime.c.obj
LOAD CMakeFiles/periodic_sampler.dir/Users/tim/Documents/Workspace/pico/pico-sdk/src/common/pico_util/pheap.c.obj
LOAD CMakeFiles/periodic_sampler.dir/Users/tim/Documents/Workspace/pico/pico-sdk/src/common/pico_util/queue.c.obj
LOAD CMakeFiles/periodic_sampler.dir/Users/tim/Documents/Workspace/pico/pico-sdk/src/rp2_common/hardware_uart/uart.c.obj
LOAD CMakeFiles/periodic_sampler.dir/Users/tim/Documents/Workspace/pico/pico-sdk/src/rp2_common/hardware_clocks/clocks.c.obj
LOAD CMakeFiles/periodic_sampler.dir/Users/tim/Documents/Workspace/pico/pico-sdk/src/rp2_common/hardware_pll/pll.c.obj
LOAD CMakeFiles/periodic_sampler.dir/Users/tim/Documents/Workspace/pico/pico-sdk/src/rp2_common/hardware_vreg/vreg.c.obj
LOAD CMakeFiles/periodic_sampler.dir/Users/tim/Documents/Workspace/pico/pico-sdk/src/rp2_common/hardware_watchdog/watchdog.c.obj
LOAD CMakeFiles/periodic_sampler.dir/Users/tim/Documents/Workspace/pico/pico-sdk/src/rp2_common/hardware_xosc/xosc.c.obj
LOAD CMakeFiles/periodic_sampler.dir/Users/tim/Documents/Workspace/pico/pico-sdk/src/rp2_common/hardware_divider/divider.S.obj
LOAD CMakeFiles/periodic_sampler.dir/Users/tim/Documents/Workspace/pico/pico-sdk/src/rp2_common/pico_runtime/runtime.c.obj
LOAD CMakeFiles/periodic_sampler.dir/Users/tim/Documents/Workspace/pico/pico-sdk/src/rp2_common/pico_printf/printf.c.obj
LOAD CMakeFiles/periodic_sampler.dir/Users/tim/Documents/Workspace/pico/pico-sdk/src/rp2_common/pico_bit_ops/bit_ops_aeabi.S.obj
LOAD CMakeFiles/periodic_sampler.dir/Users/tim/Documents/Workspace/pico/pico-sdk/src/rp2_common/pico_bootrom/bootrom.c.obj
LOAD CMakeFiles/periodic_sampler.dir/Users/tim/Documents/Workspace/pico/pico-sdk/src/rp2_common/pico_divider/divider.S.obj
LOAD CMakeFiles/periodic_sampler.dir/Users/tim/Documents/Workspace/pico/pico-sdk/src/rp2_common/pico_double/double_aeabi.S.obj
LOAD CMakeFiles/periodic_sampler.dir/Users/tim/Documents/Workspace/pico/pico-sdk/src/rp2_common/pico_double/double_init_rom.c.obj
LOAD CMakeFiles/periodic_sampler.dir/Users/tim/Documents/Workspace/pico/pico-sdk/src/rp2_common/pico_double/double_math.c.obj
LOAD CMakeFiles/periodic_sampler.dir/Users/tim/Documents/Workspace/pico/pico-sdk/src/rp2_common/pico_double/double_v1_rom_shim.S.obj
LOAD CMakeFiles/periodic_sampler.dir/Users/tim/Documents/Workspace/pico/pico-sdk/src/rp2_common/pico_int64_ops/pico_int64_ops_aeabi.S.obj
LOAD CMakeFiles/periodic_sampler.dir/Users/tim/Documents/Workspace/pico/pico-sdk/src/rp2_common/pico_float/float_aeabi.S.obj
LOAD CMakeFiles/periodic_sampler.dir/Users/tim/Documents/Workspace/pico/pico-sdk/src/rp2_common/pico_float/float_init_rom.c.obj
LOAD CMakeFiles/periodic_sampler.dir/Users/tim/Documents/Workspace/pico/pico-sdk/src/rp2_common/pico_float/float_math.c.obj
LOAD CMakeFiles/periodic_sampler.dir/Users/tim/Documents/Workspace/pico/pico-sdk/src/rp2_common/pico_float/float_v1_rom_shim.S.obj
LOAD CMakeFiles/periodic_sampler.dir/Users/tim/Documents/Workspace/pico/pico-sdk/src/rp2_common/pico_malloc/pico_malloc.c.obj
LOAD CMakeFiles/periodic_sampler.dir/Users/tim/Documents/Workspace/pico/pico-sdk/src/rp2_common/pico_mem_ops/mem_ops_aeabi.S.obj
LOAD CMakeFiles/periodic_sampler.dir/Users/tim/Documents/Workspace/pico/pico-sdk/src/rp2_common/pico_standard_link/crt0.S.obj
LOAD CMakeFiles/periodic_sampler.dir/Users/tim/Documents/Workspace/pico/pico-sdk/src/rp2_common/pico_standard_link/new_delete.cpp.obj
LOAD CMakeFiles/periodic_sampler.dir/Users/tim/Documents/Workspace/pico/pico-sdk/src/rp2_common/pico_standard_link/binary_info.c.obj
LOAD CMakeFiles/periodic_sampler.dir/Users/tim/Documents/Workspace/pico/pico-sdk/src/rp2_common/pico_stdio/stdio.c.obj
LOAD CMakeFiles/periodic_sampler.dir/Users/tim/Documents/Workspace/pico/pico-sdk/src/rp2_common/pico_stdio_uart/stdio_uart.c.obj
LOAD /var/folders/mq/pby672116wq5y_qrmsf3r6g40000gn/T//ccqJWjWD.o
LOAD /usr/local/Cellar/arm-none-eabi-gcc/10.3-2021.07/gcc/bin/../lib/gcc/arm-none-eabi/10.3.1/../../../../arm-none-eabi/lib/thumb/v6-m/nofp/libstdc++.a
LOAD /usr/local/Cellar/arm-none-eabi-gcc/10.3-2021.07/gcc/bin/../lib/gcc/arm-none-eabi/10.3.1/../../../../arm-none-eabi/lib/thumb/v6-m/nofp/libm.a
START GROUP
LOAD /usr/local/Cellar/arm-none-eabi-gcc/10.3-2021.07/gcc/bin/../lib/gcc/arm-none-eabi/10.3.1/thumb/v6-m/nofp/libgcc.a
LOAD /usr/local/Cellar/arm-none-eabi-gcc/10.3-2021.07/gcc/bin/../lib/gcc/arm-none-eabi/10.3.1/../../../../arm-none-eabi/lib/thumb/v6-m/nofp/libc.a
END GROUP
START GROUP
LOAD /usr/local/Cellar/arm-none-eabi-gcc/10.3-2021.07/gcc/bin/../lib/gcc/arm-none-eabi/10.3.1/thumb/v6-m/nofp/libgcc.a
LOAD /usr/local/Cellar/arm-none-eabi-gcc/10.3-2021.07/gcc/bin/../lib/gcc/arm-none-eabi/10.3.1/../../../../arm-none-eabi/lib/thumb/v6-m/nofp/libc.a
LOAD /usr/local/Cellar/arm-none-eabi-gcc/10.3-2021.07/gcc/bin/../lib/gcc/arm-none-eabi/10.3.1/../../../../arm-none-eabi/lib/thumb/v6-m/nofp/libnosys.a
END GROUP
LOAD /usr/local/Cellar/arm-none-eabi-gcc/10.3-2021.07/gcc/bin/../lib/gcc/arm-none-eabi/10.3.1/thumb/v6-m/nofp/crtend.o
LOAD /usr/local/Cellar/arm-none-eabi-gcc/10.3-2021.07/gcc/bin/../lib/gcc/arm-none-eabi/10.3.1/thumb/v6-m/nofp/crtn.o
OUTPUT(periodic_sampler.elf elf32-littlearm)
LOAD linker stubs

.ARM.attributes
                0x0000000000000000       0x28
 .ARM.attributes
                0x0000000000000000       0x1e /usr/local/Cellar/arm-none-eabi-gcc/10.3-2021.07/gcc/bin/../lib/gcc/arm-none-eabi/10.3.1/thumb/v6-m/nofp/crti.o
 .ARM.attributes
                0x000000000000001e       0x2c /usr/local/Cellar/arm-none-eabi-gcc/10.3-2021.07/gcc/bin/../lib/gcc/arm-none-eabi/10.3.1/thumb/v6-m/nofp/crtbegin.o
 .ARM.attributes
                0x000000000000004a       0x2c CMakeFiles/periodic_sampler.dir/periodic_sampler.c.obj
 .ARM.attributes
                0x0000000000000076       0x2c CMakeFiles/periodic_sampler.dir/Users/tim/Documents/Workspace/pico/pico-sdk/src/rp2_common/hardware_gpio/gpio.c.obj
 .ARM.attributes
                0x00000000000000a2       0x2c CMakeFiles/periodic_sampler.dir/Users/tim/Documents/Workspace/pico/pico-sdk/src/rp2_common/pico_platform/platform.c.obj
 .ARM.attributes
                0x00000000000000ce       0x2c CMakeFiles/periodic_sampler.dir/Users/tim/Documents/Workspace/pico/pico-sdk/src/rp2_common/hardware_claim/claim.c.obj
 .ARM.attributes
                0x00000000000000fa       0x2c CMakeFiles/periodic_sampler.dir/Users/tim/Documents/Workspace/pico/pico-sdk/src/rp2_common/hardware_sync/sync.c.obj
 .ARM.attributes
                0x0000000000000126       0x2c CMakeFiles/periodic_sampler.dir/Users/tim/Documents/Workspace/pico/pico-sdk/src/rp2_common/hardware_irq/irq.c.obj
 .ARM.attributes
                0x0000000000000152       0x22 CMakeFiles/periodic_sampler.dir/Users/tim/Documents/Workspace/pico/pico-sdk/src/rp2_common/hardware_irq/irq_handler_chain.S.obj
 .ARM.attributes
                0x0000000000000174       0x2c CMakeFiles/periodic_sampler.dir/Users/tim/Documents/Workspace/pico/pico-sdk/src/common/pico_sync/lock_core.c.obj
 .ARM.attributes
                0x00000000000001a0       0x2c CMakeFiles/periodic_sampler.dir/Users/tim/Documents/Workspace/pico/pico-sdk/src/common/pico_sync/mutex.c.obj
 .ARM.attributes
                0x00000000000001cc       0x2c CMakeFiles/periodic_sampler.dir/Users/tim/Documents/Workspace/pico/pico-sdk/src/common/pico_time/time.c.obj
 .ARM.attributes
                0x00000000000001f8       0x2c CMakeFiles/periodic_sampler.dir/Users/tim/Documents/Workspace/pico/pico-sdk/src/rp2_common/hardware_timer/timer.c.obj
 .ARM.attributes
                0x0000000000000224       0x2c CMakeFiles/periodic_sampler.dir/Users/tim/Documents/Workspace/pico/pico-sdk/src/common/pico_util/pheap.c.obj
 .ARM.attributes
                0x0000000000000250       0x2c CMakeFiles/periodic_sampler.dir/Users/tim/Documents/Workspace/pico/pico-sdk/src/common/pico_util/queue.c.obj
 .ARM.attributes
                0x000000000000027c       0x2c CMakeFiles/periodic_sampler.dir/Users/tim/Documents/Workspace/pico/pico-sdk/src/rp2_common/hardware_uart/uart.c.obj
 .ARM.attributes
                0x00000000000002a8       0x2c CMakeFiles/periodic_sampler.dir/Users/tim/Documents/Workspace/pico/pico-sdk/src/rp2_common/hardware_clocks/clocks.c.obj
 .ARM.attributes
                0x00000000000002d4       0x2c CMakeFiles/periodic_sampler.dir/Users/tim/Documents/Workspace/pico/pico-sdk/src/rp2_common/hardware_pll/pll.c.obj
 .ARM.attributes
                0x0000000000000300       0x2c CMakeFiles/periodic_sampler.dir/Users/tim/Documents/Workspace/pico/pico-sdk/src/rp2_common/hardware_watchdog/watchdog.c.obj
 .ARM.attributes
                0x000000000000032c       0x2c CMakeFiles/periodic_sampler.dir/Users/tim/Documents/Workspace/pico/pico-sdk/src/rp2_common/hardware_xosc/xosc.c.obj
 .ARM.attributes
                0x0000000000000358       0x2c CMakeFiles/periodic_sampler.dir/Users/tim/Documents/Workspace/pico/pico-sdk/src/rp2_common/pico_runtime/runtime.c.obj
 .ARM.attributes
                0x0000000000000384       0x2c CMakeFiles/periodic_sampler.dir/Users/tim/Documents/Workspace/pico/pico-sdk/src/rp2_common/pico_printf/printf.c.obj
 .ARM.attributes
                0x00000000000003b0       0x22 CMakeFiles/periodic_sampler.dir/Users/tim/Documents/Workspace/pico/pico-sdk/src/rp2_common/pico_bit_ops/bit_ops_aeabi.S.obj
 .ARM.attributes
                0x00000000000003d2       0x2c CMakeFiles/periodic_sampler.dir/Users/tim/Documents/Workspace/pico/pico-sdk/src/rp2_common/pico_bootrom/bootrom.c.obj
 .ARM.attributes
                0x00000000000003fe       0x22 CMakeFiles/periodic_sampler.dir/Users/tim/Documents/Workspace/pico/pico-sdk/src/rp2_common/pico_divider/divider.S.obj
 .ARM.attributes
                0x0000000000000420       0x22 CMakeFiles/periodic_sampler.dir/Users/tim/Documents/Workspace/pico/pico-sdk/src/rp2_common/pico_double/double_aeabi.S.obj
 .ARM.attributes
                0x0000000000000442       0x2c CMakeFiles/periodic_sampler.dir/Users/tim/Documents/Workspace/pico/pico-sdk/src/rp2_common/pico_double/double_init_rom.c.obj
 .ARM.attributes
                0x000000000000046e       0x22 CMakeFiles/periodic_sampler.dir/Users/tim/Documents/Workspace/pico/pico-sdk/src/rp2_common/pico_double/double_v1_rom_shim.S.obj
 .ARM.attributes
                0x0000000000000490       0x22 CMakeFiles/periodic_sampler.dir/Users/tim/Documents/Workspace/pico/pico-sdk/src/rp2_common/pico_float/float_aeabi.S.obj
 .ARM.attributes
                0x00000000000004b2       0x2c CMakeFiles/periodic_sampler.dir/Users/tim/Documents/Workspace/pico/pico-sdk/src/rp2_common/pico_float/float_init_rom.c.obj
 .ARM.attributes
                0x00000000000004de       0x22 CMakeFiles/periodic_sampler.dir/Users/tim/Documents/Workspace/pico/pico-sdk/src/rp2_common/pico_float/float_v1_rom_shim.S.obj
 .ARM.attributes
                0x0000000000000500       0x2c CMakeFiles/periodic_sampler.dir/Users/tim/Documents/Workspace/pico/pico-sdk/src/rp2_common/pico_malloc/pico_malloc.c.obj
 .ARM.attributes
                0x000000000000052c       0x22 CMakeFiles/periodic_sampler.dir/Users/tim/Documents/Workspace/pico/pico-sdk/src/rp2_common/pico_mem_ops/mem_ops_aeabi.S.obj
 .ARM.attributes
                0x000000000000054e       0x22 CMakeFiles/periodic_sampler.dir/Users/tim/Documents/Workspace/pico/pico-sdk/src/rp2_common/pico_standard_link/crt0.S.obj
 .ARM.attributes
                0x0000000000000570       0x32 CMakeFiles/periodic_sampler.dir/Users/tim/Documents/Workspace/pico/pico-sdk/src/rp2_common/pico_standard_link/binary_info.c.obj
 .ARM.attributes
                0x00000000000005a2       0x2c CMakeFiles/periodic_sampler.dir/Users/tim/Documents/Workspace/pico/pico-sdk/src/rp2_common/pico_stdio/stdio.c.obj
 .ARM.attributes
                0x00000000000005ce       0x2c CMakeFiles/periodic_sampler.dir/Users/tim/Documents/Workspace/pico/pico-sdk/src/rp2_common/pico_stdio_uart/stdio_uart.c.obj
 .ARM.attributes
                0x00000000000005fa       0x22 /var/folders/mq/pby672116wq5y_qrmsf3r6g40000gn/T//ccqJWjWD.o
 .ARM.attributes
                0x000000000000061c       0x1e /usr/local/Cellar/arm-none-eabi-gcc/10.3-2021.07/gcc/bin/../lib/gcc/arm-none-eabi/10.3.1/thumb/v6-m/nofp/libgcc.a(_dvmd_tls.o)
 .ARM.attributes
                0x000000000000063a       0x2c /usr/local/Cellar/arm-none-eabi-gcc/10.3-2021.07/gcc/bin/../lib/gcc/arm-none-eabi/10.3.1/../../../../arm-none-eabi/lib/thumb/v6-m/nofp/libc.a(lib_a-calloc.o)
 .ARM.attributes
                0x0000000000000666       0x2c /usr/local/Cellar/arm-none-eabi-gcc/10.3-2021.07/gcc/bin/../lib/gcc/arm-none-eabi/10.3.1/../../../../arm-none-eabi/lib/thumb/v6-m/nofp/libc.a(lib_a-callocr.o)
 .ARM.attributes
                0x0000000000000692       0x2c /usr/local/Cellar/arm-none-eabi-gcc/10.3-2021.07/gcc/bin/../lib/gcc/arm-none-eabi/10.3.1/../../../../arm-none-eabi/lib/thumb/v6-m/nofp/libc.a(lib_a-errno.o)
 .ARM.attributes
                0x00000000000006be       0x2c /usr/local/Cellar/arm-none-eabi-gcc/10.3-2021.07/gcc/bin/../lib/gcc/arm-none-eabi/10.3.1/../../../../arm-none-eabi/lib/thumb/v6-m/nofp/libc.a(lib_a-impure.o)
 .ARM.attributes
                0x00000000000006ea       0x2c /usr/local/Cellar/arm-none-eabi-gcc/10.3-2021.07/gcc/bin/../lib/gcc/arm-none-eabi/10.3.1/../../../../arm-none-eabi/lib/thumb/v6-m/nofp/libc.a(lib_a-malloc.o)
 .ARM.attributes
                0x0000000000000716       0x2c /usr/local/Cellar/arm-none-eabi-gcc/10.3-2021.07/gcc/bin/../lib/gcc/arm-none-eabi/10.3.1/../../../../arm-none-eabi/lib/thumb/v6-m/nofp/libc.a(lib_a-mallocr.o)
 .ARM.attributes
                0x0000000000000742       0x2c /usr/local/Cellar/arm-none-eabi-gcc/10.3-2021.07/gcc/bin/../lib/gcc/arm-none-eabi/10.3.1/../../../../arm-none-eabi/lib/thumb/v6-m/nofp/libc.a(lib_a-mlock.o)
 .ARM.attributes
                0x000000000000076e       0x2c /usr/local/Cellar/arm-none-eabi-gcc/10.3-2021.07/gcc/bin/../lib/gcc/arm-none-eabi/10.3.1/../../../../arm-none-eabi/lib/thumb/v6-m/nofp/libc.a(lib_a-sbrkr.o)
 .ARM.attributes
                0x000000000000079a       0x2c /usr/local/Cellar/arm-none-eabi-gcc/10.3-2021.07/gcc/bin/../lib/gcc/arm-none-eabi/10.3.1/../../../../arm-none-eabi/lib/thumb/v6-m/nofp/libc.a(lib_a-strlen-stub.o)
 .ARM.attributes
                0x00000000000007c6       0x2c /usr/local/Cellar/arm-none-eabi-gcc/10.3-2021.07/gcc/bin/../lib/gcc/arm-none-eabi/10.3.1/../../../../arm-none-eabi/lib/thumb/v6-m/nofp/libc.a(lib_a-freer.o)
 .ARM.attributes
                0x00000000000007f2       0x2c /usr/local/Cellar/arm-none-eabi-gcc/10.3-2021.07/gcc/bin/../lib/gcc/arm-none-eabi/10.3.1/../../../../arm-none-eabi/lib/thumb/v6-m/nofp/libc.a(lib_a-lock.o)
 .ARM.attributes
                0x000000000000081e       0x2c /usr/local/Cellar/arm-none-eabi-gcc/10.3-2021.07/gcc/bin/../lib/gcc/arm-none-eabi/10.3.1/../../../../arm-none-eabi/lib/thumb/v6-m/nofp/libc.a(lib_a-reent.o)

.comment        0x0000000000000000       0x49
 .comment       0x0000000000000000       0x49 CMakeFiles/periodic_sampler.dir/periodic_sampler.c.obj
                                         0x4a (size before relaxing)
 .comment       0x0000000000000049       0x4a CMakeFiles/periodic_sampler.dir/Users/tim/Documents/Workspace/pico/pico-sdk/src/rp2_common/hardware_gpio/gpio.c.obj
 .comment       0x0000000000000049       0x4a CMakeFiles/periodic_sampler.dir/Users/tim/Documents/Workspace/pico/pico-sdk/src/rp2_common/pico_platform/platform.c.obj
 .comment       0x0000000000000049       0x4a CMakeFiles/periodic_sampler.dir/Users/tim/Documents/Workspace/pico/pico-sdk/src/rp2_common/hardware_claim/claim.c.obj
 .comment       0x0000000000000049       0x4a CMakeFiles/periodic_sampler.dir/Users/tim/Documents/Workspace/pico/pico-sdk/src/rp2_common/hardware_sync/sync.c.obj
 .comment       0x0000000000000049       0x4a CMakeFiles/periodic_sampler.dir/Users/tim/Documents/Workspace/pico/pico-sdk/src/rp2_common/hardware_irq/irq.c.obj
 .comment       0x0000000000000049       0x4a CMakeFiles/periodic_sampler.dir/Users/tim/Documents/Workspace/pico/pico-sdk/src/common/pico_sync/lock_core.c.obj
 .comment       0x0000000000000049       0x4a CMakeFiles/periodic_sampler.dir/Users/tim/Documents/Workspace/pico/pico-sdk/src/common/pico_sync/mutex.c.obj
 .comment       0x0000000000000049       0x4a CMakeFiles/periodic_sampler.dir/Users/tim/Documents/Workspace/pico/pico-sdk/src/common/pico_time/time.c.obj
 .comment       0x0000000000000049       0x4a CMakeFiles/periodic_sampler.dir/Users/tim/Documents/Workspace/pico/pico-sdk/src/rp2_common/hardware_timer/timer.c.obj
 .comment       0x0000000000000049       0x4a CMakeFiles/periodic_sampler.dir/Users/tim/Documents/Workspace/pico/pico-sdk/src/common/pico_util/pheap.c.obj
 .comment       0x0000000000000049       0x4a CMakeFiles/periodic_sampler.dir/Users/tim/Documents/Workspace/pico/pico-sdk/src/common/pico_util/queue.c.obj
 .comment       0x0000000000000049       0x4a CMakeFiles/periodic_sampler.dir/Users/tim/Documents/Workspace/pico/pico-sdk/src/rp2_common/hardware_uart/uart.c.obj
 .comment       0x0000000000000049       0x4a CMakeFiles/periodic_sampler.dir/Users/tim/Documents/Workspace/pico/pico-sdk/src/rp2_common/hardware_clocks/clocks.c.obj
 .comment       0x0000000000000049       0x4a CMakeFiles/periodic_sampler.dir/Users/tim/Documents/Workspace/pico/pico-sdk/src/rp2_common/hardware_pll/pll.c.obj
 .comment       0x0000000000000049       0x4a CMakeFiles/periodic_sampler.dir/Users/tim/Documents/Workspace/pico/pico-sdk/src/rp2_common/hardware_watchdog/watchdog.c.obj
 .comment       0x0000000000000049       0x4a CMakeFiles/periodic_sampler.dir/Users/tim/Documents/Workspace/pico/pico-sdk/src/rp2_common/hardware_xosc/xosc.c.obj
 .comment       0x0000000000000049       0x4a CMakeFiles/periodic_sampler.dir/Users/tim/Documents/Workspace/pico/pico-sdk/src/rp2_common/pico_runtime/runtime.c.obj
 .comment       0x0000000000000049       0x4a CMakeFiles/periodic_sampler.dir/Users/tim/Documents/Workspace/pico/pico-sdk/src/rp2_common/pico_printf/printf.c.obj
 .comment       0x0000000000000049       0x4a CMakeFiles/periodic_sampler.dir/Users/tim/Documents/Workspace/pico/pico-sdk/src/rp2_common/pico_bootrom/bootrom.c.obj
 .comment       0x0000000000000049       0x4a CMakeFiles/periodic_sampler.dir/Users/tim/Documents/Workspace/pico/pico-sdk/src/rp2_common/pico_double/double_init_rom.c.obj
 .comment       0x0000000000000049       0x4a CMakeFiles/periodic_sampler.dir/Users/tim/Documents/Workspace/pico/pico-sdk/src/rp2_common/pico_float/float_init_rom.c.obj
 .comment       0x0000000000000049       0x4a CMakeFiles/periodic_sampler.dir/Users/tim/Documents/Workspace/pico/pico-sdk/src/rp2_common/pico_malloc/pico_malloc.c.obj
 .comment       0x0000000000000049       0x4a CMakeFiles/periodic_sampler.dir/Users/tim/Documents/Workspace/pico/pico-sdk/src/rp2_common/pico_standard_link/binary_info.c.obj
 .comment       0x0000000000000049       0x4a CMakeFiles/periodic_sampler.dir/Users/tim/Documents/Workspace/pico/pico-sdk/src/rp2_common/pico_stdio/stdio.c.obj
 .comment       0x0000000000000049       0x4a CMakeFiles/periodic_sampler.dir/Users/tim/Documents/Workspace/pico/pico-sdk/src/rp2_common/pico_stdio_uart/stdio_uart.c.obj

.debug_frame    0x0000000000000000      0x2d8
 .debug_frame   0x0000000000000000       0x28 /usr/local/Cellar/arm-none-eabi-gcc/10.3-2021.07/gcc/bin/../lib/gcc/arm-none-eabi/10.3.1/../../../../arm-none-eabi/lib/thumb/v6-m/nofp/libc.a(lib_a-calloc.o)
 .debug_frame   0x0000000000000028       0x2c /usr/local/Cellar/arm-none-eabi-gcc/10.3-2021.07/gcc/bin/../lib/gcc/arm-none-eabi/10.3.1/../../../../arm-none-eabi/lib/thumb/v6-m/nofp/libc.a(lib_a-callocr.o)
 .debug_frame   0x0000000000000054       0x20 /usr/local/Cellar/arm-none-eabi-gcc/10.3-2021.07/gcc/bin/../lib/gcc/arm-none-eabi/10.3.1/../../../../arm-none-eabi/lib/thumb/v6-m/nofp/libc.a(lib_a-errno.o)
 .debug_frame   0x0000000000000074       0x40 /usr/local/Cellar/arm-none-eabi-gcc/10.3-2021.07/gcc/bin/../lib/gcc/arm-none-eabi/10.3.1/../../../../arm-none-eabi/lib/thumb/v6-m/nofp/libc.a(lib_a-malloc.o)
 .debug_frame   0x00000000000000b4       0x3c /usr/local/Cellar/arm-none-eabi-gcc/10.3-2021.07/gcc/bin/../lib/gcc/arm-none-eabi/10.3.1/../../../../arm-none-eabi/lib/thumb/v6-m/nofp/libc.a(lib_a-mallocr.o)
 .debug_frame   0x00000000000000f0       0x40 /usr/local/Cellar/arm-none-eabi-gcc/10.3-2021.07/gcc/bin/../lib/gcc/arm-none-eabi/10.3.1/../../../../arm-none-eabi/lib/thumb/v6-m/nofp/libc.a(lib_a-mlock.o)
 .debug_frame   0x0000000000000130       0x2c /usr/local/Cellar/arm-none-eabi-gcc/10.3-2021.07/gcc/bin/../lib/gcc/arm-none-eabi/10.3.1/../../../../arm-none-eabi/lib/thumb/v6-m/nofp/libc.a(lib_a-sbrkr.o)
 .debug_frame   0x000000000000015c       0x28 /usr/local/Cellar/arm-none-eabi-gcc/10.3-2021.07/gcc/bin/../lib/gcc/arm-none-eabi/10.3.1/../../../../arm-none-eabi/lib/thumb/v6-m/nofp/libc.a(lib_a-strlen-stub.o)
 .debug_frame   0x0000000000000184       0x54 /usr/local/Cellar/arm-none-eabi-gcc/10.3-2021.07/gcc/bin/../lib/gcc/arm-none-eabi/10.3.1/../../../../arm-none-eabi/lib/thumb/v6-m/nofp/libc.a(lib_a-freer.o)
 .debug_frame   0x00000000000001d8       0xb0 /usr/local/Cellar/arm-none-eabi-gcc/10.3-2021.07/gcc/bin/../lib/gcc/arm-none-eabi/10.3.1/../../../../arm-none-eabi/lib/thumb/v6-m/nofp/libc.a(lib_a-lock.o)
 .debug_frame   0x0000000000000288       0x50 /usr/local/Cellar/arm-none-eabi-gcc/10.3-2021.07/gcc/bin/../lib/gcc/arm-none-eabi/10.3.1/../../../../arm-none-eabi/lib/thumb/v6-m/nofp/libc.a(lib_a-reent.o)
