Archive member included to satisfy reference by file (symbol)

/usr/local/Cellar/arm-none-eabi-gcc/10.3-2021.07/gcc/bin/../lib/gcc/arm-none-eabi/10.3.1/thumb/v6-m/nofp/libgcc.a(_dvmd_tls.o)
                              CMakeFiles/mcp9808_i2c.dir/Users/tim/Documents/Workspace/pico/pico-sdk/src/rp2_common/pico_divider/divider.S.obj (__aeabi_idiv0)
/usr/local/Cellar/arm-none-eabi-gcc/10.3-2021.07/gcc/bin/../lib/gcc/arm-none-eabi/10.3.1/../../../../arm-none-eabi/lib/thumb/v6-m/nofp/libc.a(lib_a-calloc.o)
                              CMakeFiles/mcp9808_i2c.dir/Users/tim/Documents/Workspace/pico/pico-sdk/src/rp2_common/pico_malloc/pico_malloc.c.obj (calloc)
/usr/local/Cellar/arm-none-eabi-gcc/10.3-2021.07/gcc/bin/../lib/gcc/arm-none-eabi/10.3.1/../../../../arm-none-eabi/lib/thumb/v6-m/nofp/libc.a(lib_a-callocr.o)
                              /usr/local/Cellar/arm-none-eabi-gcc/10.3-2021.07/gcc/bin/../lib/gcc/arm-none-eabi/10.3.1/../../../../arm-none-eabi/lib/thumb/v6-m/nofp/libc.a(lib_a-calloc.o) (_calloc_r)
/usr/local/Cellar/arm-none-eabi-gcc/10.3-2021.07/gcc/bin/../lib/gcc/arm-none-eabi/10.3.1/../../../../arm-none-eabi/lib/thumb/v6-m/nofp/libc.a(lib_a-errno.o)
                              /usr/local/Cellar/arm-none-eabi-gcc/10.3-2021.07/gcc/bin/../lib/gcc/arm-none-eabi/10.3.1/../../../../arm-none-eabi/lib/thumb/v6-m/nofp/libc.a(lib_a-callocr.o) (__errno)
/usr/local/Cellar/arm-none-eabi-gcc/10.3-2021.07/gcc/bin/../lib/gcc/arm-none-eabi/10.3.1/../../../../arm-none-eabi/lib/thumb/v6-m/nofp/libc.a(lib_a-impure.o)
                              /usr/local/Cellar/arm-none-eabi-gcc/10.3-2021.07/gcc/bin/../lib/gcc/arm-none-eabi/10.3.1/../../../../arm-none-eabi/lib/thumb/v6-m/nofp/libc.a(lib_a-calloc.o) (_impure_ptr)
/usr/local/Cellar/arm-none-eabi-gcc/10.3-2021.07/gcc/bin/../lib/gcc/arm-none-eabi/10.3.1/../../../../arm-none-eabi/lib/thumb/v6-m/nofp/libc.a(lib_a-init.o)
                              /usr/local/Cellar/arm-none-eabi-gcc/10.3-2021.07/gcc/bin/../lib/gcc/arm-none-eabi/10.3.1/../../../../arm-none-eabi/lib/thumb/v6-m/nofp/crt0.o (__libc_init_array)
/usr/local/Cellar/arm-none-eabi-gcc/10.3-2021.07/gcc/bin/../lib/gcc/arm-none-eabi/10.3.1/../../../../arm-none-eabi/lib/thumb/v6-m/nofp/libc.a(lib_a-malloc.o)
                              CMakeFiles/mcp9808_i2c.dir/Users/tim/Documents/Workspace/pico/pico-sdk/src/rp2_common/pico_malloc/pico_malloc.c.obj (malloc)
/usr/local/Cellar/arm-none-eabi-gcc/10.3-2021.07/gcc/bin/../lib/gcc/arm-none-eabi/10.3.1/../../../../arm-none-eabi/lib/thumb/v6-m/nofp/libc.a(lib_a-mallocr.o)
                              /usr/local/Cellar/arm-none-eabi-gcc/10.3-2021.07/gcc/bin/../lib/gcc/arm-none-eabi/10.3.1/../../../../arm-none-eabi/lib/thumb/v6-m/nofp/libc.a(lib_a-callocr.o) (_malloc_r)
/usr/local/Cellar/arm-none-eabi-gcc/10.3-2021.07/gcc/bin/../lib/gcc/arm-none-eabi/10.3.1/../../../../arm-none-eabi/lib/thumb/v6-m/nofp/libc.a(lib_a-mlock.o)
                              /usr/local/Cellar/arm-none-eabi-gcc/10.3-2021.07/gcc/bin/../lib/gcc/arm-none-eabi/10.3.1/../../../../arm-none-eabi/lib/thumb/v6-m/nofp/libc.a(lib_a-mallocr.o) (__malloc_lock)
/usr/local/Cellar/arm-none-eabi-gcc/10.3-2021.07/gcc/bin/../lib/gcc/arm-none-eabi/10.3.1/../../../../arm-none-eabi/lib/thumb/v6-m/nofp/libc.a(lib_a-realloc.o)
                              CMakeFiles/mcp9808_i2c.dir/Users/tim/Documents/Workspace/pico/pico-sdk/src/rp2_common/pico_malloc/pico_malloc.c.obj (realloc)
/usr/local/Cellar/arm-none-eabi-gcc/10.3-2021.07/gcc/bin/../lib/gcc/arm-none-eabi/10.3.1/../../../../arm-none-eabi/lib/thumb/v6-m/nofp/libc.a(lib_a-reallocr.o)
                              /usr/local/Cellar/arm-none-eabi-gcc/10.3-2021.07/gcc/bin/../lib/gcc/arm-none-eabi/10.3.1/../../../../arm-none-eabi/lib/thumb/v6-m/nofp/libc.a(lib_a-realloc.o) (_realloc_r)
/usr/local/Cellar/arm-none-eabi-gcc/10.3-2021.07/gcc/bin/../lib/gcc/arm-none-eabi/10.3.1/../../../../arm-none-eabi/lib/thumb/v6-m/nofp/libc.a(lib_a-sbrkr.o)
                              /usr/local/Cellar/arm-none-eabi-gcc/10.3-2021.07/gcc/bin/../lib/gcc/arm-none-eabi/10.3.1/../../../../arm-none-eabi/lib/thumb/v6-m/nofp/libc.a(lib_a-mallocr.o) (_sbrk_r)
/usr/local/Cellar/arm-none-eabi-gcc/10.3-2021.07/gcc/bin/../lib/gcc/arm-none-eabi/10.3.1/../../../../arm-none-eabi/lib/thumb/v6-m/nofp/libc.a(lib_a-strlen-stub.o)
                              CMakeFiles/mcp9808_i2c.dir/Users/tim/Documents/Workspace/pico/pico-sdk/src/rp2_common/pico_stdio/stdio.c.obj (strlen)
/usr/local/Cellar/arm-none-eabi-gcc/10.3-2021.07/gcc/bin/../lib/gcc/arm-none-eabi/10.3.1/../../../../arm-none-eabi/lib/thumb/v6-m/nofp/libc.a(lib_a-freer.o)
                              /usr/local/Cellar/arm-none-eabi-gcc/10.3-2021.07/gcc/bin/../lib/gcc/arm-none-eabi/10.3.1/../../../../arm-none-eabi/lib/thumb/v6-m/nofp/libc.a(lib_a-malloc.o) (_free_r)
/usr/local/Cellar/arm-none-eabi-gcc/10.3-2021.07/gcc/bin/../lib/gcc/arm-none-eabi/10.3.1/../../../../arm-none-eabi/lib/thumb/v6-m/nofp/libc.a(lib_a-lock.o)
[...]
Memory Configuration

Name             Origin             Length             Attributes
FLASH            0x0000000010000000 0x0000000000200000 xr
RAM              0x0000000020000000 0x0000000000040000 xrw
SCRATCH_X        0x0000000020040000 0x0000000000001000 xrw
SCRATCH_Y        0x0000000020041000 0x0000000000001000 xrw
*default*        0x0000000000000000 0xffffffffffffffff

Linker script and memory map

LOAD /usr/local/Cellar/arm-none-eabi-gcc/10.3-2021.07/gcc/bin/../lib/gcc/arm-none-eabi/10.3.1/thumb/v6-m/nofp/crti.o
LOAD /usr/local/Cellar/arm-none-eabi-gcc/10.3-2021.07/gcc/bin/../lib/gcc/arm-none-eabi/10.3.1/thumb/v6-m/nofp/crtbegin.o
LOAD /usr/local/Cellar/arm-none-eabi-gcc/10.3-2021.07/gcc/bin/../lib/gcc/arm-none-eabi/10.3.1/../../../../arm-none-eabi/lib/thumb/v6-m/nofp/crt0.o

.flash_begin    0x0000000010000000        0x0
                0x0000000010000000                __flash_binary_start = .

.boot2          0x0000000010000000      0x100
                0x0000000010000000                __boot2_start__ = .
 *(.boot2)
 .boot2         0x0000000010000000      0x100 /var/folders/mq/pby672116wq5y_qrmsf3r6g40000gn/T//cc1Y5FEH.o
                0x0000000010000100                __boot2_end__ = .
                0x0000000000000001                ASSERT (((__boot2_end__ - __boot2_start__) == 0x100), ERROR: Pico second stage bootloader must be 256 bytes in size)

.text           0x0000000010000100     0x4980
                0x0000000010000100                __logical_binary_start = .
 *(.vectors)
 .vectors       0x0000000010000100       0xd4 CMakeFiles/mcp9808_i2c.dir/Users/tim/Documents/Workspace/pico/pico-sdk/src/rp2_common/pico_standard_link/crt0.S.obj
                0x0000000010000100                __VECTOR_TABLE
                0x0000000010000100                __vectors
                0x00000000100001c0                __default_isrs_start
                0x00000000100001c0                isr_invalid
                0x00000000100001c2                isr_nmi
                0x00000000100001c4                isr_hardfault
                0x00000000100001c6                isr_svcall
                0x00000000100001c8                isr_pendsv
                0x00000000100001ca                isr_systick
                0x00000000100001cc                isr_irq28
                0x00000000100001cc                isr_irq19
                0x00000000100001cc                isr_irq0
                0x00000000100001cc                isr_irq6
                0x00000000100001cc                isr_irq22
                0x00000000100001cc                isr_irq17
                0x00000000100001cc                isr_irq14
                0x00000000100001cc                isr_irq2
                0x00000000100001cc                isr_irq10
                0x00000000100001cc                isr_irq8
                0x00000000100001cc                isr_irq24
                0x00000000100001cc                isr_irq1
                0x00000000100001cc                isr_irq7
                0x00000000100001cc                isr_irq21
                0x00000000100001cc                isr_irq20
                0x00000000100001cc                isr_irq15
                0x00000000100001cc                isr_irq25
                0x00000000100001cc                isr_irq4
                0x00000000100001cc                isr_irq16
                0x00000000100001cc                isr_irq29
                0x00000000100001cc                isr_irq26
                0x00000000100001cc                __default_isrs_end
                0x00000000100001cc                isr_irq3
                0x00000000100001cc                isr_irq9
                0x00000000100001cc                __unhandled_user_irq
                0x00000000100001cc                isr_irq13
                0x00000000100001cc                isr_irq27
                0x00000000100001cc                isr_irq31
                0x00000000100001cc                isr_irq5
                0x00000000100001cc                isr_irq11
                0x00000000100001cc                isr_irq23
                0x00000000100001cc                isr_irq18
                0x00000000100001cc                isr_irq30
                0x00000000100001cc                isr_irq12
                0x00000000100001d2                unhandled_user_irq_num_in_r0
 *(.binary_info_header)
 .binary_info_header
                0x00000000100001d4       0x14 CMakeFiles/mcp9808_i2c.dir/Users/tim/Documents/Workspace/pico/pico-sdk/src/rp2_common/pico_standard_link/crt0.S.obj
                0x00000000100001e8                __binary_info_header_end = .
 *(.reset)
 .reset         0x00000000100001e8       0xa0 CMakeFiles/mcp9808_i2c.dir/Users/tim/Documents/Workspace/pico/pico-sdk/src/rp2_common/pico_standard_link/crt0.S.obj
                0x00000000100001e8                _entry_point
 .reset         0x0000000010000288       0x30 CMakeFiles/mcp9808_i2c.dir/Users/tim/Documents/Workspace/pico/pico-sdk/src/rp2_common/pico_standard_link/binary_info.c.obj
 *(.init)
 .init          0x00000000100002b8        0x4 /usr/local/Cellar/arm-none-eabi-gcc/10.3-2021.07/gcc/bin/../lib/gcc/arm-none-eabi/10.3.1/thumb/v6-m/nofp/crti.o
                0x00000000100002b8                _init
 *(EXCLUDE_FILE(*libm.a: *libc.a:*lib_a-mem*.o *libgcc.a:) .text*)
 .text          0x00000000100002bc       0x48 /usr/local/Cellar/arm-none-eabi-gcc/10.3-2021.07/gcc/bin/../lib/gcc/arm-none-eabi/10.3.1/thumb/v6-m/nofp/crtbegin.o
 .text.mcp9808_set_limits
                0x0000000010000304       0x5c CMakeFiles/mcp9808_i2c.dir/mcp9808_i2c.c.obj
                0x0000000010000304                mcp9808_set_limits
 .text.startup.main
                0x0000000010000360      0x144 CMakeFiles/mcp9808_i2c.dir/mcp9808_i2c.c.obj
                0x0000000010000360                main
 .text.gpio_set_function
                0x00000000100004a4       0x30 CMakeFiles/mcp9808_i2c.dir/Users/tim/Documents/Workspace/pico/pico-sdk/src/rp2_common/hardware_gpio/gpio.c.obj
                0x00000000100004a4                gpio_set_function
 .text.gpio_set_pulls
                0x00000000100004d4       0x30 CMakeFiles/mcp9808_i2c.dir/Users/tim/Documents/Workspace/pico/pico-sdk/src/rp2_common/hardware_gpio/gpio.c.obj
                0x00000000100004d4                gpio_set_pulls
 .text.running_on_fpga
                0x0000000010000504       0x10 CMakeFiles/mcp9808_i2c.dir/Users/tim/Documents/Workspace/pico/pico-sdk/src/rp2_common/pico_platform/platform.c.obj
                0x0000000010000504                running_on_fpga
 .text.hw_claim_or_assert
                0x0000000010000514       0x44 CMakeFiles/mcp9808_i2c.dir/Users/tim/Documents/Workspace/pico/pico-sdk/src/rp2_common/hardware_claim/claim.c.obj
                0x0000000010000514                hw_claim_or_assert
 .text.spin_locks_reset
                0x0000000010000558       0x1c CMakeFiles/mcp9808_i2c.dir/Users/tim/Documents/Workspace/pico/pico-sdk/src/rp2_common/hardware_sync/sync.c.obj
                0x0000000010000558                spin_locks_reset
 .text.next_striped_spin_lock_num
                0x0000000010000574       0x18 CMakeFiles/mcp9808_i2c.dir/Users/tim/Documents/Workspace/pico/pico-sdk/src/rp2_common/hardware_sync/sync.c.obj
                0x0000000010000574                next_striped_spin_lock_num
 .text.irq_set_enabled
                0x000000001000058c       0x24 CMakeFiles/mcp9808_i2c.dir/Users/tim/Documents/Workspace/pico/pico-sdk/src/rp2_common/hardware_irq/irq.c.obj
                0x000000001000058c                irq_set_enabled
 .text.irq_get_vtable_handler
                0x00000000100005b0       0x10 CMakeFiles/mcp9808_i2c.dir/Users/tim/Documents/Workspace/pico/pico-sdk/src/rp2_common/hardware_irq/irq.c.obj
                0x00000000100005b0                irq_get_vtable_handler
 .text.irq_set_exclusive_handler
                0x00000000100005c0       0x54 CMakeFiles/mcp9808_i2c.dir/Users/tim/Documents/Workspace/pico/pico-sdk/src/rp2_common/hardware_irq/irq.c.obj
                0x00000000100005c0                irq_set_exclusive_handler
 .text.irq_remove_handler
                0x0000000010000614      0x1b0 CMakeFiles/mcp9808_i2c.dir/Users/tim/Documents/Workspace/pico/pico-sdk/src/rp2_common/hardware_irq/irq.c.obj
                0x0000000010000614                irq_remove_handler
 .text.irq_add_tail_to_free_list
                0x00000000100007c4       0xb4 CMakeFiles/mcp9808_i2c.dir/Users/tim/Documents/Workspace/pico/pico-sdk/src/rp2_common/hardware_irq/irq.c.obj
                0x00000000100007c4                irq_add_tail_to_free_list
 .text.irq_init_priorities
                0x0000000010000878       0x24 CMakeFiles/mcp9808_i2c.dir/Users/tim/Documents/Workspace/pico/pico-sdk/src/rp2_common/hardware_irq/irq.c.obj
                0x0000000010000878                irq_init_priorities
 .text.lock_init
                0x000000001000089c       0x10 CMakeFiles/mcp9808_i2c.dir/Users/tim/Documents/Workspace/pico/pico-sdk/src/common/pico_sync/lock_core.c.obj
                0x000000001000089c                lock_init
 .text.mutex_init
                0x00000000100008ac       0x1c CMakeFiles/mcp9808_i2c.dir/Users/tim/Documents/Workspace/pico/pico-sdk/src/common/pico_sync/mutex.c.obj
                0x00000000100008ac                mutex_init
 .text.recursive_mutex_init
                0x00000000100008c8       0x1c CMakeFiles/mcp9808_i2c.dir/Users/tim/Documents/Workspace/pico/pico-sdk/src/common/pico_sync/mutex.c.obj
                0x00000000100008c8                recursive_mutex_init
 .text.timer_pool_entry_comparator
                0x00000000100008e4       0x34 CMakeFiles/mcp9808_i2c.dir/Users/tim/Documents/Workspace/pico/pico-sdk/src/common/pico_time/time.c.obj
                0x00000000100008e4                timer_pool_entry_comparator
 .text.sleep_until_callback
                0x0000000010000918       0x30 CMakeFiles/mcp9808_i2c.dir/Users/tim/Documents/Workspace/pico/pico-sdk/src/common/pico_time/time.c.obj
 .text.add_alarm_under_lock.isra.0
                0x0000000010000948      0x100 CMakeFiles/mcp9808_i2c.dir/Users/tim/Documents/Workspace/pico/pico-sdk/src/common/pico_time/time.c.obj
 .text.alarm_pool_alarm_callback
                0x0000000010000a48      0x1bc CMakeFiles/mcp9808_i2c.dir/Users/tim/Documents/Workspace/pico/pico-sdk/src/common/pico_time/time.c.obj
 .text.alarm_pool_init_default
                0x0000000010000c04       0x6c CMakeFiles/mcp9808_i2c.dir/Users/tim/Documents/Workspace/pico/pico-sdk/src/common/pico_time/time.c.obj
                0x0000000010000c04                alarm_pool_init_default
 .text.alarm_pool_add_alarm_at
                0x0000000010000c70      0x178 CMakeFiles/mcp9808_i2c.dir/Users/tim/Documents/Workspace/pico/pico-sdk/src/common/pico_time/time.c.obj
                0x0000000010000c70                alarm_pool_add_alarm_at
 .text.sleep_until
                0x0000000010000de8       0xc4 CMakeFiles/mcp9808_i2c.dir/Users/tim/Documents/Workspace/pico/pico-sdk/src/common/pico_time/time.c.obj
                0x0000000010000de8                sleep_until
 .text.sleep_ms
                0x0000000010000eac       0x34 CMakeFiles/mcp9808_i2c.dir/Users/tim/Documents/Workspace/pico/pico-sdk/src/common/pico_time/time.c.obj
                0x0000000010000eac                sleep_ms
 .text.best_effort_wfe_or_timeout
                0x0000000010000ee0       0xd4 CMakeFiles/mcp9808_i2c.dir/Users/tim/Documents/Workspace/pico/pico-sdk/src/common/pico_time/time.c.obj
                0x0000000010000ee0                best_effort_wfe_or_timeout
 .text.hardware_alarm_irq_handler
                0x0000000010000fb4       0xbc CMakeFiles/mcp9808_i2c.dir/Users/tim/Documents/Workspace/pico/pico-sdk/src/rp2_common/hardware_timer/timer.c.obj
 .text.hardware_alarm_claim
                0x0000000010001070       0x18 CMakeFiles/mcp9808_i2c.dir/Users/tim/Documents/Workspace/pico/pico-sdk/src/rp2_common/hardware_timer/timer.c.obj
                0x0000000010001070                hardware_alarm_claim
 .text.time_us_64
                0x0000000010001088       0x14 CMakeFiles/mcp9808_i2c.dir/Users/tim/Documents/Workspace/pico/pico-sdk/src/rp2_common/hardware_timer/timer.c.obj
                0x0000000010001088                time_us_64
 .text.busy_wait_us
                0x000000001000109c       0x54 CMakeFiles/mcp9808_i2c.dir/Users/tim/Documents/Workspace/pico/pico-sdk/src/rp2_common/hardware_timer/timer.c.obj
                0x000000001000109c                busy_wait_us
 .text.busy_wait_until
                0x00000000100010f0       0x20 CMakeFiles/mcp9808_i2c.dir/Users/tim/Documents/Workspace/pico/pico-sdk/src/rp2_common/hardware_timer/timer.c.obj
                0x00000000100010f0                busy_wait_until
 .text.hardware_alarm_set_callback
                0x0000000010001110       0x8c CMakeFiles/mcp9808_i2c.dir/Users/tim/Documents/Workspace/pico/pico-sdk/src/rp2_common/hardware_timer/timer.c.obj
                0x0000000010001110                hardware_alarm_set_callback
 .text.hardware_alarm_set_target
                0x000000001000119c       0xd4 CMakeFiles/mcp9808_i2c.dir/Users/tim/Documents/Workspace/pico/pico-sdk/src/rp2_common/hardware_timer/timer.c.obj
                0x000000001000119c                hardware_alarm_set_target
 .text.hardware_alarm_cancel
                0x0000000010001270       0x3c CMakeFiles/mcp9808_i2c.dir/Users/tim/Documents/Workspace/pico/pico-sdk/src/rp2_common/hardware_timer/timer.c.obj
                0x0000000010001270                hardware_alarm_cancel
 .text.ph_merge_nodes
                0x00000000100012ac       0x68 CMakeFiles/mcp9808_i2c.dir/Users/tim/Documents/Workspace/pico/pico-sdk/src/common/pico_util/pheap.c.obj
 .text.ph_post_alloc_init
                0x0000000010001314       0x3c CMakeFiles/mcp9808_i2c.dir/Users/tim/Documents/Workspace/pico/pico-sdk/src/common/pico_util/pheap.c.obj
                0x0000000010001314                ph_post_alloc_init
 .text.ph_merge_two_pass
                0x0000000010001350       0x90 CMakeFiles/mcp9808_i2c.dir/Users/tim/Documents/Workspace/pico/pico-sdk/src/common/pico_util/pheap.c.obj
                0x0000000010001350                ph_merge_two_pass
 .text.ph_remove_any_head
                0x00000000100013e0      0x100 CMakeFiles/mcp9808_i2c.dir/Users/tim/Documents/Workspace/pico/pico-sdk/src/common/pico_util/pheap.c.obj
 .text.ph_remove_head
                0x00000000100014e0      0x104 CMakeFiles/mcp9808_i2c.dir/Users/tim/Documents/Workspace/pico/pico-sdk/src/common/pico_util/pheap.c.obj
                0x00000000100014e0                ph_remove_head
 .text.ph_remove_and_free_node
                0x00000000100015e4       0x7c CMakeFiles/mcp9808_i2c.dir/Users/tim/Documents/Workspace/pico/pico-sdk/src/common/pico_util/pheap.c.obj
                0x00000000100015e4                ph_remove_and_free_node
 .text.uart_init
                0x0000000010001660      0x188 CMakeFiles/mcp9808_i2c.dir/Users/tim/Documents/Workspace/pico/pico-sdk/src/rp2_common/hardware_uart/uart.c.obj
                0x0000000010001660                uart_init
 .text.clocks_init
                0x00000000100017e8      0x2d0 CMakeFiles/mcp9808_i2c.dir/Users/tim/Documents/Workspace/pico/pico-sdk/src/rp2_common/hardware_clocks/clocks.c.obj
                0x00000000100017e8                clocks_init
 .text.clock_get_hz
                0x0000000010001ab8        0xc CMakeFiles/mcp9808_i2c.dir/Users/tim/Documents/Workspace/pico/pico-sdk/src/rp2_common/hardware_clocks/clocks.c.obj
                0x0000000010001ab8                clock_get_hz
 .text.pll_init
                0x0000000010001ac4       0xa0 CMakeFiles/mcp9808_i2c.dir/Users/tim/Documents/Workspace/pico/pico-sdk/src/rp2_common/hardware_pll/pll.c.obj
                0x0000000010001ac4                pll_init
 .text.watchdog_start_tick
                0x0000000010001b64       0x10 CMakeFiles/mcp9808_i2c.dir/Users/tim/Documents/Workspace/pico/pico-sdk/src/rp2_common/hardware_watchdog/watchdog.c.obj
                0x0000000010001b64                watchdog_start_tick
 .text.xosc_init
                0x0000000010001b74       0x28 CMakeFiles/mcp9808_i2c.dir/Users/tim/Documents/Workspace/pico/pico-sdk/src/rp2_common/hardware_xosc/xosc.c.obj
                0x0000000010001b74                xosc_init
 .text.runtime_init
                0x0000000010001b9c       0xf0 CMakeFiles/mcp9808_i2c.dir/Users/tim/Documents/Workspace/pico/pico-sdk/src/rp2_common/pico_runtime/runtime.c.obj
                0x0000000010001b9c                runtime_init
 .text._exit    0x0000000010001c8c        0x4 CMakeFiles/mcp9808_i2c.dir/Users/tim/Documents/Workspace/pico/pico-sdk/src/rp2_common/pico_runtime/runtime.c.obj
                0x0000000010001c8c                _exit
 .text.exit     0x0000000010001c90        0x8 CMakeFiles/mcp9808_i2c.dir/Users/tim/Documents/Workspace/pico/pico-sdk/src/rp2_common/pico_runtime/runtime.c.obj
                0x0000000010001c90                exit
 .text.panic    0x0000000010001c98       0x30 CMakeFiles/mcp9808_i2c.dir/Users/tim/Documents/Workspace/pico/pico-sdk/src/rp2_common/pico_runtime/runtime.c.obj
                0x0000000010001c98                panic
 .text.hard_assertion_failure
                0x0000000010001cc8        0xc CMakeFiles/mcp9808_i2c.dir/Users/tim/Documents/Workspace/pico/pico-sdk/src/rp2_common/pico_runtime/runtime.c.obj
                0x0000000010001cc8                hard_assertion_failure
 .text._out_null
                0x0000000010001cd4        0x4 CMakeFiles/mcp9808_i2c.dir/Users/tim/Documents/Workspace/pico/pico-sdk/src/rp2_common/pico_printf/printf.c.obj
 .text._out_rev
                0x0000000010001cd8       0x9c CMakeFiles/mcp9808_i2c.dir/Users/tim/Documents/Workspace/pico/pico-sdk/src/rp2_common/pico_printf/printf.c.obj
 .text._ntoa_format
                0x0000000010001d74      0x1cc CMakeFiles/mcp9808_i2c.dir/Users/tim/Documents/Workspace/pico/pico-sdk/src/rp2_common/pico_printf/printf.c.obj
 .text._out_char
                0x0000000010001f40       0x10 CMakeFiles/mcp9808_i2c.dir/Users/tim/Documents/Workspace/pico/pico-sdk/src/rp2_common/pico_printf/printf.c.obj
 .text._out_fct
                0x0000000010001f50       0x10 CMakeFiles/mcp9808_i2c.dir/Users/tim/Documents/Workspace/pico/pico-sdk/src/rp2_common/pico_printf/printf.c.obj
 .text._etoa    0x0000000010001f60      0x44c CMakeFiles/mcp9808_i2c.dir/Users/tim/Documents/Workspace/pico/pico-sdk/src/rp2_common/pico_printf/printf.c.obj
 .text._ftoa    0x00000000100023ac      0x398 CMakeFiles/mcp9808_i2c.dir/Users/tim/Documents/Workspace/pico/pico-sdk/src/rp2_common/pico_printf/printf.c.obj
 .text._vsnprintf
                0x0000000010002744      0xb04 CMakeFiles/mcp9808_i2c.dir/Users/tim/Documents/Workspace/pico/pico-sdk/src/rp2_common/pico_printf/printf.c.obj
 .text.vfctprintf
                0x0000000010003248       0x20 CMakeFiles/mcp9808_i2c.dir/Users/tim/Documents/Workspace/pico/pico-sdk/src/rp2_common/pico_printf/printf.c.obj
                0x0000000010003248                vfctprintf
 .text.weak_raw_vprintf
                0x0000000010003268       0x30 CMakeFiles/mcp9808_i2c.dir/Users/tim/Documents/Workspace/pico/pico-sdk/src/rp2_common/pico_printf/printf.c.obj
                0x0000000010003268                weak_raw_vprintf
 .text          0x0000000010003298       0x10 CMakeFiles/mcp9808_i2c.dir/Users/tim/Documents/Workspace/pico/pico-sdk/src/rp2_common/pico_bit_ops/bit_ops_aeabi.S.obj
 .text.rom_func_lookup
                0x00000000100032a8       0x10 CMakeFiles/mcp9808_i2c.dir/Users/tim/Documents/Workspace/pico/pico-sdk/src/rp2_common/pico_bootrom/bootrom.c.obj
                0x00000000100032a8                rom_func_lookup
 .text.rom_data_lookup
                0x00000000100032b8       0x10 CMakeFiles/mcp9808_i2c.dir/Users/tim/Documents/Workspace/pico/pico-sdk/src/rp2_common/pico_bootrom/bootrom.c.obj
                0x00000000100032b8                rom_data_lookup
 .text.rom_funcs_lookup
                0x00000000100032c8       0x44 CMakeFiles/mcp9808_i2c.dir/Users/tim/Documents/Workspace/pico/pico-sdk/src/rp2_common/pico_bootrom/bootrom.c.obj
                0x00000000100032c8                rom_funcs_lookup
 .text.__wrap___aeabi_idiv
                0x000000001000330c       0x50 CMakeFiles/mcp9808_i2c.dir/Users/tim/Documents/Workspace/pico/pico-sdk/src/rp2_common/pico_divider/divider.S.obj
                0x000000001000330c                __wrap___aeabi_idivmod
                0x000000001000330c                divmod_s32s32
                0x000000001000330c                div_s32s32
                0x000000001000330c                __wrap___aeabi_idiv
                0x0000000010003314                divmod_s32s32_unsafe
                0x0000000010003340                divmod_s32s32_savestate
 .text.__wrap___aeabi_uidiv
                0x000000001000335c       0x4c CMakeFiles/mcp9808_i2c.dir/Users/tim/Documents/Workspace/pico/pico-sdk/src/rp2_common/pico_divider/divider.S.obj
                0x000000001000335c                __wrap___aeabi_uidiv
                0x000000001000335c                __wrap___aeabi_uidivmod
                0x000000001000335c                div_u32u32
                0x000000001000335c                divmod_u32u32
                0x0000000010003364                divmod_u32u32_unsafe
                0x000000001000338c                divmod_u32u32_savestate
 .text.__wrap___aeabi_ldiv
                0x00000000100033a8      0x424 CMakeFiles/mcp9808_i2c.dir/Users/tim/Documents/Workspace/pico/pico-sdk/src/rp2_common/pico_divider/divider.S.obj
                0x00000000100033a8                __wrap___aeabi_ldivmod
                0x00000000100033a8                div_s64s64
                0x00000000100033a8                divmod_s64s64
                0x00000000100033d8                divmod_u64u64
                0x00000000100033d8                div_u64u64
                0x00000000100033d8                __wrap___aeabi_uldivmod
                0x00000000100033e8                divmod_u64u64_savestate
                0x0000000010003408                divmod_s64s64_unsafe
                0x0000000010003490                divmod_u64u64_unsafe
 .text.__wrap___aeabi_darithmetic
                0x00000000100037cc       0x80 CMakeFiles/mcp9808_i2c.dir/Users/tim/Documents/Workspace/pico/pico-sdk/src/rp2_common/pico_double/double_aeabi.S.obj
                0x00000000100037cc                __wrap___aeabi_drsub
                0x00000000100037d2                __wrap___aeabi_dsub
                0x00000000100037e4                __wrap___aeabi_dadd
                0x00000000100037f6                __wrap___aeabi_ddiv
                0x0000000010003832                __wrap___aeabi_dmul
 .text.__wrap___aeabi_cdcmple
                0x000000001000384c       0x6c CMakeFiles/mcp9808_i2c.dir/Users/tim/Documents/Workspace/pico/pico-sdk/src/rp2_common/pico_double/double_aeabi.S.obj
                0x000000001000384c                __wrap___aeabi_cdrcmple
                0x000000001000385c                __wrap___aeabi_cdcmple
                0x000000001000385c                __wrap___aeabi_cdcmpeq
 .text.__wrap___aeabi_dcmplt
                0x00000000100038b8        0xc CMakeFiles/mcp9808_i2c.dir/Users/tim/Documents/Workspace/pico/pico-sdk/src/rp2_common/pico_double/double_aeabi.S.obj
                0x00000000100038b8                __wrap___aeabi_dcmplt
 .text.__wrap___aeabi_dcmple
                0x00000000100038c4       0x10 CMakeFiles/mcp9808_i2c.dir/Users/tim/Documents/Workspace/pico/pico-sdk/src/rp2_common/pico_double/double_aeabi.S.obj
                0x00000000100038c4                __wrap___aeabi_dcmple
 .text.__wrap___aeabi_dcmpge
                0x00000000100038d4       0x10 CMakeFiles/mcp9808_i2c.dir/Users/tim/Documents/Workspace/pico/pico-sdk/src/rp2_common/pico_double/double_aeabi.S.obj
                0x00000000100038d4                __wrap___aeabi_dcmpge
 .text.__wrap___aeabi_dcmpgt
                0x00000000100038e4        0xa CMakeFiles/mcp9808_i2c.dir/Users/tim/Documents/Workspace/pico/pico-sdk/src/rp2_common/pico_double/double_aeabi.S.obj
                0x00000000100038e4                __wrap___aeabi_dcmpgt
 .text.__wrap___aeabi_dcmpun
                0x00000000100038ee       0x1c CMakeFiles/mcp9808_i2c.dir/Users/tim/Documents/Workspace/pico/pico-sdk/src/rp2_common/pico_double/double_aeabi.S.obj
                0x00000000100038ee                __wrap___aeabi_dcmpun
 *fill*         0x000000001000390a        0x2 
 .text.__wrap___aeabi_i2d
                0x000000001000390c       0x38 CMakeFiles/mcp9808_i2c.dir/Users/tim/Documents/Workspace/pico/pico-sdk/src/rp2_common/pico_double/double_aeabi.S.obj
                0x000000001000390c                __wrap___aeabi_ui2d
                0x0000000010003914                __wrap___aeabi_i2d
 .text.__wrap___aeabi_d2iz
                0x0000000010003944       0x48 CMakeFiles/mcp9808_i2c.dir/Users/tim/Documents/Workspace/pico/pico-sdk/src/rp2_common/pico_double/double_aeabi.S.obj
                0x0000000010003944                __wrap___aeabi_d2iz
                0x0000000010003944                double2int_z
 .text.__wrap___aeabi_d2uiz
                0x000000001000398c       0x18 CMakeFiles/mcp9808_i2c.dir/Users/tim/Documents/Workspace/pico/pico-sdk/src/rp2_common/pico_double/double_aeabi.S.obj
                0x000000001000398c                double2uint
                0x000000001000398c                __wrap___aeabi_d2uiz
 .text.__aeabi_double_init
                0x00000000100039a4       0x94 CMakeFiles/mcp9808_i2c.dir/Users/tim/Documents/Workspace/pico/pico-sdk/src/rp2_common/pico_double/double_init_rom.c.obj
                0x00000000100039a4                __aeabi_double_init
 .text.double_table_shim_on_use_helper
                0x0000000010003a38       0x2c CMakeFiles/mcp9808_i2c.dir/Users/tim/Documents/Workspace/pico/pico-sdk/src/rp2_common/pico_double/double_v1_rom_shim.S.obj
                0x0000000010003a38                double_table_shim_on_use_helper
 .text.__wrap___aeabi_dsub
                0x0000000010003a64       0x10 CMakeFiles/mcp9808_i2c.dir/Users/tim/Documents/Workspace/pico/pico-sdk/src/rp2_common/pico_double/double_v1_rom_shim.S.obj
                0x0000000010003a64                drsub_shim
                0x0000000010003a6a                dsub_shim
 .text.dadd_shim
                0x0000000010003a74      0x15c CMakeFiles/mcp9808_i2c.dir/Users/tim/Documents/Workspace/pico/pico-sdk/src/rp2_common/pico_double/double_v1_rom_shim.S.obj
                0x0000000010003a74                dadd_shim
 .text.dmul_shim
                0x0000000010003bd0      0x15c CMakeFiles/mcp9808_i2c.dir/Users/tim/Documents/Workspace/pico/pico-sdk/src/rp2_common/pico_double/double_v1_rom_shim.S.obj
                0x0000000010003bd0                dmul_shim
 .text.ddiv_shim
                0x0000000010003d2c      0x1b0 CMakeFiles/mcp9808_i2c.dir/Users/tim/Documents/Workspace/pico/pico-sdk/src/rp2_common/pico_double/double_v1_rom_shim.S.obj
                0x0000000010003d2c                ddiv_shim
 .text.double2uint_shim
                0x0000000010003edc        0xe CMakeFiles/mcp9808_i2c.dir/Users/tim/Documents/Workspace/pico/pico-sdk/src/rp2_common/pico_double/double_v1_rom_shim.S.obj
                0x0000000010003edc                double2uint_shim
                0x0000000010003ede                double2ufix_shim
 *fill*         0x0000000010003eea        0x2 
 .text.double2uint64_shim
                0x0000000010003eec       0x70 CMakeFiles/mcp9808_i2c.dir/Users/tim/Documents/Workspace/pico/pico-sdk/src/rp2_common/pico_double/double_v1_rom_shim.S.obj
                0x0000000010003eec                double2uint64_shim
                0x0000000010003eee                double2ufix64_shim
                0x0000000010003f0e                d2fix_a
 .text.dunpacks
                0x0000000010003f5c       0x3c CMakeFiles/mcp9808_i2c.dir/Users/tim/Documents/Workspace/pico/pico-sdk/src/rp2_common/pico_double/double_v1_rom_shim.S.obj
                0x0000000010003f5c                dunpacks
 .text.__aeabi_lmul
                0x0000000010003f98       0x32 CMakeFiles/mcp9808_i2c.dir/Users/tim/Documents/Workspace/pico/pico-sdk/src/rp2_common/pico_int64_ops/pico_int64_ops_aeabi.S.obj
                0x0000000010003f98                __wrap___aeabi_lmul
 *fill*         0x0000000010003fca        0x2 
 .text.__wrap___aeabi_farithmetic
                0x0000000010003fcc       0x48 CMakeFiles/mcp9808_i2c.dir/Users/tim/Documents/Workspace/pico/pico-sdk/src/rp2_common/pico_float/float_aeabi.S.obj
                0x0000000010003fcc                __wrap___aeabi_frsub
                0x0000000010003fd2                __wrap___aeabi_fsub
                0x0000000010003fd8                __wrap___aeabi_fadd
                0x0000000010003fde                __wrap___aeabi_fdiv
                0x0000000010004006                __wrap___aeabi_fmul
 .text.__wrap___aeabi_ui2f
                0x0000000010004014        0xa CMakeFiles/mcp9808_i2c.dir/Users/tim/Documents/Workspace/pico/pico-sdk/src/rp2_common/pico_float/float_aeabi.S.obj
                0x0000000010004014                __wrap___aeabi_ui2f
 *fill*         0x000000001000401e        0x2 
 .text.__wrap___aeabi_i2f
                0x0000000010004020       0x44 CMakeFiles/mcp9808_i2c.dir/Users/tim/Documents/Workspace/pico/pico-sdk/src/rp2_common/pico_float/float_aeabi.S.obj
                0x0000000010004020                __wrap___aeabi_i2f
 .text.__wrap___aeabi_f2d
                0x0000000010004064       0x14 CMakeFiles/mcp9808_i2c.dir/Users/tim/Documents/Workspace/pico/pico-sdk/src/rp2_common/pico_float/float_aeabi.S.obj
                0x0000000010004064                __wrap___aeabi_f2d
 .text.__aeabi_float_init
                0x0000000010004078       0x64 CMakeFiles/mcp9808_i2c.dir/Users/tim/Documents/Workspace/pico/pico-sdk/src/rp2_common/pico_float/float_init_rom.c.obj
                0x0000000010004078                __aeabi_float_init
 .text.float_table_shim_on_use_helper
                0x00000000100040dc       0x2c CMakeFiles/mcp9808_i2c.dir/Users/tim/Documents/Workspace/pico/pico-sdk/src/rp2_common/pico_float/float_v1_rom_shim.S.obj
                0x00000000100040dc                float_table_shim_on_use_helper
 .text.float2double_shim
                0x0000000010004108       0x30 CMakeFiles/mcp9808_i2c.dir/Users/tim/Documents/Workspace/pico/pico-sdk/src/rp2_common/pico_float/float_v1_rom_shim.S.obj
                0x0000000010004108                float2double_shim
 .text          0x0000000010004138       0x10 CMakeFiles/mcp9808_i2c.dir/Users/tim/Documents/Workspace/pico/pico-sdk/src/rp2_common/pico_mem_ops/mem_ops_aeabi.S.obj
                0x0000000010004138                __aeabi_mem_init
 .text.memcpy   0x0000000010004148        0xc CMakeFiles/mcp9808_i2c.dir/Users/tim/Documents/Workspace/pico/pico-sdk/src/rp2_common/pico_mem_ops/mem_ops_aeabi.S.obj
                0x0000000010004148                __wrap___aeabi_memcpy
                0x0000000010004148                __wrap_memcpy
 .text.stdio_out_chars_no_crlf
                0x0000000010004154       0x10 CMakeFiles/mcp9808_i2c.dir/Users/tim/Documents/Workspace/pico/pico-sdk/src/rp2_common/pico_stdio/stdio.c.obj
 .text.stdio_out_chars_crlf
                0x0000000010004164       0xb4 CMakeFiles/mcp9808_i2c.dir/Users/tim/Documents/Workspace/pico/pico-sdk/src/rp2_common/pico_stdio/stdio.c.obj
 .text.stdio_buffered_printer
                0x0000000010004218       0x64 CMakeFiles/mcp9808_i2c.dir/Users/tim/Documents/Workspace/pico/pico-sdk/src/rp2_common/pico_stdio/stdio.c.obj
 .text.stdio_put_string.isra.0
                0x000000001000427c       0xfc CMakeFiles/mcp9808_i2c.dir/Users/tim/Documents/Workspace/pico/pico-sdk/src/rp2_common/pico_stdio/stdio.c.obj
 .text.__wrap_putchar
                0x0000000010004378       0x98 CMakeFiles/mcp9808_i2c.dir/Users/tim/Documents/Workspace/pico/pico-sdk/src/rp2_common/pico_stdio/stdio.c.obj
                0x0000000010004378                __wrap_putchar
 .text.__wrap_puts
                0x0000000010004410       0x3c CMakeFiles/mcp9808_i2c.dir/Users/tim/Documents/Workspace/pico/pico-sdk/src/rp2_common/pico_stdio/stdio.c.obj
                0x0000000010004410                __wrap_puts
 .text.stdio_set_driver_enabled
                0x000000001000444c       0x30 CMakeFiles/mcp9808_i2c.dir/Users/tim/Documents/Workspace/pico/pico-sdk/src/rp2_common/pico_stdio/stdio.c.obj
                0x000000001000444c                stdio_set_driver_enabled
 .text.__wrap_vprintf
                0x000000001000447c       0xd8 CMakeFiles/mcp9808_i2c.dir/Users/tim/Documents/Workspace/pico/pico-sdk/src/rp2_common/pico_stdio/stdio.c.obj
                0x000000001000447c                __wrap_vprintf
 .text.__wrap_printf
                0x0000000010004554       0x18 CMakeFiles/mcp9808_i2c.dir/Users/tim/Documents/Workspace/pico/pico-sdk/src/rp2_common/pico_stdio/stdio.c.obj
                0x0000000010004554                __wrap_printf
 .text.stdio_init_all
                0x000000001000456c       0x14 CMakeFiles/mcp9808_i2c.dir/Users/tim/Documents/Workspace/pico/pico-sdk/src/rp2_common/pico_stdio/stdio.c.obj
                0x000000001000456c                stdio_init_all
 .text.stdio_uart_out_chars
                0x0000000010004580       0x4c CMakeFiles/mcp9808_i2c.dir/Users/tim/Documents/Workspace/pico/pico-sdk/src/rp2_common/pico_stdio_uart/stdio_uart.c.obj
 .text.stdio_uart_in_chars
                0x00000000100045cc       0x84 CMakeFiles/mcp9808_i2c.dir/Users/tim/Documents/Workspace/pico/pico-sdk/src/rp2_common/pico_stdio_uart/stdio_uart.c.obj
                0x00000000100045cc                stdio_uart_in_chars
 .text.on_uart_rx
                0x0000000010004650       0x28 CMakeFiles/mcp9808_i2c.dir/Users/tim/Documents/Workspace/pico/pico-sdk/src/rp2_common/pico_stdio_uart/stdio_uart.c.obj
 .text.stdio_uart_set_chars_available_callback
                0x0000000010004678       0x8c CMakeFiles/mcp9808_i2c.dir/Users/tim/Documents/Workspace/pico/pico-sdk/src/rp2_common/pico_stdio_uart/stdio_uart.c.obj
 .text.stdio_uart_init
                0x0000000010004704       0x48 CMakeFiles/mcp9808_i2c.dir/Users/tim/Documents/Workspace/pico/pico-sdk/src/rp2_common/pico_stdio_uart/stdio_uart.c.obj
                0x0000000010004704                stdio_uart_init
 .text.i2c_set_baudrate
                0x000000001000474c       0xc4 CMakeFiles/mcp9808_i2c.dir/Users/tim/Documents/Workspace/pico/pico-sdk/src/rp2_common/hardware_i2c/i2c.c.obj
                0x000000001000474c                i2c_set_baudrate
 .text.i2c_init
                0x0000000010004810       0x54 CMakeFiles/mcp9808_i2c.dir/Users/tim/Documents/Workspace/pico/pico-sdk/src/rp2_common/hardware_i2c/i2c.c.obj
                0x0000000010004810                i2c_init
 .text.i2c_write_blocking
                0x0000000010004864       0xd0 CMakeFiles/mcp9808_i2c.dir/Users/tim/Documents/Workspace/pico/pico-sdk/src/rp2_common/hardware_i2c/i2c.c.obj
                0x0000000010004864                i2c_write_blocking
 .text.i2c_read_blocking
                0x0000000010004934       0xac CMakeFiles/mcp9808_i2c.dir/Users/tim/Documents/Workspace/pico/pico-sdk/src/rp2_common/hardware_i2c/i2c.c.obj
                0x0000000010004934                i2c_read_blocking
 .text.strlen   0x00000000100049e0       0x5c /usr/local/Cellar/arm-none-eabi-gcc/10.3-2021.07/gcc/bin/../lib/gcc/arm-none-eabi/10.3.1/../../../../arm-none-eabi/lib/thumb/v6-m/nofp/libc.a(lib_a-strlen-stub.o)
                0x00000000100049e0                strlen
 *(.fini)
 .fini          0x0000000010004a3c        0x4 /usr/local/Cellar/arm-none-eabi-gcc/10.3-2021.07/gcc/bin/../lib/gcc/arm-none-eabi/10.3.1/thumb/v6-m/nofp/crti.o
                0x0000000010004a3c                _fini
 .fini.__stub   0x0000000010004a40       0x40 linker stubs
 *crtbegin.o(.ctors)
 *crtbegin?.o(.ctors)
 *(EXCLUDE_FILE(*crtend.o *crtend?.o) .ctors)
 *(SORT_BY_NAME(.ctors.*))
 *(.ctors)
 *crtbegin.o(.dtors)
 *crtbegin?.o(.dtors)
 *(EXCLUDE_FILE(*crtend.o *crtend?.o) .dtors)
 *(SORT_BY_NAME(.dtors.*))
 *(.dtors)
 *(.eh_frame*)
 .eh_frame      0x0000000010004a80        0x0 /usr/local/Cellar/arm-none-eabi-gcc/10.3-2021.07/gcc/bin/../lib/gcc/arm-none-eabi/10.3.1/thumb/v6-m/nofp/crtbegin.o
                0x0000000010004a80                . = ALIGN (0x4)

.glue_7         0x0000000010004a80        0x0
 .glue_7        0x0000000010004a80        0x0 linker stubs

.glue_7t        0x0000000010004a80        0x0
 .glue_7t       0x0000000010004a80        0x0 linker stubs

.vfp11_veneer   0x0000000010004a80        0x0
 .vfp11_veneer  0x0000000010004a80        0x0 linker stubs

.v4_bx          0x0000000010004a80        0x0
 .v4_bx         0x0000000010004a80        0x0 linker stubs

.iplt           0x0000000010004a80        0x0
 .iplt          0x0000000010004a80        0x0 /usr/local/Cellar/arm-none-eabi-gcc/10.3-2021.07/gcc/bin/../lib/gcc/arm-none-eabi/10.3.1/thumb/v6-m/nofp/crtbegin.o

.rodata         0x0000000010004a80      0x484
 *(EXCLUDE_FILE(*libm.a: *libc.a:*lib_a-mem*.o *libgcc.a:) .rodata*)
 .rodata.mcp9808_check_limits.str1.4
                0x0000000010004a80       0x9d CMakeFiles/mcp9808_i2c.dir/mcp9808_i2c.c.obj
 *fill*         0x0000000010004b1d        0x3 
 .rodata.main.str1.4
                0x0000000010004b20       0x52 CMakeFiles/mcp9808_i2c.dir/mcp9808_i2c.c.obj
 .rodata.REG_TEMP_AMB
                0x0000000010004b72        0x1 CMakeFiles/mcp9808_i2c.dir/mcp9808_i2c.c.obj
                0x0000000010004b72                REG_TEMP_AMB
 *fill*         0x0000000010004b73        0x1 
 .rodata.__bi_119.0
                0x0000000010004b74        0x8 CMakeFiles/mcp9808_i2c.dir/mcp9808_i2c.c.obj
 .rodata.hardware_alarm_claim.str1.4
                0x0000000010004b7c       0x22 CMakeFiles/mcp9808_i2c.dir/Users/tim/Documents/Workspace/pico/pico-sdk/src/rp2_common/hardware_timer/timer.c.obj
 *fill*         0x0000000010004b9e        0x2 
 .rodata.panic.str1.4
                0x0000000010004ba0       0x10 CMakeFiles/mcp9808_i2c.dir/Users/tim/Documents/Workspace/pico/pico-sdk/src/rp2_common/pico_runtime/runtime.c.obj
                                         0x12 (size before relaxing)
 .rodata.hard_assertion_failure.str1.4
                0x0000000010004bb0        0xc CMakeFiles/mcp9808_i2c.dir/Users/tim/Documents/Workspace/pico/pico-sdk/src/rp2_common/pico_runtime/runtime.c.obj
 .rodata._ftoa.str1.4
                0x0000000010004bbc       0x15 CMakeFiles/mcp9808_i2c.dir/Users/tim/Documents/Workspace/pico/pico-sdk/src/rp2_common/pico_printf/printf.c.obj
 *fill*         0x0000000010004bd1        0x3 
 .rodata._vsnprintf
                0x0000000010004bd4      0x1e0 CMakeFiles/mcp9808_i2c.dir/Users/tim/Documents/Workspace/pico/pico-sdk/src/rp2_common/pico_printf/printf.c.obj
 *fill*         0x0000000010004db4        0x4 
 .rodata.pow10.0
                0x0000000010004db8       0x50 CMakeFiles/mcp9808_i2c.dir/Users/tim/Documents/Workspace/pico/pico-sdk/src/rp2_common/pico_printf/printf.c.obj
 .rodata.str1.4
                0x0000000010004e08       0x88 CMakeFiles/mcp9808_i2c.dir/Users/tim/Documents/Workspace/pico/pico-sdk/src/rp2_common/pico_standard_link/binary_info.c.obj
 .rodata.__bi_44
                0x0000000010004e90        0xc CMakeFiles/mcp9808_i2c.dir/Users/tim/Documents/Workspace/pico/pico-sdk/src/rp2_common/pico_standard_link/binary_info.c.obj
 .rodata.__bi_69
                0x0000000010004e9c        0xc CMakeFiles/mcp9808_i2c.dir/Users/tim/Documents/Workspace/pico/pico-sdk/src/rp2_common/pico_standard_link/binary_info.c.obj
 .rodata.__bi_75
                0x0000000010004ea8        0xc CMakeFiles/mcp9808_i2c.dir/Users/tim/Documents/Workspace/pico/pico-sdk/src/rp2_common/pico_standard_link/binary_info.c.obj
 .rodata.__bi_81
                0x0000000010004eb4        0xc CMakeFiles/mcp9808_i2c.dir/Users/tim/Documents/Workspace/pico/pico-sdk/src/rp2_common/pico_standard_link/binary_info.c.obj
 .rodata.crlf_str.0
                0x0000000010004ec0        0x2 CMakeFiles/mcp9808_i2c.dir/Users/tim/Documents/Workspace/pico/pico-sdk/src/rp2_common/pico_stdio/stdio.c.obj
 *fill*         0x0000000010004ec2        0x2 
 .rodata.str1.4
                0x0000000010004ec4       0x2c CMakeFiles/mcp9808_i2c.dir/Users/tim/Documents/Workspace/pico/pico-sdk/src/rp2_common/pico_stdio_uart/stdio_uart.c.obj
 .rodata.__bi_33.4
                0x0000000010004ef0        0xc CMakeFiles/mcp9808_i2c.dir/Users/tim/Documents/Workspace/pico/pico-sdk/src/rp2_common/pico_stdio_uart/stdio_uart.c.obj
 .rodata.__bi_34.5
                0x0000000010004efc        0x8 CMakeFiles/mcp9808_i2c.dir/Users/tim/Documents/Workspace/pico/pico-sdk/src/rp2_common/pico_stdio_uart/stdio_uart.c.obj
                0x0000000010004f04                . = ALIGN (0x4)
 *(SORT_BY_ALIGNMENT(SORT_BY_NAME(.flashdata*)))
                0x0000000010004f04                . = ALIGN (0x4)

.ARM.extab
 *(.ARM.extab* .gnu.linkonce.armextab.*)
                0x0000000010004f04                __exidx_start = .

.ARM.exidx
 *(.ARM.exidx* .gnu.linkonce.armexidx.*)
                0x0000000010004f04                __exidx_end = .
                0x0000000010004f04                . = ALIGN (0x4)
                0x0000000010004f04                __binary_info_start = .

.binary_info    0x0000000010004f04       0x2c
 *(.binary_info.keep.*)
 .binary_info.keep.__bi_ptr119
                0x0000000010004f04        0x4 CMakeFiles/mcp9808_i2c.dir/mcp9808_i2c.c.obj
 .binary_info.keep.__bi_ptr22
                0x0000000010004f08        0x4 CMakeFiles/mcp9808_i2c.dir/Users/tim/Documents/Workspace/pico/pico-sdk/src/rp2_common/pico_standard_link/binary_info.c.obj
 .binary_info.keep.__bi_ptr30
                0x0000000010004f0c        0x4 CMakeFiles/mcp9808_i2c.dir/Users/tim/Documents/Workspace/pico/pico-sdk/src/rp2_common/pico_standard_link/binary_info.c.obj
 .binary_info.keep.__bi_ptr38
                0x0000000010004f10        0x4 CMakeFiles/mcp9808_i2c.dir/Users/tim/Documents/Workspace/pico/pico-sdk/src/rp2_common/pico_standard_link/binary_info.c.obj
 .binary_info.keep.__bi_ptr44
                0x0000000010004f14        0x4 CMakeFiles/mcp9808_i2c.dir/Users/tim/Documents/Workspace/pico/pico-sdk/src/rp2_common/pico_standard_link/binary_info.c.obj
 .binary_info.keep.__bi_ptr50
                0x0000000010004f18        0x4 CMakeFiles/mcp9808_i2c.dir/Users/tim/Documents/Workspace/pico/pico-sdk/src/rp2_common/pico_standard_link/binary_info.c.obj
 .binary_info.keep.__bi_ptr69
                0x0000000010004f1c        0x4 CMakeFiles/mcp9808_i2c.dir/Users/tim/Documents/Workspace/pico/pico-sdk/src/rp2_common/pico_standard_link/binary_info.c.obj
 .binary_info.keep.__bi_ptr75
                0x0000000010004f20        0x4 CMakeFiles/mcp9808_i2c.dir/Users/tim/Documents/Workspace/pico/pico-sdk/src/rp2_common/pico_standard_link/binary_info.c.obj
 .binary_info.keep.__bi_ptr81
                0x0000000010004f24        0x4 CMakeFiles/mcp9808_i2c.dir/Users/tim/Documents/Workspace/pico/pico-sdk/src/rp2_common/pico_standard_link/binary_info.c.obj
 *(.binary_info.*)
 .binary_info.__bi_ptr33
                0x0000000010004f28        0x4 CMakeFiles/mcp9808_i2c.dir/Users/tim/Documents/Workspace/pico/pico-sdk/src/rp2_common/pico_stdio_uart/stdio_uart.c.obj
 .binary_info.__bi_ptr34
                0x0000000010004f2c        0x4 CMakeFiles/mcp9808_i2c.dir/Users/tim/Documents/Workspace/pico/pico-sdk/src/rp2_common/pico_stdio_uart/stdio_uart.c.obj
                0x0000000010004f30                __binary_info_end = .

.rel.dyn        0x0000000010004f30        0x0
 .rel.iplt      0x0000000010004f30        0x0 /usr/local/Cellar/arm-none-eabi-gcc/10.3-2021.07/gcc/bin/../lib/gcc/arm-none-eabi/10.3.1/thumb/v6-m/nofp/crtbegin.o
                0x0000000010004f30                . = ALIGN (0x4)

.ram_vector_table
                0x0000000020000000       0xc0
 *(.ram_vector_table)
 .ram_vector_table
                0x0000000020000000       0xc0 CMakeFiles/mcp9808_i2c.dir/Users/tim/Documents/Workspace/pico/pico-sdk/src/rp2_common/pico_runtime/runtime.c.obj
                0x0000000020000000                ram_vector_table

.data           0x00000000200000c0      0x1ac load address 0x0000000010004f30
                0x00000000200000c0                __data_start__ = .
 *(vtable)
 *(.time_critical*)
 .time_critical.mutex_try_enter_block_until
                0x00000000200000c0       0x9c CMakeFiles/mcp9808_i2c.dir/Users/tim/Documents/Workspace/pico/pico-sdk/src/common/pico_sync/mutex.c.obj
                0x00000000200000c0                mutex_try_enter_block_until
 .time_critical.mutex_exit
                0x000000002000015c       0x28 CMakeFiles/mcp9808_i2c.dir/Users/tim/Documents/Workspace/pico/pico-sdk/src/common/pico_sync/mutex.c.obj
                0x000000002000015c                mutex_exit
 *(.text*)
 .text          0x0000000020000184        0x4 /usr/local/Cellar/arm-none-eabi-gcc/10.3-2021.07/gcc/bin/../lib/gcc/arm-none-eabi/10.3.1/thumb/v6-m/nofp/libgcc.a(_dvmd_tls.o)
                0x0000000020000184                __aeabi_ldiv0
                0x0000000020000184                __aeabi_idiv0
 .text.__stub   0x0000000020000188       0x10 linker stubs
                0x0000000020000198                . = ALIGN (0x4)
 *(.rodata*)
                0x0000000020000198                . = ALIGN (0x4)
 *(.data*)
 .data.striped_spin_lock_num
                0x0000000020000198        0x1 CMakeFiles/mcp9808_i2c.dir/Users/tim/Documents/Workspace/pico/pico-sdk/src/rp2_common/hardware_sync/sync.c.obj
 *fill*         0x0000000020000199        0x3 
 .data          0x000000002000019c       0x48 CMakeFiles/mcp9808_i2c.dir/Users/tim/Documents/Workspace/pico/pico-sdk/src/rp2_common/hardware_irq/irq_handler_chain.S.obj
                0x000000002000019c                irq_handler_chain_slots
                0x00000000200001cc                irq_handler_chain_first_slot
                0x00000000200001d6                irq_handler_chain_remove_tail
 .data.default_alarm_pool
                0x00000000200001e4       0x18 CMakeFiles/mcp9808_i2c.dir/Users/tim/Documents/Workspace/pico/pico-sdk/src/common/pico_time/time.c.obj
 .data.default_alarm_pool_heap
                0x00000000200001fc       0x10 CMakeFiles/mcp9808_i2c.dir/Users/tim/Documents/Workspace/pico/pico-sdk/src/common/pico_time/time.c.obj
 *fill*         0x000000002000020c        0x4 
 .data.aeabi_bits_funcs
                0x0000000020000210       0x10 CMakeFiles/mcp9808_i2c.dir/Users/tim/Documents/Workspace/pico/pico-sdk/src/rp2_common/pico_bit_ops/bit_ops_aeabi.S.obj
                0x0000000020000210                aeabi_bits_funcs
                0x0000000020000220                aeabi_bits_funcs_end
 .data.aeabi_mem_funcs
                0x0000000020000220       0x10 CMakeFiles/mcp9808_i2c.dir/Users/tim/Documents/Workspace/pico/pico-sdk/src/rp2_common/pico_mem_ops/mem_ops_aeabi.S.obj
                0x0000000020000220                aeabi_mem_funcs
                0x0000000020000230                aeabi_mem_funcs_end
 .data.stdio_uart
                0x0000000020000230       0x18 CMakeFiles/mcp9808_i2c.dir/Users/tim/Documents/Workspace/pico/pico-sdk/src/rp2_common/pico_stdio_uart/stdio_uart.c.obj
                0x0000000020000230                stdio_uart
 .data.i2c0_inst
                0x0000000020000248        0x8 CMakeFiles/mcp9808_i2c.dir/Users/tim/Documents/Workspace/pico/pico-sdk/src/rp2_common/hardware_i2c/i2c.c.obj
                0x0000000020000248                i2c0_inst
                0x0000000020000250                . = ALIGN (0x4)
 *(.after_data.*)
                0x0000000020000250                . = ALIGN (0x4)
                0x0000000020000250                PROVIDE (__mutex_array_start = .)
 *(SORT_BY_NAME(.mutex_array.*))
 *(.mutex_array)
 .mutex_array   0x0000000020000250        0x8 CMakeFiles/mcp9808_i2c.dir/Users/tim/Documents/Workspace/pico/pico-sdk/src/rp2_common/pico_stdio/stdio.c.obj
                0x0000000020000258                PROVIDE (__mutex_array_end = .)
                0x0000000020000258                . = ALIGN (0x4)
                0x0000000020000258                PROVIDE (__preinit_array_start = .)
 *(SORT_BY_NAME(.preinit_array.*))
 .preinit_array.00001
                0x0000000020000258        0x4 CMakeFiles/mcp9808_i2c.dir/Users/tim/Documents/Workspace/pico/pico-sdk/src/rp2_common/pico_mem_ops/mem_ops_aeabi.S.obj
 .preinit_array.00010
                0x000000002000025c        0x4 CMakeFiles/mcp9808_i2c.dir/Users/tim/Documents/Workspace/pico/pico-sdk/src/rp2_common/pico_bit_ops/bit_ops_aeabi.S.obj
 .preinit_array.00020
                0x0000000020000260        0x4 CMakeFiles/mcp9808_i2c.dir/Users/tim/Documents/Workspace/pico/pico-sdk/src/rp2_common/pico_double/double_aeabi.S.obj
 .preinit_array.00020
                0x0000000020000264        0x4 CMakeFiles/mcp9808_i2c.dir/Users/tim/Documents/Workspace/pico/pico-sdk/src/rp2_common/pico_float/float_aeabi.S.obj
 *(.preinit_array)
                0x0000000020000268                PROVIDE (__preinit_array_end = .)
                0x0000000020000268                . = ALIGN (0x4)
                0x0000000020000268                PROVIDE (__init_array_start = .)
 *(SORT_BY_NAME(.init_array.*))
 *(.init_array)
 .init_array    0x0000000020000268        0x4 /usr/local/Cellar/arm-none-eabi-gcc/10.3-2021.07/gcc/bin/../lib/gcc/arm-none-eabi/10.3.1/thumb/v6-m/nofp/crtbegin.o
                0x000000002000026c                PROVIDE (__init_array_end = .)
                0x000000002000026c                . = ALIGN (0x4)
                [!provide]                        PROVIDE (__fini_array_start = .)
 *(SORT_BY_NAME(.fini_array.*))
 *(.fini_array)
                [!provide]                        PROVIDE (__fini_array_end = .)
 *(.jcr)
                0x000000002000026c                . = ALIGN (0x4)
                0x000000002000026c                __data_end__ = .
                0x0000000010004f30                __etext = LOADADDR (.data)

.igot.plt       0x000000002000026c        0x0 load address 0x00000000100050dc
 .igot.plt      0x000000002000026c        0x0 /usr/local/Cellar/arm-none-eabi-gcc/10.3-2021.07/gcc/bin/../lib/gcc/arm-none-eabi/10.3.1/thumb/v6-m/nofp/crtbegin.o

.uninitialized_data
                0x000000002000026c        0x0 load address 0x00000000100050dc
                0x000000002000026c                . = ALIGN (0x4)
 *(.uninitialized_data*)

.scratch_x      0x0000000020040000        0x0 load address 0x00000000100050dc
                0x0000000020040000                __scratch_x_start__ = .
 *(.scratch_x.*)
                0x0000000020040000                . = ALIGN (0x4)
                0x0000000020040000                __scratch_x_end__ = .
                0x00000000100050dc                __scratch_x_source__ = LOADADDR (.scratch_x)

.scratch_y      0x0000000020041000        0x0 load address 0x00000000100050dc
                0x0000000020041000                __scratch_y_start__ = .
 *(.scratch_y.*)
                0x0000000020041000                . = ALIGN (0x4)
                0x0000000020041000                __scratch_y_end__ = .
                0x00000000100050dc                __scratch_y_source__ = LOADADDR (.scratch_y)

.bss            0x0000000020000270      0x3dc
                0x0000000020000270                . = ALIGN (0x4)
                0x0000000020000270                __bss_start__ = .
 *(SORT_BY_ALIGNMENT(SORT_BY_NAME(.bss*)))
 .bss.default_alarm_pool_entries
                0x0000000020000270      0x100 CMakeFiles/mcp9808_i2c.dir/Users/tim/Documents/Workspace/pico/pico-sdk/src/common/pico_time/time.c.obj
 .bss.sd_table  0x0000000020000370      0x100 CMakeFiles/mcp9808_i2c.dir/Users/tim/Documents/Workspace/pico/pico-sdk/src/rp2_common/pico_double/double_init_rom.c.obj
                0x0000000020000370                sd_table
 .bss.sf_table  0x0000000020000470      0x100 CMakeFiles/mcp9808_i2c.dir/Users/tim/Documents/Workspace/pico/pico-sdk/src/rp2_common/pico_float/float_init_rom.c.obj
                0x0000000020000470                sf_table
 .bss           0x0000000020000570       0x1c /usr/local/Cellar/arm-none-eabi-gcc/10.3-2021.07/gcc/bin/../lib/gcc/arm-none-eabi/10.3.1/thumb/v6-m/nofp/crtbegin.o
 .bss.alarm_callbacks
                0x000000002000058c       0x10 CMakeFiles/mcp9808_i2c.dir/Users/tim/Documents/Workspace/pico/pico-sdk/src/rp2_common/hardware_timer/timer.c.obj
 .bss.chars_available_callback
                0x000000002000059c        0x4 CMakeFiles/mcp9808_i2c.dir/Users/tim/Documents/Workspace/pico/pico-sdk/src/rp2_common/pico_stdio_uart/stdio_uart.c.obj
 .bss.chars_available_param
                0x00000000200005a0        0x4 CMakeFiles/mcp9808_i2c.dir/Users/tim/Documents/Workspace/pico/pico-sdk/src/rp2_common/pico_stdio_uart/stdio_uart.c.obj
 .bss.configured_freq
                0x00000000200005a4       0x28 CMakeFiles/mcp9808_i2c.dir/Users/tim/Documents/Workspace/pico/pico-sdk/src/rp2_common/hardware_clocks/clocks.c.obj
 .bss.default_alarm_pool_entry_ids_high
                0x00000000200005cc       0x10 CMakeFiles/mcp9808_i2c.dir/Users/tim/Documents/Workspace/pico/pico-sdk/src/common/pico_time/time.c.obj
 .bss.default_alarm_pool_heap_nodes
                0x00000000200005dc       0x30 CMakeFiles/mcp9808_i2c.dir/Users/tim/Documents/Workspace/pico/pico-sdk/src/common/pico_time/time.c.obj
 .bss.drivers   0x000000002000060c        0x4 CMakeFiles/mcp9808_i2c.dir/Users/tim/Documents/Workspace/pico/pico-sdk/src/rp2_common/pico_stdio/stdio.c.obj
 .bss.filter    0x0000000020000610        0x4 CMakeFiles/mcp9808_i2c.dir/Users/tim/Documents/Workspace/pico/pico-sdk/src/rp2_common/pico_stdio/stdio.c.obj
 .bss.lazy_vsnprintf
                0x0000000020000614        0x4 CMakeFiles/mcp9808_i2c.dir/Users/tim/Documents/Workspace/pico/pico-sdk/src/rp2_common/pico_printf/printf.c.obj
 .bss.pools     0x0000000020000618       0x10 CMakeFiles/mcp9808_i2c.dir/Users/tim/Documents/Workspace/pico/pico-sdk/src/common/pico_time/time.c.obj
 .bss.sf_clz_func
                0x0000000020000628        0x4 CMakeFiles/mcp9808_i2c.dir/Users/tim/Documents/Workspace/pico/pico-sdk/src/rp2_common/pico_double/double_init_rom.c.obj
                0x0000000020000628                sf_clz_func
 .bss.sleep_notifier
                0x000000002000062c        0x4 CMakeFiles/mcp9808_i2c.dir/Users/tim/Documents/Workspace/pico/pico-sdk/src/common/pico_time/time.c.obj
 .bss.target_hi
                0x0000000020000630       0x10 CMakeFiles/mcp9808_i2c.dir/Users/tim/Documents/Workspace/pico/pico-sdk/src/rp2_common/hardware_timer/timer.c.obj
 .bss.uart_char_to_line_feed
                0x0000000020000640        0x4 CMakeFiles/mcp9808_i2c.dir/Users/tim/Documents/Workspace/pico/pico-sdk/src/rp2_common/hardware_uart/uart.c.obj
                0x0000000020000640                uart_char_to_line_feed
 .bss.uart_instance
                0x0000000020000644        0x4 CMakeFiles/mcp9808_i2c.dir/Users/tim/Documents/Workspace/pico/pico-sdk/src/rp2_common/pico_stdio_uart/stdio_uart.c.obj
 .bss.claimed   0x0000000020000648        0x1 CMakeFiles/mcp9808_i2c.dir/Users/tim/Documents/Workspace/pico/pico-sdk/src/rp2_common/hardware_timer/timer.c.obj
 .bss.irq_hander_chain_free_slot_head
                0x0000000020000649        0x1 CMakeFiles/mcp9808_i2c.dir/Users/tim/Documents/Workspace/pico/pico-sdk/src/rp2_common/hardware_irq/irq.c.obj
 .bss.timer_callbacks_pending
                0x000000002000064a        0x1 CMakeFiles/mcp9808_i2c.dir/Users/tim/Documents/Workspace/pico/pico-sdk/src/rp2_common/hardware_timer/timer.c.obj
 *(COMMON)
                0x000000002000064c                . = ALIGN (0x4)
 *fill*         0x000000002000064b        0x1 
                0x000000002000064c                __bss_end__ = .

.heap           0x000000002000064c      0x800
                0x000000002000064c                __end__ = .
                0x000000002000064c                end = __end__
 *(.heap*)
 .heap          0x000000002000064c      0x800 CMakeFiles/mcp9808_i2c.dir/Users/tim/Documents/Workspace/pico/pico-sdk/src/rp2_common/pico_standard_link/crt0.S.obj
                0x0000000020000e4c                __HeapLimit = .

.stack1_dummy   0x0000000020040000        0x0
 *(.stack1*)

.stack_dummy    0x0000000020041000      0x800
 *(.stack*)
 .stack         0x0000000020041000      0x800 CMakeFiles/mcp9808_i2c.dir/Users/tim/Documents/Workspace/pico/pico-sdk/src/rp2_common/pico_standard_link/crt0.S.obj

.flash_end      0x00000000100050dc        0x0
                0x00000000100050dc                PROVIDE (__flash_binary_end = .)
                0x0000000020040000                __StackLimit = (ORIGIN (RAM) + LENGTH (RAM))
                0x0000000020041000                __StackOneTop = (ORIGIN (SCRATCH_X) + LENGTH (SCRATCH_X))
                0x0000000020042000                __StackTop = (ORIGIN (SCRATCH_Y) + LENGTH (SCRATCH_Y))
                0x0000000020041000                __StackOneBottom = (__StackOneTop - SIZEOF (.stack1_dummy))
                0x0000000020041800                __StackBottom = (__StackTop - SIZEOF (.stack_dummy))
                0x0000000020042000                PROVIDE (__stack = __StackTop)
                0x0000000000000001                ASSERT ((__StackLimit >= __HeapLimit), region RAM overflowed)
                0x0000000000000001                ASSERT (((__binary_info_header_end - __logical_binary_start) <= 0x100), Binary info must be in first 256 bytes of the binary)
LOAD CMakeFiles/mcp9808_i2c.dir/mcp9808_i2c.c.obj
LOAD CMakeFiles/mcp9808_i2c.dir/Users/tim/Documents/Workspace/pico/pico-sdk/src/rp2_common/pico_stdlib/stdlib.c.obj
LOAD CMakeFiles/mcp9808_i2c.dir/Users/tim/Documents/Workspace/pico/pico-sdk/src/rp2_common/hardware_gpio/gpio.c.obj
LOAD CMakeFiles/mcp9808_i2c.dir/Users/tim/Documents/Workspace/pico/pico-sdk/src/rp2_common/pico_platform/platform.c.obj
LOAD CMakeFiles/mcp9808_i2c.dir/Users/tim/Documents/Workspace/pico/pico-sdk/src/rp2_common/hardware_claim/claim.c.obj
LOAD CMakeFiles/mcp9808_i2c.dir/Users/tim/Documents/Workspace/pico/pico-sdk/src/rp2_common/hardware_sync/sync.c.obj
LOAD CMakeFiles/mcp9808_i2c.dir/Users/tim/Documents/Workspace/pico/pico-sdk/src/rp2_common/hardware_irq/irq.c.obj
LOAD CMakeFiles/mcp9808_i2c.dir/Users/tim/Documents/Workspace/pico/pico-sdk/src/rp2_common/hardware_irq/irq_handler_chain.S.obj
LOAD CMakeFiles/mcp9808_i2c.dir/Users/tim/Documents/Workspace/pico/pico-sdk/src/common/pico_sync/sem.c.obj
LOAD CMakeFiles/mcp9808_i2c.dir/Users/tim/Documents/Workspace/pico/pico-sdk/src/common/pico_sync/lock_core.c.obj
LOAD CMakeFiles/mcp9808_i2c.dir/Users/tim/Documents/Workspace/pico/pico-sdk/src/common/pico_sync/mutex.c.obj
LOAD CMakeFiles/mcp9808_i2c.dir/Users/tim/Documents/Workspace/pico/pico-sdk/src/common/pico_sync/critical_section.c.obj
LOAD CMakeFiles/mcp9808_i2c.dir/Users/tim/Documents/Workspace/pico/pico-sdk/src/common/pico_time/time.c.obj
LOAD CMakeFiles/mcp9808_i2c.dir/Users/tim/Documents/Workspace/pico/pico-sdk/src/common/pico_time/timeout_helper.c.obj
LOAD CMakeFiles/mcp9808_i2c.dir/Users/tim/Documents/Workspace/pico/pico-sdk/src/rp2_common/hardware_timer/timer.c.obj
LOAD CMakeFiles/mcp9808_i2c.dir/Users/tim/Documents/Workspace/pico/pico-sdk/src/common/pico_util/datetime.c.obj
LOAD CMakeFiles/mcp9808_i2c.dir/Users/tim/Documents/Workspace/pico/pico-sdk/src/common/pico_util/pheap.c.obj
LOAD CMakeFiles/mcp9808_i2c.dir/Users/tim/Documents/Workspace/pico/pico-sdk/src/common/pico_util/queue.c.obj
LOAD CMakeFiles/mcp9808_i2c.dir/Users/tim/Documents/Workspace/pico/pico-sdk/src/rp2_common/hardware_uart/uart.c.obj
LOAD CMakeFiles/mcp9808_i2c.dir/Users/tim/Documents/Workspace/pico/pico-sdk/src/rp2_common/hardware_clocks/clocks.c.obj
LOAD CMakeFiles/mcp9808_i2c.dir/Users/tim/Documents/Workspace/pico/pico-sdk/src/rp2_common/hardware_pll/pll.c.obj
LOAD CMakeFiles/mcp9808_i2c.dir/Users/tim/Documents/Workspace/pico/pico-sdk/src/rp2_common/hardware_vreg/vreg.c.obj
LOAD CMakeFiles/mcp9808_i2c.dir/Users/tim/Documents/Workspace/pico/pico-sdk/src/rp2_common/hardware_watchdog/watchdog.c.obj
LOAD CMakeFiles/mcp9808_i2c.dir/Users/tim/Documents/Workspace/pico/pico-sdk/src/rp2_common/hardware_xosc/xosc.c.obj
LOAD CMakeFiles/mcp9808_i2c.dir/Users/tim/Documents/Workspace/pico/pico-sdk/src/rp2_common/hardware_divider/divider.S.obj
LOAD CMakeFiles/mcp9808_i2c.dir/Users/tim/Documents/Workspace/pico/pico-sdk/src/rp2_common/pico_runtime/runtime.c.obj
LOAD CMakeFiles/mcp9808_i2c.dir/Users/tim/Documents/Workspace/pico/pico-sdk/src/rp2_common/pico_printf/printf.c.obj
LOAD CMakeFiles/mcp9808_i2c.dir/Users/tim/Documents/Workspace/pico/pico-sdk/src/rp2_common/pico_bit_ops/bit_ops_aeabi.S.obj
LOAD CMakeFiles/mcp9808_i2c.dir/Users/tim/Documents/Workspace/pico/pico-sdk/src/rp2_common/pico_bootrom/bootrom.c.obj
LOAD CMakeFiles/mcp9808_i2c.dir/Users/tim/Documents/Workspace/pico/pico-sdk/src/rp2_common/pico_divider/divider.S.obj
LOAD CMakeFiles/mcp9808_i2c.dir/Users/tim/Documents/Workspace/pico/pico-sdk/src/rp2_common/pico_double/double_aeabi.S.obj
LOAD CMakeFiles/mcp9808_i2c.dir/Users/tim/Documents/Workspace/pico/pico-sdk/src/rp2_common/pico_double/double_init_rom.c.obj
LOAD CMakeFiles/mcp9808_i2c.dir/Users/tim/Documents/Workspace/pico/pico-sdk/src/rp2_common/pico_double/double_math.c.obj
LOAD CMakeFiles/mcp9808_i2c.dir/Users/tim/Documents/Workspace/pico/pico-sdk/src/rp2_common/pico_double/double_v1_rom_shim.S.obj
LOAD CMakeFiles/mcp9808_i2c.dir/Users/tim/Documents/Workspace/pico/pico-sdk/src/rp2_common/pico_int64_ops/pico_int64_ops_aeabi.S.obj
LOAD CMakeFiles/mcp9808_i2c.dir/Users/tim/Documents/Workspace/pico/pico-sdk/src/rp2_common/pico_float/float_aeabi.S.obj
LOAD CMakeFiles/mcp9808_i2c.dir/Users/tim/Documents/Workspace/pico/pico-sdk/src/rp2_common/pico_float/float_init_rom.c.obj
LOAD CMakeFiles/mcp9808_i2c.dir/Users/tim/Documents/Workspace/pico/pico-sdk/src/rp2_common/pico_float/float_math.c.obj
LOAD CMakeFiles/mcp9808_i2c.dir/Users/tim/Documents/Workspace/pico/pico-sdk/src/rp2_common/pico_float/float_v1_rom_shim.S.obj
LOAD CMakeFiles/mcp9808_i2c.dir/Users/tim/Documents/Workspace/pico/pico-sdk/src/rp2_common/pico_malloc/pico_malloc.c.obj
LOAD CMakeFiles/mcp9808_i2c.dir/Users/tim/Documents/Workspace/pico/pico-sdk/src/rp2_common/pico_mem_ops/mem_ops_aeabi.S.obj
LOAD CMakeFiles/mcp9808_i2c.dir/Users/tim/Documents/Workspace/pico/pico-sdk/src/rp2_common/pico_standard_link/crt0.S.obj
LOAD CMakeFiles/mcp9808_i2c.dir/Users/tim/Documents/Workspace/pico/pico-sdk/src/rp2_common/pico_standard_link/new_delete.cpp.obj
LOAD CMakeFiles/mcp9808_i2c.dir/Users/tim/Documents/Workspace/pico/pico-sdk/src/rp2_common/pico_standard_link/binary_info.c.obj
LOAD CMakeFiles/mcp9808_i2c.dir/Users/tim/Documents/Workspace/pico/pico-sdk/src/rp2_common/pico_stdio/stdio.c.obj
LOAD CMakeFiles/mcp9808_i2c.dir/Users/tim/Documents/Workspace/pico/pico-sdk/src/rp2_common/pico_stdio_uart/stdio_uart.c.obj
LOAD CMakeFiles/mcp9808_i2c.dir/Users/tim/Documents/Workspace/pico/pico-sdk/src/rp2_common/hardware_i2c/i2c.c.obj
LOAD /var/folders/mq/pby672116wq5y_qrmsf3r6g40000gn/T//cc1Y5FEH.o
LOAD /usr/local/Cellar/arm-none-eabi-gcc/10.3-2021.07/gcc/bin/../lib/gcc/arm-none-eabi/10.3.1/../../../../arm-none-eabi/lib/thumb/v6-m/nofp/libstdc++.a
LOAD /usr/local/Cellar/arm-none-eabi-gcc/10.3-2021.07/gcc/bin/../lib/gcc/arm-none-eabi/10.3.1/../../../../arm-none-eabi/lib/thumb/v6-m/nofp/libm.a
START GROUP
LOAD /usr/local/Cellar/arm-none-eabi-gcc/10.3-2021.07/gcc/bin/../lib/gcc/arm-none-eabi/10.3.1/thumb/v6-m/nofp/libgcc.a
LOAD /usr/local/Cellar/arm-none-eabi-gcc/10.3-2021.07/gcc/bin/../lib/gcc/arm-none-eabi/10.3.1/../../../../arm-none-eabi/lib/thumb/v6-m/nofp/libc.a
END GROUP
START GROUP
LOAD /usr/local/Cellar/arm-none-eabi-gcc/10.3-2021.07/gcc/bin/../lib/gcc/arm-none-eabi/10.3.1/thumb/v6-m/nofp/libgcc.a
LOAD /usr/local/Cellar/arm-none-eabi-gcc/10.3-2021.07/gcc/bin/../lib/gcc/arm-none-eabi/10.3.1/../../../../arm-none-eabi/lib/thumb/v6-m/nofp/libc.a
LOAD /usr/local/Cellar/arm-none-eabi-gcc/10.3-2021.07/gcc/bin/../lib/gcc/arm-none-eabi/10.3.1/../../../../arm-none-eabi/lib/thumb/v6-m/nofp/libnosys.a
END GROUP
LOAD /usr/local/Cellar/arm-none-eabi-gcc/10.3-2021.07/gcc/bin/../lib/gcc/arm-none-eabi/10.3.1/thumb/v6-m/nofp/crtend.o
LOAD /usr/local/Cellar/arm-none-eabi-gcc/10.3-2021.07/gcc/bin/../lib/gcc/arm-none-eabi/10.3.1/thumb/v6-m/nofp/crtn.o
OUTPUT(mcp9808_i2c.elf elf32-littlearm)
LOAD linker stubs

.ARM.attributes
                0x0000000000000000       0x28
 .ARM.attributes
                0x0000000000000000       0x1e /usr/local/Cellar/arm-none-eabi-gcc/10.3-2021.07/gcc/bin/../lib/gcc/arm-none-eabi/10.3.1/thumb/v6-m/nofp/crti.o
 .ARM.attributes
                0x000000000000001e       0x2c /usr/local/Cellar/arm-none-eabi-gcc/10.3-2021.07/gcc/bin/../lib/gcc/arm-none-eabi/10.3.1/thumb/v6-m/nofp/crtbegin.o
 .ARM.attributes
                0x000000000000004a       0x2c CMakeFiles/mcp9808_i2c.dir/mcp9808_i2c.c.obj
 .ARM.attributes
                0x0000000000000076       0x2c CMakeFiles/mcp9808_i2c.dir/Users/tim/Documents/Workspace/pico/pico-sdk/src/rp2_common/hardware_gpio/gpio.c.obj
 .ARM.attributes
                0x00000000000000a2       0x2c CMakeFiles/mcp9808_i2c.dir/Users/tim/Documents/Workspace/pico/pico-sdk/src/rp2_common/pico_platform/platform.c.obj
 .ARM.attributes
                0x00000000000000ce       0x2c CMakeFiles/mcp9808_i2c.dir/Users/tim/Documents/Workspace/pico/pico-sdk/src/rp2_common/hardware_claim/claim.c.obj
 .ARM.attributes
                0x00000000000000fa       0x2c CMakeFiles/mcp9808_i2c.dir/Users/tim/Documents/Workspace/pico/pico-sdk/src/rp2_common/hardware_sync/sync.c.obj
 .ARM.attributes
                0x0000000000000126       0x2c CMakeFiles/mcp9808_i2c.dir/Users/tim/Documents/Workspace/pico/pico-sdk/src/rp2_common/hardware_irq/irq.c.obj
 .ARM.attributes
                0x0000000000000152       0x22 CMakeFiles/mcp9808_i2c.dir/Users/tim/Documents/Workspace/pico/pico-sdk/src/rp2_common/hardware_irq/irq_handler_chain.S.obj
 .ARM.attributes
                0x0000000000000174       0x2c CMakeFiles/mcp9808_i2c.dir/Users/tim/Documents/Workspace/pico/pico-sdk/src/common/pico_sync/lock_core.c.obj
 .ARM.attributes
                0x00000000000001a0       0x2c CMakeFiles/mcp9808_i2c.dir/Users/tim/Documents/Workspace/pico/pico-sdk/src/common/pico_sync/mutex.c.obj
 .ARM.attributes
                0x00000000000001cc       0x2c CMakeFiles/mcp9808_i2c.dir/Users/tim/Documents/Workspace/pico/pico-sdk/src/common/pico_time/time.c.obj
 .ARM.attributes
                0x00000000000001f8       0x2c CMakeFiles/mcp9808_i2c.dir/Users/tim/Documents/Workspace/pico/pico-sdk/src/rp2_common/hardware_timer/timer.c.obj
 .ARM.attributes
                0x0000000000000224       0x2c CMakeFiles/mcp9808_i2c.dir/Users/tim/Documents/Workspace/pico/pico-sdk/src/common/pico_util/pheap.c.obj
 .ARM.attributes
                0x0000000000000250       0x2c CMakeFiles/mcp9808_i2c.dir/Users/tim/Documents/Workspace/pico/pico-sdk/src/rp2_common/hardware_uart/uart.c.obj
 .ARM.attributes
                0x000000000000027c       0x2c CMakeFiles/mcp9808_i2c.dir/Users/tim/Documents/Workspace/pico/pico-sdk/src/rp2_common/hardware_clocks/clocks.c.obj
 .ARM.attributes
                0x00000000000002a8       0x2c CMakeFiles/mcp9808_i2c.dir/Users/tim/Documents/Workspace/pico/pico-sdk/src/rp2_common/hardware_pll/pll.c.obj
 .ARM.attributes
                0x00000000000002d4       0x2c CMakeFiles/mcp9808_i2c.dir/Users/tim/Documents/Workspace/pico/pico-sdk/src/rp2_common/hardware_watchdog/watchdog.c.obj
 .ARM.attributes
                0x0000000000000300       0x2c CMakeFiles/mcp9808_i2c.dir/Users/tim/Documents/Workspace/pico/pico-sdk/src/rp2_common/hardware_xosc/xosc.c.obj
 .ARM.attributes
                0x000000000000032c       0x2c CMakeFiles/mcp9808_i2c.dir/Users/tim/Documents/Workspace/pico/pico-sdk/src/rp2_common/pico_runtime/runtime.c.obj
 .ARM.attributes
                0x0000000000000358       0x2c CMakeFiles/mcp9808_i2c.dir/Users/tim/Documents/Workspace/pico/pico-sdk/src/rp2_common/pico_printf/printf.c.obj
 .ARM.attributes
                0x0000000000000384       0x22 CMakeFiles/mcp9808_i2c.dir/Users/tim/Documents/Workspace/pico/pico-sdk/src/rp2_common/pico_bit_ops/bit_ops_aeabi.S.obj
 .ARM.attributes
                0x00000000000003a6       0x2c CMakeFiles/mcp9808_i2c.dir/Users/tim/Documents/Workspace/pico/pico-sdk/src/rp2_common/pico_bootrom/bootrom.c.obj
 .ARM.attributes
                0x00000000000003d2       0x22 CMakeFiles/mcp9808_i2c.dir/Users/tim/Documents/Workspace/pico/pico-sdk/src/rp2_common/pico_divider/divider.S.obj
 .ARM.attributes
                0x00000000000003f4       0x22 CMakeFiles/mcp9808_i2c.dir/Users/tim/Documents/Workspace/pico/pico-sdk/src/rp2_common/pico_double/double_aeabi.S.obj
 .ARM.attributes
                0x0000000000000416       0x2c CMakeFiles/mcp9808_i2c.dir/Users/tim/Documents/Workspace/pico/pico-sdk/src/rp2_common/pico_double/double_init_rom.c.obj
 .ARM.attributes
                0x0000000000000442       0x22 CMakeFiles/mcp9808_i2c.dir/Users/tim/Documents/Workspace/pico/pico-sdk/src/rp2_common/pico_double/double_v1_rom_shim.S.obj
 .ARM.attributes
                0x0000000000000464       0x22 CMakeFiles/mcp9808_i2c.dir/Users/tim/Documents/Workspace/pico/pico-sdk/src/rp2_common/pico_int64_ops/pico_int64_ops_aeabi.S.obj
 .ARM.attributes
                0x0000000000000486       0x22 CMakeFiles/mcp9808_i2c.dir/Users/tim/Documents/Workspace/pico/pico-sdk/src/rp2_common/pico_float/float_aeabi.S.obj
 .ARM.attributes
                0x00000000000004a8       0x2c CMakeFiles/mcp9808_i2c.dir/Users/tim/Documents/Workspace/pico/pico-sdk/src/rp2_common/pico_float/float_init_rom.c.obj
 .ARM.attributes
                0x00000000000004d4       0x22 CMakeFiles/mcp9808_i2c.dir/Users/tim/Documents/Workspace/pico/pico-sdk/src/rp2_common/pico_float/float_v1_rom_shim.S.obj
 .ARM.attributes
                0x00000000000004f6       0x22 CMakeFiles/mcp9808_i2c.dir/Users/tim/Documents/Workspace/pico/pico-sdk/src/rp2_common/pico_mem_ops/mem_ops_aeabi.S.obj
 .ARM.attributes
                0x0000000000000518       0x22 CMakeFiles/mcp9808_i2c.dir/Users/tim/Documents/Workspace/pico/pico-sdk/src/rp2_common/pico_standard_link/crt0.S.obj
 .ARM.attributes
                0x000000000000053a       0x32 CMakeFiles/mcp9808_i2c.dir/Users/tim/Documents/Workspace/pico/pico-sdk/src/rp2_common/pico_standard_link/binary_info.c.obj
 .ARM.attributes
                0x000000000000056c       0x2c CMakeFiles/mcp9808_i2c.dir/Users/tim/Documents/Workspace/pico/pico-sdk/src/rp2_common/pico_stdio/stdio.c.obj
 .ARM.attributes
                0x0000000000000598       0x2c CMakeFiles/mcp9808_i2c.dir/Users/tim/Documents/Workspace/pico/pico-sdk/src/rp2_common/pico_stdio_uart/stdio_uart.c.obj
 .ARM.attributes
                0x00000000000005c4       0x2c CMakeFiles/mcp9808_i2c.dir/Users/tim/Documents/Workspace/pico/pico-sdk/src/rp2_common/hardware_i2c/i2c.c.obj
 .ARM.attributes
                0x00000000000005f0       0x22 /var/folders/mq/pby672116wq5y_qrmsf3r6g40000gn/T//cc1Y5FEH.o
 .ARM.attributes
                0x0000000000000612       0x1e /usr/local/Cellar/arm-none-eabi-gcc/10.3-2021.07/gcc/bin/../lib/gcc/arm-none-eabi/10.3.1/thumb/v6-m/nofp/libgcc.a(_dvmd_tls.o)
 .ARM.attributes
                0x0000000000000630       0x2c /usr/local/Cellar/arm-none-eabi-gcc/10.3-2021.07/gcc/bin/../lib/gcc/arm-none-eabi/10.3.1/../../../../arm-none-eabi/lib/thumb/v6-m/nofp/libc.a(lib_a-strlen-stub.o)

.comment        0x0000000000000000       0x49
 .comment       0x0000000000000000       0x49 CMakeFiles/mcp9808_i2c.dir/mcp9808_i2c.c.obj
                                         0x4a (size before relaxing)
 .comment       0x0000000000000049       0x4a CMakeFiles/mcp9808_i2c.dir/Users/tim/Documents/Workspace/pico/pico-sdk/src/rp2_common/hardware_gpio/gpio.c.obj
 .comment       0x0000000000000049       0x4a CMakeFiles/mcp9808_i2c.dir/Users/tim/Documents/Workspace/pico/pico-sdk/src/rp2_common/pico_platform/platform.c.obj
 .comment       0x0000000000000049       0x4a CMakeFiles/mcp9808_i2c.dir/Users/tim/Documents/Workspace/pico/pico-sdk/src/rp2_common/hardware_claim/claim.c.obj
 .comment       0x0000000000000049       0x4a CMakeFiles/mcp9808_i2c.dir/Users/tim/Documents/Workspace/pico/pico-sdk/src/rp2_common/hardware_sync/sync.c.obj
 .comment       0x0000000000000049       0x4a CMakeFiles/mcp9808_i2c.dir/Users/tim/Documents/Workspace/pico/pico-sdk/src/rp2_common/hardware_irq/irq.c.obj
 .comment       0x0000000000000049       0x4a CMakeFiles/mcp9808_i2c.dir/Users/tim/Documents/Workspace/pico/pico-sdk/src/common/pico_sync/lock_core.c.obj
 .comment       0x0000000000000049       0x4a CMakeFiles/mcp9808_i2c.dir/Users/tim/Documents/Workspace/pico/pico-sdk/src/common/pico_sync/mutex.c.obj
 .comment       0x0000000000000049       0x4a CMakeFiles/mcp9808_i2c.dir/Users/tim/Documents/Workspace/pico/pico-sdk/src/common/pico_time/time.c.obj
 .comment       0x0000000000000049       0x4a CMakeFiles/mcp9808_i2c.dir/Users/tim/Documents/Workspace/pico/pico-sdk/src/rp2_common/hardware_timer/timer.c.obj
 .comment       0x0000000000000049       0x4a CMakeFiles/mcp9808_i2c.dir/Users/tim/Documents/Workspace/pico/pico-sdk/src/common/pico_util/pheap.c.obj
 .comment       0x0000000000000049       0x4a CMakeFiles/mcp9808_i2c.dir/Users/tim/Documents/Workspace/pico/pico-sdk/src/rp2_common/hardware_uart/uart.c.obj
 .comment       0x0000000000000049       0x4a CMakeFiles/mcp9808_i2c.dir/Users/tim/Documents/Workspace/pico/pico-sdk/src/rp2_common/hardware_clocks/clocks.c.obj
 .comment       0x0000000000000049       0x4a CMakeFiles/mcp9808_i2c.dir/Users/tim/Documents/Workspace/pico/pico-sdk/src/rp2_common/hardware_pll/pll.c.obj
 .comment       0x0000000000000049       0x4a CMakeFiles/mcp9808_i2c.dir/Users/tim/Documents/Workspace/pico/pico-sdk/src/rp2_common/hardware_watchdog/watchdog.c.obj
 .comment       0x0000000000000049       0x4a CMakeFiles/mcp9808_i2c.dir/Users/tim/Documents/Workspace/pico/pico-sdk/src/rp2_common/hardware_xosc/xosc.c.obj
 .comment       0x0000000000000049       0x4a CMakeFiles/mcp9808_i2c.dir/Users/tim/Documents/Workspace/pico/pico-sdk/src/rp2_common/pico_runtime/runtime.c.obj
 .comment       0x0000000000000049       0x4a CMakeFiles/mcp9808_i2c.dir/Users/tim/Documents/Workspace/pico/pico-sdk/src/rp2_common/pico_printf/printf.c.obj
 .comment       0x0000000000000049       0x4a CMakeFiles/mcp9808_i2c.dir/Users/tim/Documents/Workspace/pico/pico-sdk/src/rp2_common/pico_bootrom/bootrom.c.obj
 .comment       0x0000000000000049       0x4a CMakeFiles/mcp9808_i2c.dir/Users/tim/Documents/Workspace/pico/pico-sdk/src/rp2_common/pico_double/double_init_rom.c.obj
 .comment       0x0000000000000049       0x4a CMakeFiles/mcp9808_i2c.dir/Users/tim/Documents/Workspace/pico/pico-sdk/src/rp2_common/pico_float/float_init_rom.c.obj
 .comment       0x0000000000000049       0x4a CMakeFiles/mcp9808_i2c.dir/Users/tim/Documents/Workspace/pico/pico-sdk/src/rp2_common/pico_standard_link/binary_info.c.obj
 .comment       0x0000000000000049       0x4a CMakeFiles/mcp9808_i2c.dir/Users/tim/Documents/Workspace/pico/pico-sdk/src/rp2_common/pico_stdio/stdio.c.obj
 .comment       0x0000000000000049       0x4a CMakeFiles/mcp9808_i2c.dir/Users/tim/Documents/Workspace/pico/pico-sdk/src/rp2_common/pico_stdio_uart/stdio_uart.c.obj
 .comment       0x0000000000000049       0x4a CMakeFiles/mcp9808_i2c.dir/Users/tim/Documents/Workspace/pico/pico-sdk/src/rp2_common/hardware_i2c/i2c.c.obj

.debug_frame    0x0000000000000000       0x28
 .debug_frame   0x0000000000000000       0x28 /usr/local/Cellar/arm-none-eabi-gcc/10.3-2021.07/gcc/bin/../lib/gcc/arm-none-eabi/10.3.1/../../../../arm-none-eabi/lib/thumb/v6-m/nofp/libc.a(lib_a-strlen-stub.o)
