Archive member included to satisfy reference by file (symbol)

/usr/local/Cellar/arm-none-eabi-gcc/10.3-2021.07/gcc/bin/../lib/gcc/arm-none-eabi/10.3.1/thumb/v6-m/nofp/libgcc.a(_dvmd_tls.o)
                              CMakeFiles/tinyusb_dev_uac2_headset.dir/Users/tim/Documents/Workspace/pico/pico-sdk/src/rp2_common/pico_divider/divider.S.obj (__aeabi_idiv0)
/usr/local/Cellar/arm-none-eabi-gcc/10.3-2021.07/gcc/bin/../lib/gcc/arm-none-eabi/10.3.1/../../../../arm-none-eabi/lib/thumb/v6-m/nofp/libc.a(lib_a-calloc.o)
                              CMakeFiles/tinyusb_dev_uac2_headset.dir/Users/tim/Documents/Workspace/pico/pico-sdk/src/rp2_common/pico_malloc/pico_malloc.c.obj (calloc)
/usr/local/Cellar/arm-none-eabi-gcc/10.3-2021.07/gcc/bin/../lib/gcc/arm-none-eabi/10.3.1/../../../../arm-none-eabi/lib/thumb/v6-m/nofp/libc.a(lib_a-callocr.o)
                              /usr/local/Cellar/arm-none-eabi-gcc/10.3-2021.07/gcc/bin/../lib/gcc/arm-none-eabi/10.3.1/../../../../arm-none-eabi/lib/thumb/v6-m/nofp/libc.a(lib_a-calloc.o) (_calloc_r)
/usr/local/Cellar/arm-none-eabi-gcc/10.3-2021.07/gcc/bin/../lib/gcc/arm-none-eabi/10.3.1/../../../../arm-none-eabi/lib/thumb/v6-m/nofp/libc.a(lib_a-errno.o)
                              /usr/local/Cellar/arm-none-eabi-gcc/10.3-2021.07/gcc/bin/../lib/gcc/arm-none-eabi/10.3.1/../../../../arm-none-eabi/lib/thumb/v6-m/nofp/libc.a(lib_a-callocr.o) (__errno)
/usr/local/Cellar/arm-none-eabi-gcc/10.3-2021.07/gcc/bin/../lib/gcc/arm-none-eabi/10.3.1/../../../../arm-none-eabi/lib/thumb/v6-m/nofp/libc.a(lib_a-impure.o)
                              /usr/local/Cellar/arm-none-eabi-gcc/10.3-2021.07/gcc/bin/../lib/gcc/arm-none-eabi/10.3.1/../../../../arm-none-eabi/lib/thumb/v6-m/nofp/libc.a(lib_a-calloc.o) (_impure_ptr)
/usr/local/Cellar/arm-none-eabi-gcc/10.3-2021.07/gcc/bin/../lib/gcc/arm-none-eabi/10.3.1/../../../../arm-none-eabi/lib/thumb/v6-m/nofp/libc.a(lib_a-init.o)
                              /usr/local/Cellar/arm-none-eabi-gcc/10.3-2021.07/gcc/bin/../lib/gcc/arm-none-eabi/10.3.1/../../../../arm-none-eabi/lib/thumb/v6-m/nofp/crt0.o (__libc_init_array)
/usr/local/Cellar/arm-none-eabi-gcc/10.3-2021.07/gcc/bin/../lib/gcc/arm-none-eabi/10.3.1/../../../../arm-none-eabi/lib/thumb/v6-m/nofp/libc.a(lib_a-malloc.o)
                              CMakeFiles/tinyusb_dev_uac2_headset.dir/Users/tim/Documents/Workspace/pico/pico-sdk/src/rp2_common/pico_malloc/pico_malloc.c.obj (malloc)
/usr/local/Cellar/arm-none-eabi-gcc/10.3-2021.07/gcc/bin/../lib/gcc/arm-none-eabi/10.3.1/../../../../arm-none-eabi/lib/thumb/v6-m/nofp/libc.a(lib_a-mallocr.o)
                              /usr/local/Cellar/arm-none-eabi-gcc/10.3-2021.07/gcc/bin/../lib/gcc/arm-none-eabi/10.3.1/../../../../arm-none-eabi/lib/thumb/v6-m/nofp/libc.a(lib_a-callocr.o) (_malloc_r)
/usr/local/Cellar/arm-none-eabi-gcc/10.3-2021.07/gcc/bin/../lib/gcc/arm-none-eabi/10.3.1/../../../../arm-none-eabi/lib/thumb/v6-m/nofp/libc.a(lib_a-mlock.o)
                              /usr/local/Cellar/arm-none-eabi-gcc/10.3-2021.07/gcc/bin/../lib/gcc/arm-none-eabi/10.3.1/../../../../arm-none-eabi/lib/thumb/v6-m/nofp/libc.a(lib_a-mallocr.o) (__malloc_lock)
/usr/local/Cellar/arm-none-eabi-gcc/10.3-2021.07/gcc/bin/../lib/gcc/arm-none-eabi/10.3.1/../../../../arm-none-eabi/lib/thumb/v6-m/nofp/libc.a(lib_a-realloc.o)
                              CMakeFiles/tinyusb_dev_uac2_headset.dir/Users/tim/Documents/Workspace/pico/pico-sdk/src/rp2_common/pico_malloc/pico_malloc.c.obj (realloc)
/usr/local/Cellar/arm-none-eabi-gcc/10.3-2021.07/gcc/bin/../lib/gcc/arm-none-eabi/10.3.1/../../../../arm-none-eabi/lib/thumb/v6-m/nofp/libc.a(lib_a-reallocr.o)
                              /usr/local/Cellar/arm-none-eabi-gcc/10.3-2021.07/gcc/bin/../lib/gcc/arm-none-eabi/10.3.1/../../../../arm-none-eabi/lib/thumb/v6-m/nofp/libc.a(lib_a-realloc.o) (_realloc_r)
/usr/local/Cellar/arm-none-eabi-gcc/10.3-2021.07/gcc/bin/../lib/gcc/arm-none-eabi/10.3.1/../../../../arm-none-eabi/lib/thumb/v6-m/nofp/libc.a(lib_a-sbrkr.o)
                              /usr/local/Cellar/arm-none-eabi-gcc/10.3-2021.07/gcc/bin/../lib/gcc/arm-none-eabi/10.3.1/../../../../arm-none-eabi/lib/thumb/v6-m/nofp/libc.a(lib_a-mallocr.o) (_sbrk_r)
/usr/local/Cellar/arm-none-eabi-gcc/10.3-2021.07/gcc/bin/../lib/gcc/arm-none-eabi/10.3.1/../../../../arm-none-eabi/lib/thumb/v6-m/nofp/libc.a(lib_a-strlen-stub.o)
                              CMakeFiles/tinyusb_dev_uac2_headset.dir/src/usb_descriptors.c.obj (strlen)
/usr/local/Cellar/arm-none-eabi-gcc/10.3-2021.07/gcc/bin/../lib/gcc/arm-none-eabi/10.3.1/../../../../arm-none-eabi/lib/thumb/v6-m/nofp/libc.a(lib_a-freer.o)
                              /usr/local/Cellar/arm-none-eabi-gcc/10.3-2021.07/gcc/bin/../lib/gcc/arm-none-eabi/10.3.1/../../../../arm-none-eabi/lib/thumb/v6-m/nofp/libc.a(lib_a-malloc.o) (_free_r)
/usr/local/Cellar/arm-none-eabi-gcc/10.3-2021.07/gcc/bin/../lib/gcc/arm-none-eabi/10.3.1/../../../../arm-none-eabi/lib/thumb/v6-m/nofp/libc.a(lib_a-lock.o)
[...]
Memory Configuration

Name             Origin             Length             Attributes
FLASH            0x0000000010000000 0x0000000000200000 xr
RAM              0x0000000020000000 0x0000000000040000 xrw
SCRATCH_X        0x0000000020040000 0x0000000000001000 xrw
SCRATCH_Y        0x0000000020041000 0x0000000000001000 xrw
*default*        0x0000000000000000 0xffffffffffffffff

Linker script and memory map

LOAD /usr/local/Cellar/arm-none-eabi-gcc/10.3-2021.07/gcc/bin/../lib/gcc/arm-none-eabi/10.3.1/thumb/v6-m/nofp/crti.o
LOAD /usr/local/Cellar/arm-none-eabi-gcc/10.3-2021.07/gcc/bin/../lib/gcc/arm-none-eabi/10.3.1/thumb/v6-m/nofp/crtbegin.o
LOAD /usr/local/Cellar/arm-none-eabi-gcc/10.3-2021.07/gcc/bin/../lib/gcc/arm-none-eabi/10.3.1/../../../../arm-none-eabi/lib/thumb/v6-m/nofp/crt0.o

.flash_begin    0x0000000010000000        0x0
                0x0000000010000000                __flash_binary_start = .

.boot2          0x0000000010000000      0x100
                0x0000000010000000                __boot2_start__ = .
 *(.boot2)
 .boot2         0x0000000010000000      0x100 /var/folders/mq/pby672116wq5y_qrmsf3r6g40000gn/T//cciHGaAu.o
                0x0000000010000100                __boot2_end__ = .
                0x0000000000000001                ASSERT (((__boot2_end__ - __boot2_start__) == 0x100), ERROR: Pico second stage bootloader must be 256 bytes in size)

.text           0x0000000010000100     0x4e98
                0x0000000010000100                __logical_binary_start = .
 *(.vectors)
 .vectors       0x0000000010000100       0xd4 CMakeFiles/tinyusb_dev_uac2_headset.dir/Users/tim/Documents/Workspace/pico/pico-sdk/src/rp2_common/pico_standard_link/crt0.S.obj
                0x0000000010000100                __VECTOR_TABLE
                0x0000000010000100                __vectors
                0x00000000100001c0                __default_isrs_start
                0x00000000100001c0                isr_invalid
                0x00000000100001c2                isr_nmi
                0x00000000100001c4                isr_hardfault
                0x00000000100001c6                isr_svcall
                0x00000000100001c8                isr_pendsv
                0x00000000100001ca                isr_systick
                0x00000000100001cc                isr_irq28
                0x00000000100001cc                isr_irq19
                0x00000000100001cc                isr_irq0
                0x00000000100001cc                isr_irq6
                0x00000000100001cc                isr_irq22
                0x00000000100001cc                isr_irq17
                0x00000000100001cc                isr_irq14
                0x00000000100001cc                isr_irq2
                0x00000000100001cc                isr_irq10
                0x00000000100001cc                isr_irq8
                0x00000000100001cc                isr_irq24
                0x00000000100001cc                isr_irq1
                0x00000000100001cc                isr_irq7
                0x00000000100001cc                isr_irq21
                0x00000000100001cc                isr_irq20
                0x00000000100001cc                isr_irq15
                0x00000000100001cc                isr_irq25
                0x00000000100001cc                isr_irq4
                0x00000000100001cc                isr_irq16
                0x00000000100001cc                isr_irq29
                0x00000000100001cc                isr_irq26
                0x00000000100001cc                __default_isrs_end
                0x00000000100001cc                isr_irq3
                0x00000000100001cc                isr_irq9
                0x00000000100001cc                __unhandled_user_irq
                0x00000000100001cc                isr_irq13
                0x00000000100001cc                isr_irq27
                0x00000000100001cc                isr_irq31
                0x00000000100001cc                isr_irq5
                0x00000000100001cc                isr_irq11
                0x00000000100001cc                isr_irq23
                0x00000000100001cc                isr_irq18
                0x00000000100001cc                isr_irq30
                0x00000000100001cc                isr_irq12
                0x00000000100001d2                unhandled_user_irq_num_in_r0
 *(.binary_info_header)
 .binary_info_header
                0x00000000100001d4       0x14 CMakeFiles/tinyusb_dev_uac2_headset.dir/Users/tim/Documents/Workspace/pico/pico-sdk/src/rp2_common/pico_standard_link/crt0.S.obj
                0x00000000100001e8                __binary_info_header_end = .
 *(.reset)
 .reset         0x00000000100001e8       0xa0 CMakeFiles/tinyusb_dev_uac2_headset.dir/Users/tim/Documents/Workspace/pico/pico-sdk/src/rp2_common/pico_standard_link/crt0.S.obj
                0x00000000100001e8                _entry_point
 .reset         0x0000000010000288       0x30 CMakeFiles/tinyusb_dev_uac2_headset.dir/Users/tim/Documents/Workspace/pico/pico-sdk/src/rp2_common/pico_standard_link/binary_info.c.obj
 *(.init)
 .init          0x00000000100002b8        0x4 /usr/local/Cellar/arm-none-eabi-gcc/10.3-2021.07/gcc/bin/../lib/gcc/arm-none-eabi/10.3.1/thumb/v6-m/nofp/crti.o
                0x00000000100002b8                _init
 *(EXCLUDE_FILE(*libm.a: *libc.a:*lib_a-mem*.o *libgcc.a:) .text*)
 .text          0x00000000100002bc       0x48 /usr/local/Cellar/arm-none-eabi-gcc/10.3-2021.07/gcc/bin/../lib/gcc/arm-none-eabi/10.3.1/thumb/v6-m/nofp/crtbegin.o
 .text.tud_mount_cb
                0x0000000010000304       0x10 CMakeFiles/tinyusb_dev_uac2_headset.dir/src/main.c.obj
                0x0000000010000304                tud_mount_cb
 .text.tud_umount_cb
                0x0000000010000314        0xc CMakeFiles/tinyusb_dev_uac2_headset.dir/src/main.c.obj
                0x0000000010000314                tud_umount_cb
 .text.tud_suspend_cb
                0x0000000010000320       0x10 CMakeFiles/tinyusb_dev_uac2_headset.dir/src/main.c.obj
                0x0000000010000320                tud_suspend_cb
 .text.tud_resume_cb
                0x0000000010000330       0x10 CMakeFiles/tinyusb_dev_uac2_headset.dir/src/main.c.obj
                0x0000000010000330                tud_resume_cb
 .text.tud_audio_get_req_entity_cb
                0x0000000010000340      0x14c CMakeFiles/tinyusb_dev_uac2_headset.dir/src/main.c.obj
                0x0000000010000340                tud_audio_get_req_entity_cb
 .text.tud_audio_set_req_entity_cb
                0x000000001000048c       0x9c CMakeFiles/tinyusb_dev_uac2_headset.dir/src/main.c.obj
                0x000000001000048c                tud_audio_set_req_entity_cb
 .text.tud_audio_set_itf_close_EP_cb
                0x0000000010000528       0x20 CMakeFiles/tinyusb_dev_uac2_headset.dir/src/main.c.obj
                0x0000000010000528                tud_audio_set_itf_close_EP_cb
 .text.tud_audio_set_itf_cb
                0x0000000010000548       0x58 CMakeFiles/tinyusb_dev_uac2_headset.dir/src/main.c.obj
                0x0000000010000548                tud_audio_set_itf_cb
 .text.tud_audio_rx_done_pre_read_cb
                0x00000000100005a0       0x1c CMakeFiles/tinyusb_dev_uac2_headset.dir/src/main.c.obj
                0x00000000100005a0                tud_audio_rx_done_pre_read_cb
 .text.tud_audio_tx_done_pre_load_cb
                0x00000000100005bc        0x4 CMakeFiles/tinyusb_dev_uac2_headset.dir/src/main.c.obj
                0x00000000100005bc                tud_audio_tx_done_pre_load_cb
 .text.audio_task
                0x00000000100005c0       0xac CMakeFiles/tinyusb_dev_uac2_headset.dir/src/main.c.obj
                0x00000000100005c0                audio_task
 .text.startup.main
                0x000000001000066c       0x74 CMakeFiles/tinyusb_dev_uac2_headset.dir/src/main.c.obj
                0x000000001000066c                main
 .text.tud_descriptor_device_cb
                0x00000000100006e0        0x8 CMakeFiles/tinyusb_dev_uac2_headset.dir/src/usb_descriptors.c.obj
                0x00000000100006e0                tud_descriptor_device_cb
 .text.tud_descriptor_configuration_cb
                0x00000000100006e8        0x8 CMakeFiles/tinyusb_dev_uac2_headset.dir/src/usb_descriptors.c.obj
                0x00000000100006e8                tud_descriptor_configuration_cb
 .text.tud_descriptor_string_cb
                0x00000000100006f0       0x80 CMakeFiles/tinyusb_dev_uac2_headset.dir/src/usb_descriptors.c.obj
                0x00000000100006f0                tud_descriptor_string_cb
 .text.gpio_set_function
                0x0000000010000770       0x30 CMakeFiles/tinyusb_dev_uac2_headset.dir/Users/tim/Documents/Workspace/pico/pico-sdk/src/rp2_common/hardware_gpio/gpio.c.obj
                0x0000000010000770                gpio_set_function
 .text.gpio_get_function
                0x00000000100007a0       0x14 CMakeFiles/tinyusb_dev_uac2_headset.dir/Users/tim/Documents/Workspace/pico/pico-sdk/src/rp2_common/hardware_gpio/gpio.c.obj
                0x00000000100007a0                gpio_get_function
 .text.gpio_set_pulls
                0x00000000100007b4       0x30 CMakeFiles/tinyusb_dev_uac2_headset.dir/Users/tim/Documents/Workspace/pico/pico-sdk/src/rp2_common/hardware_gpio/gpio.c.obj
                0x00000000100007b4                gpio_set_pulls
 .text.gpio_set_inover
                0x00000000100007e4       0x24 CMakeFiles/tinyusb_dev_uac2_headset.dir/Users/tim/Documents/Workspace/pico/pico-sdk/src/rp2_common/hardware_gpio/gpio.c.obj
                0x00000000100007e4                gpio_set_inover
 .text.gpio_set_oeover
                0x0000000010000808       0x24 CMakeFiles/tinyusb_dev_uac2_headset.dir/Users/tim/Documents/Workspace/pico/pico-sdk/src/rp2_common/hardware_gpio/gpio.c.obj
                0x0000000010000808                gpio_set_oeover
 .text.gpio_init
                0x000000001000082c       0x3c CMakeFiles/tinyusb_dev_uac2_headset.dir/Users/tim/Documents/Workspace/pico/pico-sdk/src/rp2_common/hardware_gpio/gpio.c.obj
                0x000000001000082c                gpio_init
 .text.running_on_fpga
                0x0000000010000868       0x10 CMakeFiles/tinyusb_dev_uac2_headset.dir/Users/tim/Documents/Workspace/pico/pico-sdk/src/rp2_common/pico_platform/platform.c.obj
                0x0000000010000868                running_on_fpga
 .text.rp2040_chip_version
                0x0000000010000878        0xc CMakeFiles/tinyusb_dev_uac2_headset.dir/Users/tim/Documents/Workspace/pico/pico-sdk/src/rp2_common/pico_platform/platform.c.obj
                0x0000000010000878                rp2040_chip_version
 .text.hw_claim_or_assert
                0x0000000010000884       0x44 CMakeFiles/tinyusb_dev_uac2_headset.dir/Users/tim/Documents/Workspace/pico/pico-sdk/src/rp2_common/hardware_claim/claim.c.obj
                0x0000000010000884                hw_claim_or_assert
 .text.hw_claim_unused_from_range
                0x00000000100008c8       0x9c CMakeFiles/tinyusb_dev_uac2_headset.dir/Users/tim/Documents/Workspace/pico/pico-sdk/src/rp2_common/hardware_claim/claim.c.obj
                0x00000000100008c8                hw_claim_unused_from_range
 .text.spin_locks_reset
                0x0000000010000964       0x1c CMakeFiles/tinyusb_dev_uac2_headset.dir/Users/tim/Documents/Workspace/pico/pico-sdk/src/rp2_common/hardware_sync/sync.c.obj
                0x0000000010000964                spin_locks_reset
 .text.next_striped_spin_lock_num
                0x0000000010000980       0x18 CMakeFiles/tinyusb_dev_uac2_headset.dir/Users/tim/Documents/Workspace/pico/pico-sdk/src/rp2_common/hardware_sync/sync.c.obj
                0x0000000010000980                next_striped_spin_lock_num
 .text.spin_lock_claim_unused
                0x0000000010000998       0x20 CMakeFiles/tinyusb_dev_uac2_headset.dir/Users/tim/Documents/Workspace/pico/pico-sdk/src/rp2_common/hardware_sync/sync.c.obj
                0x0000000010000998                spin_lock_claim_unused
 .text.irq_set_enabled
                0x00000000100009b8       0x24 CMakeFiles/tinyusb_dev_uac2_headset.dir/Users/tim/Documents/Workspace/pico/pico-sdk/src/rp2_common/hardware_irq/irq.c.obj
                0x00000000100009b8                irq_set_enabled
 .text.irq_get_vtable_handler
                0x00000000100009dc       0x10 CMakeFiles/tinyusb_dev_uac2_headset.dir/Users/tim/Documents/Workspace/pico/pico-sdk/src/rp2_common/hardware_irq/irq.c.obj
                0x00000000100009dc                irq_get_vtable_handler
 .text.irq_set_exclusive_handler
                0x00000000100009ec       0x54 CMakeFiles/tinyusb_dev_uac2_headset.dir/Users/tim/Documents/Workspace/pico/pico-sdk/src/rp2_common/hardware_irq/irq.c.obj
                0x00000000100009ec                irq_set_exclusive_handler
 .text.irq_add_shared_handler
                0x0000000010000a40      0x1e8 CMakeFiles/tinyusb_dev_uac2_headset.dir/Users/tim/Documents/Workspace/pico/pico-sdk/src/rp2_common/hardware_irq/irq.c.obj
                0x0000000010000a40                irq_add_shared_handler
 .text.irq_remove_handler
                0x0000000010000c28      0x1b0 CMakeFiles/tinyusb_dev_uac2_headset.dir/Users/tim/Documents/Workspace/pico/pico-sdk/src/rp2_common/hardware_irq/irq.c.obj
                0x0000000010000c28                irq_remove_handler
 .text.irq_add_tail_to_free_list
                0x0000000010000dd8       0xb4 CMakeFiles/tinyusb_dev_uac2_headset.dir/Users/tim/Documents/Workspace/pico/pico-sdk/src/rp2_common/hardware_irq/irq.c.obj
                0x0000000010000dd8                irq_add_tail_to_free_list
 .text.irq_init_priorities
                0x0000000010000e8c       0x24 CMakeFiles/tinyusb_dev_uac2_headset.dir/Users/tim/Documents/Workspace/pico/pico-sdk/src/rp2_common/hardware_irq/irq.c.obj
                0x0000000010000e8c                irq_init_priorities
 .text.lock_init
                0x0000000010000eb0       0x10 CMakeFiles/tinyusb_dev_uac2_headset.dir/Users/tim/Documents/Workspace/pico/pico-sdk/src/common/pico_sync/lock_core.c.obj
                0x0000000010000eb0                lock_init
 .text.mutex_init
                0x0000000010000ec0       0x1c CMakeFiles/tinyusb_dev_uac2_headset.dir/Users/tim/Documents/Workspace/pico/pico-sdk/src/common/pico_sync/mutex.c.obj
                0x0000000010000ec0                mutex_init
 .text.recursive_mutex_init
                0x0000000010000edc       0x1c CMakeFiles/tinyusb_dev_uac2_headset.dir/Users/tim/Documents/Workspace/pico/pico-sdk/src/common/pico_sync/mutex.c.obj
                0x0000000010000edc                recursive_mutex_init
 .text.critical_section_init
                0x0000000010000ef8       0x20 CMakeFiles/tinyusb_dev_uac2_headset.dir/Users/tim/Documents/Workspace/pico/pico-sdk/src/common/pico_sync/critical_section.c.obj
                0x0000000010000ef8                critical_section_init
 .text.timer_pool_entry_comparator
                0x0000000010000f18       0x34 CMakeFiles/tinyusb_dev_uac2_headset.dir/Users/tim/Documents/Workspace/pico/pico-sdk/src/common/pico_time/time.c.obj
                0x0000000010000f18                timer_pool_entry_comparator
 .text.sleep_until_callback
                0x0000000010000f4c       0x30 CMakeFiles/tinyusb_dev_uac2_headset.dir/Users/tim/Documents/Workspace/pico/pico-sdk/src/common/pico_time/time.c.obj
 .text.add_alarm_under_lock.isra.0
                0x0000000010000f7c      0x100 CMakeFiles/tinyusb_dev_uac2_headset.dir/Users/tim/Documents/Workspace/pico/pico-sdk/src/common/pico_time/time.c.obj
 .text.alarm_pool_alarm_callback
                0x000000001000107c      0x1bc CMakeFiles/tinyusb_dev_uac2_headset.dir/Users/tim/Documents/Workspace/pico/pico-sdk/src/common/pico_time/time.c.obj
 .text.alarm_pool_init_default
                0x0000000010001238       0x6c CMakeFiles/tinyusb_dev_uac2_headset.dir/Users/tim/Documents/Workspace/pico/pico-sdk/src/common/pico_time/time.c.obj
                0x0000000010001238                alarm_pool_init_default
 .text.alarm_pool_get_default
                0x00000000100012a4        0x8 CMakeFiles/tinyusb_dev_uac2_headset.dir/Users/tim/Documents/Workspace/pico/pico-sdk/src/common/pico_time/time.c.obj
                0x00000000100012a4                alarm_pool_get_default
 .text.alarm_pool_add_alarm_at
                0x00000000100012ac      0x178 CMakeFiles/tinyusb_dev_uac2_headset.dir/Users/tim/Documents/Workspace/pico/pico-sdk/src/common/pico_time/time.c.obj
                0x00000000100012ac                alarm_pool_add_alarm_at
 .text.best_effort_wfe_or_timeout
                0x0000000010001424       0xd4 CMakeFiles/tinyusb_dev_uac2_headset.dir/Users/tim/Documents/Workspace/pico/pico-sdk/src/common/pico_time/time.c.obj
                0x0000000010001424                best_effort_wfe_or_timeout
 .text.hardware_alarm_irq_handler
                0x00000000100014f8       0xbc CMakeFiles/tinyusb_dev_uac2_headset.dir/Users/tim/Documents/Workspace/pico/pico-sdk/src/rp2_common/hardware_timer/timer.c.obj
 .text.hardware_alarm_claim
                0x00000000100015b4       0x18 CMakeFiles/tinyusb_dev_uac2_headset.dir/Users/tim/Documents/Workspace/pico/pico-sdk/src/rp2_common/hardware_timer/timer.c.obj
                0x00000000100015b4                hardware_alarm_claim
 .text.time_us_64
                0x00000000100015cc       0x14 CMakeFiles/tinyusb_dev_uac2_headset.dir/Users/tim/Documents/Workspace/pico/pico-sdk/src/rp2_common/hardware_timer/timer.c.obj
                0x00000000100015cc                time_us_64
 .text.busy_wait_us
                0x00000000100015e0       0x54 CMakeFiles/tinyusb_dev_uac2_headset.dir/Users/tim/Documents/Workspace/pico/pico-sdk/src/rp2_common/hardware_timer/timer.c.obj
                0x00000000100015e0                busy_wait_us
 .text.hardware_alarm_set_callback
                0x0000000010001634       0x8c CMakeFiles/tinyusb_dev_uac2_headset.dir/Users/tim/Documents/Workspace/pico/pico-sdk/src/rp2_common/hardware_timer/timer.c.obj
                0x0000000010001634                hardware_alarm_set_callback
 .text.hardware_alarm_set_target
                0x00000000100016c0       0xd4 CMakeFiles/tinyusb_dev_uac2_headset.dir/Users/tim/Documents/Workspace/pico/pico-sdk/src/rp2_common/hardware_timer/timer.c.obj
                0x00000000100016c0                hardware_alarm_set_target
 .text.hardware_alarm_cancel
                0x0000000010001794       0x3c CMakeFiles/tinyusb_dev_uac2_headset.dir/Users/tim/Documents/Workspace/pico/pico-sdk/src/rp2_common/hardware_timer/timer.c.obj
                0x0000000010001794                hardware_alarm_cancel
 .text.ph_merge_nodes
                0x00000000100017d0       0x68 CMakeFiles/tinyusb_dev_uac2_headset.dir/Users/tim/Documents/Workspace/pico/pico-sdk/src/common/pico_util/pheap.c.obj
 .text.ph_post_alloc_init
                0x0000000010001838       0x3c CMakeFiles/tinyusb_dev_uac2_headset.dir/Users/tim/Documents/Workspace/pico/pico-sdk/src/common/pico_util/pheap.c.obj
                0x0000000010001838                ph_post_alloc_init
 .text.ph_merge_two_pass
                0x0000000010001874       0x90 CMakeFiles/tinyusb_dev_uac2_headset.dir/Users/tim/Documents/Workspace/pico/pico-sdk/src/common/pico_util/pheap.c.obj
                0x0000000010001874                ph_merge_two_pass
 .text.ph_remove_any_head
                0x0000000010001904      0x100 CMakeFiles/tinyusb_dev_uac2_headset.dir/Users/tim/Documents/Workspace/pico/pico-sdk/src/common/pico_util/pheap.c.obj
 .text.ph_remove_head
                0x0000000010001a04      0x104 CMakeFiles/tinyusb_dev_uac2_headset.dir/Users/tim/Documents/Workspace/pico/pico-sdk/src/common/pico_util/pheap.c.obj
                0x0000000010001a04                ph_remove_head
 .text.ph_remove_and_free_node
                0x0000000010001b08       0x7c CMakeFiles/tinyusb_dev_uac2_headset.dir/Users/tim/Documents/Workspace/pico/pico-sdk/src/common/pico_util/pheap.c.obj
                0x0000000010001b08                ph_remove_and_free_node
 .text.uart_init
                0x0000000010001b84      0x188 CMakeFiles/tinyusb_dev_uac2_headset.dir/Users/tim/Documents/Workspace/pico/pico-sdk/src/rp2_common/hardware_uart/uart.c.obj
                0x0000000010001b84                uart_init
 .text.clocks_init
                0x0000000010001d0c      0x2d0 CMakeFiles/tinyusb_dev_uac2_headset.dir/Users/tim/Documents/Workspace/pico/pico-sdk/src/rp2_common/hardware_clocks/clocks.c.obj
                0x0000000010001d0c                clocks_init
 .text.clock_get_hz
                0x0000000010001fdc        0xc CMakeFiles/tinyusb_dev_uac2_headset.dir/Users/tim/Documents/Workspace/pico/pico-sdk/src/rp2_common/hardware_clocks/clocks.c.obj
                0x0000000010001fdc                clock_get_hz
 .text.pll_init
                0x0000000010001fe8       0xa0 CMakeFiles/tinyusb_dev_uac2_headset.dir/Users/tim/Documents/Workspace/pico/pico-sdk/src/rp2_common/hardware_pll/pll.c.obj
                0x0000000010001fe8                pll_init
 .text.watchdog_start_tick
                0x0000000010002088       0x10 CMakeFiles/tinyusb_dev_uac2_headset.dir/Users/tim/Documents/Workspace/pico/pico-sdk/src/rp2_common/hardware_watchdog/watchdog.c.obj
                0x0000000010002088                watchdog_start_tick
 .text.xosc_init
                0x0000000010002098       0x28 CMakeFiles/tinyusb_dev_uac2_headset.dir/Users/tim/Documents/Workspace/pico/pico-sdk/src/rp2_common/hardware_xosc/xosc.c.obj
                0x0000000010002098                xosc_init
 .text.runtime_init
                0x00000000100020c0       0xf0 CMakeFiles/tinyusb_dev_uac2_headset.dir/Users/tim/Documents/Workspace/pico/pico-sdk/src/rp2_common/pico_runtime/runtime.c.obj
                0x00000000100020c0                runtime_init
 .text._exit    0x00000000100021b0        0x4 CMakeFiles/tinyusb_dev_uac2_headset.dir/Users/tim/Documents/Workspace/pico/pico-sdk/src/rp2_common/pico_runtime/runtime.c.obj
                0x00000000100021b0                _exit
 .text.exit     0x00000000100021b4        0x8 CMakeFiles/tinyusb_dev_uac2_headset.dir/Users/tim/Documents/Workspace/pico/pico-sdk/src/rp2_common/pico_runtime/runtime.c.obj
                0x00000000100021b4                exit
 .text.panic    0x00000000100021bc       0x30 CMakeFiles/tinyusb_dev_uac2_headset.dir/Users/tim/Documents/Workspace/pico/pico-sdk/src/rp2_common/pico_runtime/runtime.c.obj
                0x00000000100021bc                panic
 .text.hard_assertion_failure
                0x00000000100021ec        0xc CMakeFiles/tinyusb_dev_uac2_headset.dir/Users/tim/Documents/Workspace/pico/pico-sdk/src/rp2_common/pico_runtime/runtime.c.obj
                0x00000000100021ec                hard_assertion_failure
 .text._out_char
                0x00000000100021f8       0x10 CMakeFiles/tinyusb_dev_uac2_headset.dir/Users/tim/Documents/Workspace/pico/pico-sdk/src/rp2_common/pico_printf/printf.c.obj
 .text.weak_raw_vprintf
                0x0000000010002208       0x30 CMakeFiles/tinyusb_dev_uac2_headset.dir/Users/tim/Documents/Workspace/pico/pico-sdk/src/rp2_common/pico_printf/printf.c.obj
                0x0000000010002208                weak_raw_vprintf
 .text          0x0000000010002238       0x10 CMakeFiles/tinyusb_dev_uac2_headset.dir/Users/tim/Documents/Workspace/pico/pico-sdk/src/rp2_common/pico_bit_ops/bit_ops_aeabi.S.obj
 .text.rom_func_lookup
                0x0000000010002248       0x10 CMakeFiles/tinyusb_dev_uac2_headset.dir/Users/tim/Documents/Workspace/pico/pico-sdk/src/rp2_common/pico_bootrom/bootrom.c.obj
                0x0000000010002248                rom_func_lookup
 .text.rom_data_lookup
                0x0000000010002258       0x10 CMakeFiles/tinyusb_dev_uac2_headset.dir/Users/tim/Documents/Workspace/pico/pico-sdk/src/rp2_common/pico_bootrom/bootrom.c.obj
                0x0000000010002258                rom_data_lookup
 .text.rom_funcs_lookup
                0x0000000010002268       0x44 CMakeFiles/tinyusb_dev_uac2_headset.dir/Users/tim/Documents/Workspace/pico/pico-sdk/src/rp2_common/pico_bootrom/bootrom.c.obj
                0x0000000010002268                rom_funcs_lookup
 .text.__wrap___aeabi_uidiv
                0x00000000100022ac       0x4c CMakeFiles/tinyusb_dev_uac2_headset.dir/Users/tim/Documents/Workspace/pico/pico-sdk/src/rp2_common/pico_divider/divider.S.obj
                0x00000000100022ac                __wrap___aeabi_uidiv
                0x00000000100022ac                __wrap___aeabi_uidivmod
                0x00000000100022ac                div_u32u32
                0x00000000100022ac                divmod_u32u32
                0x00000000100022b4                divmod_u32u32_unsafe
                0x00000000100022dc                divmod_u32u32_savestate
 .text.__wrap___aeabi_ldiv
                0x00000000100022f8      0x424 CMakeFiles/tinyusb_dev_uac2_headset.dir/Users/tim/Documents/Workspace/pico/pico-sdk/src/rp2_common/pico_divider/divider.S.obj
                0x00000000100022f8                __wrap___aeabi_ldivmod
                0x00000000100022f8                div_s64s64
                0x00000000100022f8                divmod_s64s64
                0x0000000010002328                divmod_u64u64
                0x0000000010002328                div_u64u64
                0x0000000010002328                __wrap___aeabi_uldivmod
                0x0000000010002338                divmod_u64u64_savestate
                0x0000000010002358                divmod_s64s64_unsafe
                0x00000000100023e0                divmod_u64u64_unsafe
 .text.__aeabi_double_init
                0x000000001000271c       0x94 CMakeFiles/tinyusb_dev_uac2_headset.dir/Users/tim/Documents/Workspace/pico/pico-sdk/src/rp2_common/pico_double/double_init_rom.c.obj
                0x000000001000271c                __aeabi_double_init
 .text.double_table_shim_on_use_helper
                0x00000000100027b0       0x2c CMakeFiles/tinyusb_dev_uac2_headset.dir/Users/tim/Documents/Workspace/pico/pico-sdk/src/rp2_common/pico_double/double_v1_rom_shim.S.obj
                0x00000000100027b0                double_table_shim_on_use_helper
 .text.__aeabi_lmul
                0x00000000100027dc       0x32 CMakeFiles/tinyusb_dev_uac2_headset.dir/Users/tim/Documents/Workspace/pico/pico-sdk/src/rp2_common/pico_int64_ops/pico_int64_ops_aeabi.S.obj
                0x00000000100027dc                __wrap___aeabi_lmul
 *fill*         0x000000001000280e        0x2 
 .text.__aeabi_float_init
                0x0000000010002810       0x64 CMakeFiles/tinyusb_dev_uac2_headset.dir/Users/tim/Documents/Workspace/pico/pico-sdk/src/rp2_common/pico_float/float_init_rom.c.obj
                0x0000000010002810                __aeabi_float_init
 .text.float_table_shim_on_use_helper
                0x0000000010002874       0x2c CMakeFiles/tinyusb_dev_uac2_headset.dir/Users/tim/Documents/Workspace/pico/pico-sdk/src/rp2_common/pico_float/float_v1_rom_shim.S.obj
                0x0000000010002874                float_table_shim_on_use_helper
 .text          0x00000000100028a0       0x10 CMakeFiles/tinyusb_dev_uac2_headset.dir/Users/tim/Documents/Workspace/pico/pico-sdk/src/rp2_common/pico_mem_ops/mem_ops_aeabi.S.obj
                0x00000000100028a0                __aeabi_mem_init
 .text.memset   0x00000000100028b0        0xc CMakeFiles/tinyusb_dev_uac2_headset.dir/Users/tim/Documents/Workspace/pico/pico-sdk/src/rp2_common/pico_mem_ops/mem_ops_aeabi.S.obj
                0x00000000100028b0                __wrap_memset
 .text.memcpy   0x00000000100028bc        0xc CMakeFiles/tinyusb_dev_uac2_headset.dir/Users/tim/Documents/Workspace/pico/pico-sdk/src/rp2_common/pico_mem_ops/mem_ops_aeabi.S.obj
                0x00000000100028bc                __wrap___aeabi_memcpy
                0x00000000100028bc                __wrap_memcpy
 .text.stdio_out_chars_no_crlf
                0x00000000100028c8       0x10 CMakeFiles/tinyusb_dev_uac2_headset.dir/Users/tim/Documents/Workspace/pico/pico-sdk/src/rp2_common/pico_stdio/stdio.c.obj
 .text.stdio_out_chars_crlf
                0x00000000100028d8       0xb4 CMakeFiles/tinyusb_dev_uac2_headset.dir/Users/tim/Documents/Workspace/pico/pico-sdk/src/rp2_common/pico_stdio/stdio.c.obj
 .text.stdio_put_string.isra.0
                0x000000001000298c       0xfc CMakeFiles/tinyusb_dev_uac2_headset.dir/Users/tim/Documents/Workspace/pico/pico-sdk/src/rp2_common/pico_stdio/stdio.c.obj
 .text.__wrap_putchar
                0x0000000010002a88       0x98 CMakeFiles/tinyusb_dev_uac2_headset.dir/Users/tim/Documents/Workspace/pico/pico-sdk/src/rp2_common/pico_stdio/stdio.c.obj
                0x0000000010002a88                __wrap_putchar
 .text.__wrap_puts
                0x0000000010002b20       0x3c CMakeFiles/tinyusb_dev_uac2_headset.dir/Users/tim/Documents/Workspace/pico/pico-sdk/src/rp2_common/pico_stdio/stdio.c.obj
                0x0000000010002b20                __wrap_puts
 .text.stdio_set_driver_enabled
                0x0000000010002b5c       0x30 CMakeFiles/tinyusb_dev_uac2_headset.dir/Users/tim/Documents/Workspace/pico/pico-sdk/src/rp2_common/pico_stdio/stdio.c.obj
                0x0000000010002b5c                stdio_set_driver_enabled
 .text.stdio_uart_out_chars
                0x0000000010002b8c       0x4c CMakeFiles/tinyusb_dev_uac2_headset.dir/Users/tim/Documents/Workspace/pico/pico-sdk/src/rp2_common/pico_stdio_uart/stdio_uart.c.obj
 .text.stdio_uart_in_chars
                0x0000000010002bd8       0x84 CMakeFiles/tinyusb_dev_uac2_headset.dir/Users/tim/Documents/Workspace/pico/pico-sdk/src/rp2_common/pico_stdio_uart/stdio_uart.c.obj
                0x0000000010002bd8                stdio_uart_in_chars
 .text.on_uart_rx
                0x0000000010002c5c       0x28 CMakeFiles/tinyusb_dev_uac2_headset.dir/Users/tim/Documents/Workspace/pico/pico-sdk/src/rp2_common/pico_stdio_uart/stdio_uart.c.obj
 .text.stdio_uart_set_chars_available_callback
                0x0000000010002c84       0x8c CMakeFiles/tinyusb_dev_uac2_headset.dir/Users/tim/Documents/Workspace/pico/pico-sdk/src/rp2_common/pico_stdio_uart/stdio_uart.c.obj
 .text.stdio_uart_init_full
                0x0000000010002d10       0x3c CMakeFiles/tinyusb_dev_uac2_headset.dir/Users/tim/Documents/Workspace/pico/pico-sdk/src/rp2_common/pico_stdio_uart/stdio_uart.c.obj
                0x0000000010002d10                stdio_uart_init_full
 .text.startup.boot_double_tap_check
                0x0000000010002d4c       0x60 CMakeFiles/tinyusb_dev_uac2_headset.dir/Users/tim/Documents/Workspace/pico/pico-sdk/src/rp2_common/pico_bootsel_via_double_reset/pico_bootsel_via_double_reset.c.obj
 .text.board_init
                0x0000000010002dac       0x30 CMakeFiles/tinyusb_dev_uac2_headset.dir/Users/tim/Documents/Workspace/pico/pico-sdk/lib/tinyusb/hw/bsp/rp2040/family.c.obj
                0x0000000010002dac                board_init
 .text.board_led_write
                0x0000000010002ddc       0x14 CMakeFiles/tinyusb_dev_uac2_headset.dir/Users/tim/Documents/Workspace/pico/pico-sdk/lib/tinyusb/hw/bsp/rp2040/family.c.obj
                0x0000000010002ddc                board_led_write
 .text.dcd_int_enable
                0x0000000010002df0        0xc CMakeFiles/tinyusb_dev_uac2_headset.dir/Users/tim/Documents/Workspace/pico/pico-sdk/lib/tinyusb/src/portable/raspberrypi/rp2040/dcd_rp2040.c.obj
                0x0000000010002df0                dcd_int_enable
 .text.dcd_set_address
                0x0000000010002dfc       0x14 CMakeFiles/tinyusb_dev_uac2_headset.dir/Users/tim/Documents/Workspace/pico/pico-sdk/lib/tinyusb/src/portable/raspberrypi/rp2040/dcd_rp2040.c.obj
                0x0000000010002dfc                dcd_set_address
 .text.dcd_connect
                0x0000000010002e10       0x10 CMakeFiles/tinyusb_dev_uac2_headset.dir/Users/tim/Documents/Workspace/pico/pico-sdk/lib/tinyusb/src/portable/raspberrypi/rp2040/dcd_rp2040.c.obj
                0x0000000010002e10                dcd_connect
 .text.dcd_init
                0x0000000010002e20       0x98 CMakeFiles/tinyusb_dev_uac2_headset.dir/Users/tim/Documents/Workspace/pico/pico-sdk/lib/tinyusb/src/portable/raspberrypi/rp2040/dcd_rp2040.c.obj
                0x0000000010002e20                dcd_init
 .text.dcd_edpt0_status_complete
                0x0000000010002eb8       0x1c CMakeFiles/tinyusb_dev_uac2_headset.dir/Users/tim/Documents/Workspace/pico/pico-sdk/lib/tinyusb/src/portable/raspberrypi/rp2040/dcd_rp2040.c.obj
                0x0000000010002eb8                dcd_edpt0_status_complete
 .text.dcd_edpt_open
                0x0000000010002ed4      0x108 CMakeFiles/tinyusb_dev_uac2_headset.dir/Users/tim/Documents/Workspace/pico/pico-sdk/lib/tinyusb/src/portable/raspberrypi/rp2040/dcd_rp2040.c.obj
                0x0000000010002ed4                dcd_edpt_open
 .text.dcd_edpt_close_all
                0x0000000010002fdc        0x8 CMakeFiles/tinyusb_dev_uac2_headset.dir/Users/tim/Documents/Workspace/pico/pico-sdk/lib/tinyusb/src/portable/raspberrypi/rp2040/dcd_rp2040.c.obj
                0x0000000010002fdc                dcd_edpt_close_all
 .text.dcd_edpt_xfer
                0x0000000010002fe4       0x24 CMakeFiles/tinyusb_dev_uac2_headset.dir/Users/tim/Documents/Workspace/pico/pico-sdk/lib/tinyusb/src/portable/raspberrypi/rp2040/dcd_rp2040.c.obj
                0x0000000010002fe4                dcd_edpt_xfer
 .text.dcd_edpt_stall
                0x0000000010003008       0x38 CMakeFiles/tinyusb_dev_uac2_headset.dir/Users/tim/Documents/Workspace/pico/pico-sdk/lib/tinyusb/src/portable/raspberrypi/rp2040/dcd_rp2040.c.obj
                0x0000000010003008                dcd_edpt_stall
 .text.dcd_edpt_clear_stall
                0x0000000010003040       0x30 CMakeFiles/tinyusb_dev_uac2_headset.dir/Users/tim/Documents/Workspace/pico/pico-sdk/lib/tinyusb/src/portable/raspberrypi/rp2040/dcd_rp2040.c.obj
                0x0000000010003040                dcd_edpt_clear_stall
 .text.dcd_edpt_close
                0x0000000010003070      0x15c CMakeFiles/tinyusb_dev_uac2_headset.dir/Users/tim/Documents/Workspace/pico/pico-sdk/lib/tinyusb/src/portable/raspberrypi/rp2040/dcd_rp2040.c.obj
                0x0000000010003070                dcd_edpt_close
 .text.rp2040_usb_init
                0x00000000100031cc       0x4c CMakeFiles/tinyusb_dev_uac2_headset.dir/Users/tim/Documents/Workspace/pico/pico-sdk/lib/tinyusb/src/portable/raspberrypi/rp2040/rp2040_usb.c.obj
                0x00000000100031cc                rp2040_usb_init
 .text.hw_endpoint_xfer_start
                0x0000000010003218       0x50 CMakeFiles/tinyusb_dev_uac2_headset.dir/Users/tim/Documents/Workspace/pico/pico-sdk/lib/tinyusb/src/portable/raspberrypi/rp2040/rp2040_usb.c.obj
                0x0000000010003218                hw_endpoint_xfer_start
 .text.tud_inited
                0x0000000010003268       0x14 CMakeFiles/tinyusb_dev_uac2_headset.dir/Users/tim/Documents/Workspace/pico/pico-sdk/lib/tinyusb/src/device/usbd.c.obj
                0x0000000010003268                tud_inited
 .text.tud_init
                0x000000001000327c       0xe4 CMakeFiles/tinyusb_dev_uac2_headset.dir/Users/tim/Documents/Workspace/pico/pico-sdk/lib/tinyusb/src/device/usbd.c.obj
                0x000000001000327c                tud_init
 .text.tud_task_ext
                0x0000000010003360      0x870 CMakeFiles/tinyusb_dev_uac2_headset.dir/Users/tim/Documents/Workspace/pico/pico-sdk/lib/tinyusb/src/device/usbd.c.obj
                0x0000000010003360                tud_task_ext
 .text.usbd_edpt_open
                0x0000000010003bd0       0x34 CMakeFiles/tinyusb_dev_uac2_headset.dir/Users/tim/Documents/Workspace/pico/pico-sdk/lib/tinyusb/src/device/usbd.c.obj
                0x0000000010003bd0                usbd_edpt_open
 .text.usbd_edpt_xfer
                0x0000000010003c04       0x4c CMakeFiles/tinyusb_dev_uac2_headset.dir/Users/tim/Documents/Workspace/pico/pico-sdk/lib/tinyusb/src/device/usbd.c.obj
                0x0000000010003c04                usbd_edpt_xfer
 .text.usbd_edpt_clear_stall
                0x0000000010003c50       0x3c CMakeFiles/tinyusb_dev_uac2_headset.dir/Users/tim/Documents/Workspace/pico/pico-sdk/lib/tinyusb/src/device/usbd.c.obj
                0x0000000010003c50                usbd_edpt_clear_stall
 .text.usbd_edpt_close
                0x0000000010003c8c       0x48 CMakeFiles/tinyusb_dev_uac2_headset.dir/Users/tim/Documents/Workspace/pico/pico-sdk/lib/tinyusb/src/device/usbd.c.obj
                0x0000000010003c8c                usbd_edpt_close
 .text.tud_control_status
                0x0000000010003cd4       0x30 CMakeFiles/tinyusb_dev_uac2_headset.dir/Users/tim/Documents/Workspace/pico/pico-sdk/lib/tinyusb/src/device/usbd_control.c.obj
                0x0000000010003cd4                tud_control_status
 .text.tud_control_xfer
                0x0000000010003d04       0xbc CMakeFiles/tinyusb_dev_uac2_headset.dir/Users/tim/Documents/Workspace/pico/pico-sdk/lib/tinyusb/src/device/usbd_control.c.obj
                0x0000000010003d04                tud_control_xfer
 .text.usbd_control_reset
                0x0000000010003dc0       0x14 CMakeFiles/tinyusb_dev_uac2_headset.dir/Users/tim/Documents/Workspace/pico/pico-sdk/lib/tinyusb/src/device/usbd_control.c.obj
                0x0000000010003dc0                usbd_control_reset
 .text.usbd_control_set_complete_callback
                0x0000000010003dd4        0xc CMakeFiles/tinyusb_dev_uac2_headset.dir/Users/tim/Documents/Workspace/pico/pico-sdk/lib/tinyusb/src/device/usbd_control.c.obj
                0x0000000010003dd4                usbd_control_set_complete_callback
 .text.usbd_control_set_request
                0x0000000010003de0       0x1c CMakeFiles/tinyusb_dev_uac2_headset.dir/Users/tim/Documents/Workspace/pico/pico-sdk/lib/tinyusb/src/device/usbd_control.c.obj
                0x0000000010003de0                usbd_control_set_request
 .text.usbd_control_xfer_cb
                0x0000000010003dfc       0xfc CMakeFiles/tinyusb_dev_uac2_headset.dir/Users/tim/Documents/Workspace/pico/pico-sdk/lib/tinyusb/src/device/usbd_control.c.obj
                0x0000000010003dfc                usbd_control_xfer_cb
 .text.audiod_tx_done_cb.constprop.0
                0x0000000010003ef8       0xcc CMakeFiles/tinyusb_dev_uac2_headset.dir/Users/tim/Documents/Workspace/pico/pico-sdk/lib/tinyusb/src/class/audio/audio_device.c.obj
 .text.tud_audio_n_read
                0x0000000010003fc4       0x20 CMakeFiles/tinyusb_dev_uac2_headset.dir/Users/tim/Documents/Workspace/pico/pico-sdk/lib/tinyusb/src/class/audio/audio_device.c.obj
                0x0000000010003fc4                tud_audio_n_read
 .text.tud_audio_n_write
                0x0000000010003fe4       0x20 CMakeFiles/tinyusb_dev_uac2_headset.dir/Users/tim/Documents/Workspace/pico/pico-sdk/lib/tinyusb/src/class/audio/audio_device.c.obj
                0x0000000010003fe4                tud_audio_n_write
 .text.audiod_init
                0x0000000010004004       0x8c CMakeFiles/tinyusb_dev_uac2_headset.dir/Users/tim/Documents/Workspace/pico/pico-sdk/lib/tinyusb/src/class/audio/audio_device.c.obj
                0x0000000010004004                audiod_init
 .text.audiod_reset
                0x0000000010004090       0x24 CMakeFiles/tinyusb_dev_uac2_headset.dir/Users/tim/Documents/Workspace/pico/pico-sdk/lib/tinyusb/src/class/audio/audio_device.c.obj
                0x0000000010004090                audiod_reset
 .text.audiod_open
                0x00000000100040b4       0x44 CMakeFiles/tinyusb_dev_uac2_headset.dir/Users/tim/Documents/Workspace/pico/pico-sdk/lib/tinyusb/src/class/audio/audio_device.c.obj
                0x00000000100040b4                audiod_open
 .text.audiod_control_xfer_cb
                0x00000000100040f8      0x4bc CMakeFiles/tinyusb_dev_uac2_headset.dir/Users/tim/Documents/Workspace/pico/pico-sdk/lib/tinyusb/src/class/audio/audio_device.c.obj
                0x00000000100040f8                audiod_control_xfer_cb
 .text.audiod_xfer_cb
                0x00000000100045b4       0xf0 CMakeFiles/tinyusb_dev_uac2_headset.dir/Users/tim/Documents/Workspace/pico/pico-sdk/lib/tinyusb/src/class/audio/audio_device.c.obj
                0x00000000100045b4                audiod_xfer_cb
 .text.tud_audio_buffer_and_schedule_control_xfer
                0x00000000100046a4      0x108 CMakeFiles/tinyusb_dev_uac2_headset.dir/Users/tim/Documents/Workspace/pico/pico-sdk/lib/tinyusb/src/class/audio/audio_device.c.obj
                0x00000000100046a4                tud_audio_buffer_and_schedule_control_xfer
 .text.tusb_inited
                0x00000000100047ac        0x8 CMakeFiles/tinyusb_dev_uac2_headset.dir/Users/tim/Documents/Workspace/pico/pico-sdk/lib/tinyusb/src/tusb.c.obj
                0x00000000100047ac                tusb_inited
 .text.tu_edpt_validate
                0x00000000100047b4       0x78 CMakeFiles/tinyusb_dev_uac2_headset.dir/Users/tim/Documents/Workspace/pico/pico-sdk/lib/tinyusb/src/tusb.c.obj
                0x00000000100047b4                tu_edpt_validate
 .text.tu_edpt_bind_driver
                0x000000001000482c       0x34 CMakeFiles/tinyusb_dev_uac2_headset.dir/Users/tim/Documents/Workspace/pico/pico-sdk/lib/tinyusb/src/tusb.c.obj
                0x000000001000482c                tu_edpt_bind_driver
 .text.tu_fifo_config
                0x0000000010004860       0x70 CMakeFiles/tinyusb_dev_uac2_headset.dir/Users/tim/Documents/Workspace/pico/pico-sdk/lib/tinyusb/src/common/tusb_fifo.c.obj
                0x0000000010004860                tu_fifo_config
 .text.tu_fifo_count
                0x00000000100048d0       0x2c CMakeFiles/tinyusb_dev_uac2_headset.dir/Users/tim/Documents/Workspace/pico/pico-sdk/lib/tinyusb/src/common/tusb_fifo.c.obj
                0x00000000100048d0                tu_fifo_count
 .text.tu_fifo_read
                0x00000000100048fc       0xa0 CMakeFiles/tinyusb_dev_uac2_headset.dir/Users/tim/Documents/Workspace/pico/pico-sdk/lib/tinyusb/src/common/tusb_fifo.c.obj
                0x00000000100048fc                tu_fifo_read
 .text.tu_fifo_read_n
                0x000000001000499c       0xec CMakeFiles/tinyusb_dev_uac2_headset.dir/Users/tim/Documents/Workspace/pico/pico-sdk/lib/tinyusb/src/common/tusb_fifo.c.obj
                0x000000001000499c                tu_fifo_read_n
 .text.tu_fifo_write
                0x0000000010004a88       0x88 CMakeFiles/tinyusb_dev_uac2_headset.dir/Users/tim/Documents/Workspace/pico/pico-sdk/lib/tinyusb/src/common/tusb_fifo.c.obj
                0x0000000010004a88                tu_fifo_write
 .text.tu_fifo_write_n
                0x0000000010004b10      0x168 CMakeFiles/tinyusb_dev_uac2_headset.dir/Users/tim/Documents/Workspace/pico/pico-sdk/lib/tinyusb/src/common/tusb_fifo.c.obj
                0x0000000010004b10                tu_fifo_write_n
 .text.tu_fifo_clear
                0x0000000010004c78       0x40 CMakeFiles/tinyusb_dev_uac2_headset.dir/Users/tim/Documents/Workspace/pico/pico-sdk/lib/tinyusb/src/common/tusb_fifo.c.obj
                0x0000000010004c78                tu_fifo_clear
 .text.hw_enumeration_fix_force_ls_j_done
                0x0000000010004cb8       0x44 CMakeFiles/tinyusb_dev_uac2_headset.dir/Users/tim/Documents/Workspace/pico/pico-sdk/src/rp2_common/pico_fix/rp2040_usb_device_enumeration/rp2040_usb_device_enumeration.c.obj
                0x0000000010004cb8                hw_enumeration_fix_force_ls_j_done
 .text.hw_enumeration_fix_force_ls_j
                0x0000000010004cfc      0x104 CMakeFiles/tinyusb_dev_uac2_headset.dir/Users/tim/Documents/Workspace/pico/pico-sdk/src/rp2_common/pico_fix/rp2040_usb_device_enumeration/rp2040_usb_device_enumeration.c.obj
 .text.hw_enumeration_fix_wait_se0_callback
                0x0000000010004e00       0x24 CMakeFiles/tinyusb_dev_uac2_headset.dir/Users/tim/Documents/Workspace/pico/pico-sdk/src/rp2_common/pico_fix/rp2040_usb_device_enumeration/rp2040_usb_device_enumeration.c.obj
                0x0000000010004e00                hw_enumeration_fix_wait_se0_callback
 .text.rp2040_usb_device_enumeration_fix
                0x0000000010004e24       0x64 CMakeFiles/tinyusb_dev_uac2_headset.dir/Users/tim/Documents/Workspace/pico/pico-sdk/src/rp2_common/pico_fix/rp2040_usb_device_enumeration/rp2040_usb_device_enumeration.c.obj
                0x0000000010004e24                rp2040_usb_device_enumeration_fix
 .text.strlen   0x0000000010004e88       0x5c /usr/local/Cellar/arm-none-eabi-gcc/10.3-2021.07/gcc/bin/../lib/gcc/arm-none-eabi/10.3.1/../../../../arm-none-eabi/lib/thumb/v6-m/nofp/libc.a(lib_a-strlen-stub.o)
                0x0000000010004e88                strlen
 *(.fini)
 .fini          0x0000000010004ee4        0x4 /usr/local/Cellar/arm-none-eabi-gcc/10.3-2021.07/gcc/bin/../lib/gcc/arm-none-eabi/10.3.1/thumb/v6-m/nofp/crti.o
                0x0000000010004ee4                _fini
 .fini.__stub   0x0000000010004ee8       0xb0 linker stubs
 *crtbegin.o(.ctors)
 *crtbegin?.o(.ctors)
 *(EXCLUDE_FILE(*crtend.o *crtend?.o) .ctors)
 *(SORT_BY_NAME(.ctors.*))
 *(.ctors)
 *crtbegin.o(.dtors)
 *crtbegin?.o(.dtors)
 *(EXCLUDE_FILE(*crtend.o *crtend?.o) .dtors)
 *(SORT_BY_NAME(.dtors.*))
 *(.dtors)
 *(.eh_frame*)
 .eh_frame      0x0000000010004f98        0x0 /usr/local/Cellar/arm-none-eabi-gcc/10.3-2021.07/gcc/bin/../lib/gcc/arm-none-eabi/10.3.1/thumb/v6-m/nofp/crtbegin.o
                0x0000000010004f98                . = ALIGN (0x4)

.glue_7         0x0000000010004f98        0x0
 .glue_7        0x0000000010004f98        0x0 linker stubs

.glue_7t        0x0000000010004f98        0x0
 .glue_7t       0x0000000010004f98        0x0 linker stubs

.vfp11_veneer   0x0000000010004f98        0x0
 .vfp11_veneer  0x0000000010004f98        0x0 linker stubs

.v4_bx          0x0000000010004f98        0x0
 .v4_bx         0x0000000010004f98        0x0 linker stubs

.iplt           0x0000000010004f98        0x0
 .iplt          0x0000000010004f98        0x0 /usr/local/Cellar/arm-none-eabi-gcc/10.3-2021.07/gcc/bin/../lib/gcc/arm-none-eabi/10.3.1/thumb/v6-m/nofp/crtbegin.o

.rodata         0x0000000010004f98      0x3d0
 *(EXCLUDE_FILE(*libm.a: *libc.a:*lib_a-mem*.o *libgcc.a:) .rodata*)
 .rodata        0x0000000010004f98        0x8 CMakeFiles/tinyusb_dev_uac2_headset.dir/src/main.c.obj
 .rodata.resolutions_per_format
                0x0000000010004fa0        0x2 CMakeFiles/tinyusb_dev_uac2_headset.dir/src/main.c.obj
                0x0000000010004fa0                resolutions_per_format
 *fill*         0x0000000010004fa2        0x2 
 .rodata.str1.4
                0x0000000010004fa4       0x47 CMakeFiles/tinyusb_dev_uac2_headset.dir/src/usb_descriptors.c.obj
 *fill*         0x0000000010004feb        0x1 
 .rodata.__compound_literal.0
                0x0000000010004fec        0x2 CMakeFiles/tinyusb_dev_uac2_headset.dir/src/usb_descriptors.c.obj
 *fill*         0x0000000010004fee        0x2 
 .rodata.desc_configuration
                0x0000000010004ff0      0x141 CMakeFiles/tinyusb_dev_uac2_headset.dir/src/usb_descriptors.c.obj
                0x0000000010004ff0                desc_configuration
 *fill*         0x0000000010005131        0x3 
 .rodata.desc_device
                0x0000000010005134       0x12 CMakeFiles/tinyusb_dev_uac2_headset.dir/src/usb_descriptors.c.obj
                0x0000000010005134                desc_device
 *fill*         0x0000000010005146        0x2 
 .rodata.spin_lock_claim_unused.str1.4
                0x0000000010005148       0x1b CMakeFiles/tinyusb_dev_uac2_headset.dir/Users/tim/Documents/Workspace/pico/pico-sdk/src/rp2_common/hardware_sync/sync.c.obj
 *fill*         0x0000000010005163        0x1 
 .rodata.hardware_alarm_claim.str1.4
                0x0000000010005164       0x22 CMakeFiles/tinyusb_dev_uac2_headset.dir/Users/tim/Documents/Workspace/pico/pico-sdk/src/rp2_common/hardware_timer/timer.c.obj
 *fill*         0x0000000010005186        0x2 
 .rodata.panic.str1.4
                0x0000000010005188       0x12 CMakeFiles/tinyusb_dev_uac2_headset.dir/Users/tim/Documents/Workspace/pico/pico-sdk/src/rp2_common/pico_runtime/runtime.c.obj
 *fill*         0x000000001000519a        0x2 
 .rodata.hard_assertion_failure.str1.4
                0x000000001000519c        0xc CMakeFiles/tinyusb_dev_uac2_headset.dir/Users/tim/Documents/Workspace/pico/pico-sdk/src/rp2_common/pico_runtime/runtime.c.obj
 .rodata.str1.4
                0x00000000100051a8       0x50 CMakeFiles/tinyusb_dev_uac2_headset.dir/Users/tim/Documents/Workspace/pico/pico-sdk/src/rp2_common/pico_standard_link/binary_info.c.obj
 .rodata.__bi_44
                0x00000000100051f8        0xc CMakeFiles/tinyusb_dev_uac2_headset.dir/Users/tim/Documents/Workspace/pico/pico-sdk/src/rp2_common/pico_standard_link/binary_info.c.obj
 .rodata.__bi_75
                0x0000000010005204        0xc CMakeFiles/tinyusb_dev_uac2_headset.dir/Users/tim/Documents/Workspace/pico/pico-sdk/src/rp2_common/pico_standard_link/binary_info.c.obj
 .rodata.__bi_81
                0x0000000010005210        0xc CMakeFiles/tinyusb_dev_uac2_headset.dir/Users/tim/Documents/Workspace/pico/pico-sdk/src/rp2_common/pico_standard_link/binary_info.c.obj
 .rodata.crlf_str.0
                0x000000001000521c        0x2 CMakeFiles/tinyusb_dev_uac2_headset.dir/Users/tim/Documents/Workspace/pico/pico-sdk/src/rp2_common/pico_stdio/stdio.c.obj
 *fill*         0x000000001000521e        0x2 
 .rodata.str1.4
                0x0000000010005220       0x18 CMakeFiles/tinyusb_dev_uac2_headset.dir/Users/tim/Documents/Workspace/pico/pico-sdk/src/rp2_common/pico_bootsel_via_double_reset/pico_bootsel_via_double_reset.c.obj
 .rodata.__bi_35
                0x0000000010005238        0xc CMakeFiles/tinyusb_dev_uac2_headset.dir/Users/tim/Documents/Workspace/pico/pico-sdk/src/rp2_common/pico_bootsel_via_double_reset/pico_bootsel_via_double_reset.c.obj
 .rodata.str1.4
                0x0000000010005244        0x4 CMakeFiles/tinyusb_dev_uac2_headset.dir/Users/tim/Documents/Workspace/pico/pico-sdk/lib/tinyusb/hw/bsp/rp2040/family.c.obj
 .rodata.__bi_142.0
                0x0000000010005248        0xc CMakeFiles/tinyusb_dev_uac2_headset.dir/Users/tim/Documents/Workspace/pico/pico-sdk/lib/tinyusb/hw/bsp/rp2040/family.c.obj
 .rodata.__bi_152.1
                0x0000000010005254        0x8 CMakeFiles/tinyusb_dev_uac2_headset.dir/Users/tim/Documents/Workspace/pico/pico-sdk/lib/tinyusb/hw/bsp/rp2040/family.c.obj
 .rodata.str1.4
                0x000000001000525c       0x14 CMakeFiles/tinyusb_dev_uac2_headset.dir/Users/tim/Documents/Workspace/pico/pico-sdk/lib/tinyusb/src/portable/raspberrypi/rp2040/dcd_rp2040.c.obj
 .rodata.str1.4
                0x0000000010005270       0x53 CMakeFiles/tinyusb_dev_uac2_headset.dir/Users/tim/Documents/Workspace/pico/pico-sdk/lib/tinyusb/src/portable/raspberrypi/rp2040/rp2040_usb.c.obj
 *fill*         0x00000000100052c3        0x1 
 .rodata.tud_task_ext
                0x00000000100052c4       0x8c CMakeFiles/tinyusb_dev_uac2_headset.dir/Users/tim/Documents/Workspace/pico/pico-sdk/lib/tinyusb/src/device/usbd.c.obj
 .rodata._usbd_driver
                0x0000000010005350       0x18 CMakeFiles/tinyusb_dev_uac2_headset.dir/Users/tim/Documents/Workspace/pico/pico-sdk/lib/tinyusb/src/device/usbd.c.obj
                0x0000000010005368                . = ALIGN (0x4)
 *(SORT_BY_ALIGNMENT(SORT_BY_NAME(.flashdata*)))
                0x0000000010005368                . = ALIGN (0x4)

.ARM.extab
 *(.ARM.extab* .gnu.linkonce.armextab.*)
                0x0000000010005368                __exidx_start = .

.ARM.exidx
 *(.ARM.exidx* .gnu.linkonce.armexidx.*)
                0x0000000010005368                __exidx_end = .
                0x0000000010005368                . = ALIGN (0x4)
                0x0000000010005368                __binary_info_start = .

.binary_info    0x0000000010005368       0x28
 *(.binary_info.keep.*)
 .binary_info.keep.__bi_ptr22
                0x0000000010005368        0x4 CMakeFiles/tinyusb_dev_uac2_headset.dir/Users/tim/Documents/Workspace/pico/pico-sdk/src/rp2_common/pico_standard_link/binary_info.c.obj
 .binary_info.keep.__bi_ptr30
                0x000000001000536c        0x4 CMakeFiles/tinyusb_dev_uac2_headset.dir/Users/tim/Documents/Workspace/pico/pico-sdk/src/rp2_common/pico_standard_link/binary_info.c.obj
 .binary_info.keep.__bi_ptr38
                0x0000000010005370        0x4 CMakeFiles/tinyusb_dev_uac2_headset.dir/Users/tim/Documents/Workspace/pico/pico-sdk/src/rp2_common/pico_standard_link/binary_info.c.obj
 .binary_info.keep.__bi_ptr44
                0x0000000010005374        0x4 CMakeFiles/tinyusb_dev_uac2_headset.dir/Users/tim/Documents/Workspace/pico/pico-sdk/src/rp2_common/pico_standard_link/binary_info.c.obj
 .binary_info.keep.__bi_ptr50
                0x0000000010005378        0x4 CMakeFiles/tinyusb_dev_uac2_headset.dir/Users/tim/Documents/Workspace/pico/pico-sdk/src/rp2_common/pico_standard_link/binary_info.c.obj
 .binary_info.keep.__bi_ptr75
                0x000000001000537c        0x4 CMakeFiles/tinyusb_dev_uac2_headset.dir/Users/tim/Documents/Workspace/pico/pico-sdk/src/rp2_common/pico_standard_link/binary_info.c.obj
 .binary_info.keep.__bi_ptr81
                0x0000000010005380        0x4 CMakeFiles/tinyusb_dev_uac2_headset.dir/Users/tim/Documents/Workspace/pico/pico-sdk/src/rp2_common/pico_standard_link/binary_info.c.obj
 .binary_info.keep.__bi_ptr35
                0x0000000010005384        0x4 CMakeFiles/tinyusb_dev_uac2_headset.dir/Users/tim/Documents/Workspace/pico/pico-sdk/src/rp2_common/pico_bootsel_via_double_reset/pico_bootsel_via_double_reset.c.obj
 .binary_info.keep.__bi_ptr142
                0x0000000010005388        0x4 CMakeFiles/tinyusb_dev_uac2_headset.dir/Users/tim/Documents/Workspace/pico/pico-sdk/lib/tinyusb/hw/bsp/rp2040/family.c.obj
 .binary_info.keep.__bi_ptr152
                0x000000001000538c        0x4 CMakeFiles/tinyusb_dev_uac2_headset.dir/Users/tim/Documents/Workspace/pico/pico-sdk/lib/tinyusb/hw/bsp/rp2040/family.c.obj
 *(.binary_info.*)
                0x0000000010005390                __binary_info_end = .

.rel.dyn        0x0000000010005390        0x0
 .rel.iplt      0x0000000010005390        0x0 /usr/local/Cellar/arm-none-eabi-gcc/10.3-2021.07/gcc/bin/../lib/gcc/arm-none-eabi/10.3.1/thumb/v6-m/nofp/crtbegin.o
                0x0000000010005390                . = ALIGN (0x4)

.ram_vector_table
                0x0000000020000000       0xc0
 *(.ram_vector_table)
 .ram_vector_table
                0x0000000020000000       0xc0 CMakeFiles/tinyusb_dev_uac2_headset.dir/Users/tim/Documents/Workspace/pico/pico-sdk/src/rp2_common/pico_runtime/runtime.c.obj
                0x0000000020000000                ram_vector_table

.data           0x00000000200000c0      0xd40 load address 0x0000000010005390
                0x00000000200000c0                __data_start__ = .
 *(vtable)
 *(.time_critical*)
 .time_critical.mutex_try_enter_block_until
                0x00000000200000c0       0x9c CMakeFiles/tinyusb_dev_uac2_headset.dir/Users/tim/Documents/Workspace/pico/pico-sdk/src/common/pico_sync/mutex.c.obj
                0x00000000200000c0                mutex_try_enter_block_until
 .time_critical.mutex_enter_timeout_ms
                0x000000002000015c       0x90 CMakeFiles/tinyusb_dev_uac2_headset.dir/Users/tim/Documents/Workspace/pico/pico-sdk/src/common/pico_sync/mutex.c.obj
                0x000000002000015c                mutex_enter_timeout_ms
 .time_critical.mutex_exit
                0x00000000200001ec       0x28 CMakeFiles/tinyusb_dev_uac2_headset.dir/Users/tim/Documents/Workspace/pico/pico-sdk/src/common/pico_sync/mutex.c.obj
                0x00000000200001ec                mutex_exit
 .time_critical.reset_non_control_endpoints
                0x0000000020000214       0xbc CMakeFiles/tinyusb_dev_uac2_headset.dir/Users/tim/Documents/Workspace/pico/pico-sdk/lib/tinyusb/src/portable/raspberrypi/rp2040/dcd_rp2040.c.obj
 .time_critical.hw_handle_buff_status
                0x00000000200002d0       0xa8 CMakeFiles/tinyusb_dev_uac2_headset.dir/Users/tim/Documents/Workspace/pico/pico-sdk/lib/tinyusb/src/portable/raspberrypi/rp2040/dcd_rp2040.c.obj
 .time_critical.dcd_rp2040_irq
                0x0000000020000378      0x4e0 CMakeFiles/tinyusb_dev_uac2_headset.dir/Users/tim/Documents/Workspace/pico/pico-sdk/lib/tinyusb/src/portable/raspberrypi/rp2040/dcd_rp2040.c.obj
 .time_critical.e15_is_bulkin_ep
                0x0000000020000858       0x28 CMakeFiles/tinyusb_dev_uac2_headset.dir/Users/tim/Documents/Workspace/pico/pico-sdk/lib/tinyusb/src/portable/raspberrypi/rp2040/rp2040_usb.c.obj
 .time_critical.e15_is_critical_frame_period
                0x0000000020000880       0x34 CMakeFiles/tinyusb_dev_uac2_headset.dir/Users/tim/Documents/Workspace/pico/pico-sdk/lib/tinyusb/src/portable/raspberrypi/rp2040/rp2040_usb.c.obj
 .time_critical.prepare_ep_buffer
                0x00000000200008b4       0x70 CMakeFiles/tinyusb_dev_uac2_headset.dir/Users/tim/Documents/Workspace/pico/pico-sdk/lib/tinyusb/src/portable/raspberrypi/rp2040/rp2040_usb.c.obj
 .time_critical.sync_ep_buffer
                0x0000000020000924       0x4c CMakeFiles/tinyusb_dev_uac2_headset.dir/Users/tim/Documents/Workspace/pico/pico-sdk/lib/tinyusb/src/portable/raspberrypi/rp2040/rp2040_usb.c.obj
 .time_critical._hw_endpoint_xfer_sync
                0x0000000020000970       0x28 CMakeFiles/tinyusb_dev_uac2_headset.dir/Users/tim/Documents/Workspace/pico/pico-sdk/lib/tinyusb/src/portable/raspberrypi/rp2040/rp2040_usb.c.obj
 .time_critical.hw_endpoint_reset_transfer
                0x0000000020000998        0xc CMakeFiles/tinyusb_dev_uac2_headset.dir/Users/tim/Documents/Workspace/pico/pico-sdk/lib/tinyusb/src/portable/raspberrypi/rp2040/rp2040_usb.c.obj
                0x0000000020000998                hw_endpoint_reset_transfer
 .time_critical._hw_endpoint_buffer_control_update32
                0x00000000200009a4       0x58 CMakeFiles/tinyusb_dev_uac2_headset.dir/Users/tim/Documents/Workspace/pico/pico-sdk/lib/tinyusb/src/portable/raspberrypi/rp2040/rp2040_usb.c.obj
                0x00000000200009a4                _hw_endpoint_buffer_control_update32
 .time_critical.hw_endpoint_start_next_buffer
                0x00000000200009fc       0x6c CMakeFiles/tinyusb_dev_uac2_headset.dir/Users/tim/Documents/Workspace/pico/pico-sdk/lib/tinyusb/src/portable/raspberrypi/rp2040/rp2040_usb.c.obj
                0x00000000200009fc                hw_endpoint_start_next_buffer
 .time_critical.hw_endpoint_xfer_continue
                0x0000000020000a68       0x50 CMakeFiles/tinyusb_dev_uac2_headset.dir/Users/tim/Documents/Workspace/pico/pico-sdk/lib/tinyusb/src/portable/raspberrypi/rp2040/rp2040_usb.c.obj
                0x0000000020000a68                hw_endpoint_xfer_continue
 .time_critical.tinyusb
                0x0000000020000ab8      0x19c CMakeFiles/tinyusb_dev_uac2_headset.dir/Users/tim/Documents/Workspace/pico/pico-sdk/lib/tinyusb/src/device/usbd.c.obj
                0x0000000020000ab8                dcd_event_handler
 .time_critical.tinyusb
                0x0000000020000c54        0x4 CMakeFiles/tinyusb_dev_uac2_headset.dir/Users/tim/Documents/Workspace/pico/pico-sdk/lib/tinyusb/src/class/audio/audio_device.c.obj
                0x0000000020000c54                audiod_sof_isr
 *(.text*)
 .text          0x0000000020000c58        0x4 /usr/local/Cellar/arm-none-eabi-gcc/10.3-2021.07/gcc/bin/../lib/gcc/arm-none-eabi/10.3.1/thumb/v6-m/nofp/libgcc.a(_dvmd_tls.o)
                0x0000000020000c58                __aeabi_ldiv0
                0x0000000020000c58                __aeabi_idiv0
 *fill*         0x0000000020000c5c        0x4 
 .text.__stub   0x0000000020000c60       0x80 linker stubs
                0x0000000020000ce0                . = ALIGN (0x4)
 *(.rodata*)
                0x0000000020000ce0                . = ALIGN (0x4)
 *(.data*)
 .data.blink_interval_ms
                0x0000000020000ce0        0x4 CMakeFiles/tinyusb_dev_uac2_headset.dir/src/main.c.obj
 .data.current_sample_rate
                0x0000000020000ce4        0x4 CMakeFiles/tinyusb_dev_uac2_headset.dir/src/main.c.obj
                0x0000000020000ce4                current_sample_rate
 .data.string_desc_arr
                0x0000000020000ce8       0x18 CMakeFiles/tinyusb_dev_uac2_headset.dir/src/usb_descriptors.c.obj
                0x0000000020000ce8                string_desc_arr
 .data.striped_spin_lock_num
                0x0000000020000d00        0x1 CMakeFiles/tinyusb_dev_uac2_headset.dir/Users/tim/Documents/Workspace/pico/pico-sdk/src/rp2_common/hardware_sync/sync.c.obj
 *fill*         0x0000000020000d01        0x3 
 .data          0x0000000020000d04       0x48 CMakeFiles/tinyusb_dev_uac2_headset.dir/Users/tim/Documents/Workspace/pico/pico-sdk/src/rp2_common/hardware_irq/irq_handler_chain.S.obj
                0x0000000020000d04                irq_handler_chain_slots
                0x0000000020000d34                irq_handler_chain_first_slot
                0x0000000020000d3e                irq_handler_chain_remove_tail
 .data.default_alarm_pool
                0x0000000020000d4c       0x18 CMakeFiles/tinyusb_dev_uac2_headset.dir/Users/tim/Documents/Workspace/pico/pico-sdk/src/common/pico_time/time.c.obj
 .data.default_alarm_pool_heap
                0x0000000020000d64       0x10 CMakeFiles/tinyusb_dev_uac2_headset.dir/Users/tim/Documents/Workspace/pico/pico-sdk/src/common/pico_time/time.c.obj
 *fill*         0x0000000020000d74        0xc 
 .data.aeabi_bits_funcs
                0x0000000020000d80       0x10 CMakeFiles/tinyusb_dev_uac2_headset.dir/Users/tim/Documents/Workspace/pico/pico-sdk/src/rp2_common/pico_bit_ops/bit_ops_aeabi.S.obj
                0x0000000020000d80                aeabi_bits_funcs
                0x0000000020000d90                aeabi_bits_funcs_end
 .data.aeabi_mem_funcs
                0x0000000020000d90       0x10 CMakeFiles/tinyusb_dev_uac2_headset.dir/Users/tim/Documents/Workspace/pico/pico-sdk/src/rp2_common/pico_mem_ops/mem_ops_aeabi.S.obj
                0x0000000020000d90                aeabi_mem_funcs
                0x0000000020000da0                aeabi_mem_funcs_end
 .data.stdio_uart
                0x0000000020000da0       0x18 CMakeFiles/tinyusb_dev_uac2_headset.dir/Users/tim/Documents/Workspace/pico/pico-sdk/src/rp2_common/pico_stdio_uart/stdio_uart.c.obj
                0x0000000020000da0                stdio_uart
 .data.ep_dir_string
                0x0000000020000db8        0x8 CMakeFiles/tinyusb_dev_uac2_headset.dir/Users/tim/Documents/Workspace/pico/pico-sdk/lib/tinyusb/src/portable/raspberrypi/rp2040/rp2040_usb.c.obj
                0x0000000020000db8                ep_dir_string
 .data._usbd_qdef
                0x0000000020000dc0       0x1c CMakeFiles/tinyusb_dev_uac2_headset.dir/Users/tim/Documents/Workspace/pico/pico-sdk/lib/tinyusb/src/device/usbd.c.obj
                0x0000000020000dc0                _usbd_qdef
 .data._usbd_rhport
                0x0000000020000ddc        0x1 CMakeFiles/tinyusb_dev_uac2_headset.dir/Users/tim/Documents/Workspace/pico/pico-sdk/lib/tinyusb/src/device/usbd.c.obj
                0x0000000020000de0                . = ALIGN (0x4)
 *fill*         0x0000000020000ddd        0x3 
 *(.after_data.*)
                0x0000000020000de0                . = ALIGN (0x4)
                0x0000000020000de0                PROVIDE (__mutex_array_start = .)
 *(SORT_BY_NAME(.mutex_array.*))
 *(.mutex_array)
 .mutex_array   0x0000000020000de0        0x8 CMakeFiles/tinyusb_dev_uac2_headset.dir/Users/tim/Documents/Workspace/pico/pico-sdk/src/rp2_common/pico_stdio/stdio.c.obj
                0x0000000020000de8                PROVIDE (__mutex_array_end = .)
                0x0000000020000de8                . = ALIGN (0x4)
                0x0000000020000de8                PROVIDE (__preinit_array_start = .)
 *(SORT_BY_NAME(.preinit_array.*))
 .preinit_array.00001
                0x0000000020000de8        0x4 CMakeFiles/tinyusb_dev_uac2_headset.dir/Users/tim/Documents/Workspace/pico/pico-sdk/src/rp2_common/pico_mem_ops/mem_ops_aeabi.S.obj
 .preinit_array.00010
                0x0000000020000dec        0x4 CMakeFiles/tinyusb_dev_uac2_headset.dir/Users/tim/Documents/Workspace/pico/pico-sdk/src/rp2_common/pico_bit_ops/bit_ops_aeabi.S.obj
 .preinit_array.00020
                0x0000000020000df0        0x4 CMakeFiles/tinyusb_dev_uac2_headset.dir/Users/tim/Documents/Workspace/pico/pico-sdk/src/rp2_common/pico_double/double_aeabi.S.obj
 .preinit_array.00020
                0x0000000020000df4        0x4 CMakeFiles/tinyusb_dev_uac2_headset.dir/Users/tim/Documents/Workspace/pico/pico-sdk/src/rp2_common/pico_float/float_aeabi.S.obj
 *(.preinit_array)
                0x0000000020000df8                PROVIDE (__preinit_array_end = .)
                0x0000000020000df8                . = ALIGN (0x4)
                0x0000000020000df8                PROVIDE (__init_array_start = .)
 *(SORT_BY_NAME(.init_array.*))
 *(.init_array)
 .init_array    0x0000000020000df8        0x4 /usr/local/Cellar/arm-none-eabi-gcc/10.3-2021.07/gcc/bin/../lib/gcc/arm-none-eabi/10.3.1/thumb/v6-m/nofp/crtbegin.o
 .init_array    0x0000000020000dfc        0x4 CMakeFiles/tinyusb_dev_uac2_headset.dir/Users/tim/Documents/Workspace/pico/pico-sdk/src/rp2_common/pico_bootsel_via_double_reset/pico_bootsel_via_double_reset.c.obj
                0x0000000020000e00                PROVIDE (__init_array_end = .)
                0x0000000020000e00                . = ALIGN (0x4)
                [!provide]                        PROVIDE (__fini_array_start = .)
 *(SORT_BY_NAME(.fini_array.*))
 *(.fini_array)
                [!provide]                        PROVIDE (__fini_array_end = .)
 *(.jcr)
                0x0000000020000e00                . = ALIGN (0x4)
                0x0000000020000e00                __data_end__ = .
                0x0000000010005390                __etext = LOADADDR (.data)

.igot.plt       0x0000000020000e00        0x0 load address 0x00000000100060d0
 .igot.plt      0x0000000020000e00        0x0 /usr/local/Cellar/arm-none-eabi-gcc/10.3-2021.07/gcc/bin/../lib/gcc/arm-none-eabi/10.3.1/thumb/v6-m/nofp/crtbegin.o

.uninitialized_data
                0x0000000020000e00        0xc load address 0x00000000100060d0
                0x0000000020000e00                . = ALIGN (0x4)
 *(.uninitialized_data*)
 .uninitialized_data.magic_location
                0x0000000020000e00        0xc CMakeFiles/tinyusb_dev_uac2_headset.dir/Users/tim/Documents/Workspace/pico/pico-sdk/src/rp2_common/pico_bootsel_via_double_reset/pico_bootsel_via_double_reset.c.obj

.scratch_x      0x0000000020040000        0x0 load address 0x00000000100060d0
                0x0000000020040000                __scratch_x_start__ = .
 *(.scratch_x.*)
                0x0000000020040000                . = ALIGN (0x4)
                0x0000000020040000                __scratch_x_end__ = .
                0x00000000100060d0                __scratch_x_source__ = LOADADDR (.scratch_x)

.scratch_y      0x0000000020041000        0x0 load address 0x00000000100060d0
                0x0000000020041000                __scratch_y_start__ = .
 *(.scratch_y.*)
                0x0000000020041000                . = ALIGN (0x4)
                0x0000000020041000                __scratch_y_end__ = .
                0x00000000100060d0                __scratch_y_source__ = LOADADDR (.scratch_y)

.bss            0x0000000020000e10     0x2124
                0x0000000020000e10                . = ALIGN (0x4)
                0x0000000020000e10                __bss_start__ = .
 *(SORT_BY_ALIGNMENT(SORT_BY_NAME(.bss*)))
 .bss.default_alarm_pool_entries
                0x0000000020000e10      0x100 CMakeFiles/tinyusb_dev_uac2_headset.dir/Users/tim/Documents/Workspace/pico/pico-sdk/src/common/pico_time/time.c.obj
 .bss.sd_table  0x0000000020000f10      0x100 CMakeFiles/tinyusb_dev_uac2_headset.dir/Users/tim/Documents/Workspace/pico/pico-sdk/src/rp2_common/pico_double/double_init_rom.c.obj
                0x0000000020000f10                sd_table
 .bss.sf_table  0x0000000020001010      0x100 CMakeFiles/tinyusb_dev_uac2_headset.dir/Users/tim/Documents/Workspace/pico/pico-sdk/src/rp2_common/pico_float/float_init_rom.c.obj
                0x0000000020001010                sf_table
 .bss           0x0000000020001110       0x1c /usr/local/Cellar/arm-none-eabi-gcc/10.3-2021.07/gcc/bin/../lib/gcc/arm-none-eabi/10.3.1/thumb/v6-m/nofp/crtbegin.o
 .bss._app_driver
                0x000000002000112c        0x4 CMakeFiles/tinyusb_dev_uac2_headset.dir/Users/tim/Documents/Workspace/pico/pico-sdk/lib/tinyusb/src/device/usbd.c.obj
 .bss._audiod_fct
                0x0000000020001130       0x50 CMakeFiles/tinyusb_dev_uac2_headset.dir/Users/tim/Documents/Workspace/pico/pico-sdk/lib/tinyusb/src/class/audio/audio_device.c.obj
                0x0000000020001130                _audiod_fct
 .bss._ctrl_xfer
                0x0000000020001180       0x14 CMakeFiles/tinyusb_dev_uac2_headset.dir/Users/tim/Documents/Workspace/pico/pico-sdk/lib/tinyusb/src/device/usbd_control.c.obj
 .bss._desc_str
                0x0000000020001194       0x40 CMakeFiles/tinyusb_dev_uac2_headset.dir/src/usb_descriptors.c.obj
 .bss._ubsd_mutexdef
                0x00000000200011d4        0x8 CMakeFiles/tinyusb_dev_uac2_headset.dir/Users/tim/Documents/Workspace/pico/pico-sdk/lib/tinyusb/src/device/usbd.c.obj
 .bss._usbd_ctrl_buf
                0x00000000200011dc       0x40 CMakeFiles/tinyusb_dev_uac2_headset.dir/Users/tim/Documents/Workspace/pico/pico-sdk/lib/tinyusb/src/device/usbd_control.c.obj
 .bss._usbd_dev
                0x000000002000121c       0x53 CMakeFiles/tinyusb_dev_uac2_headset.dir/Users/tim/Documents/Workspace/pico/pico-sdk/lib/tinyusb/src/device/usbd.c.obj
 *fill*         0x000000002000126f        0x1 
 .bss._usbd_mutex
                0x0000000020001270        0x4 CMakeFiles/tinyusb_dev_uac2_headset.dir/Users/tim/Documents/Workspace/pico/pico-sdk/lib/tinyusb/src/device/usbd.c.obj
 .bss._usbd_q   0x0000000020001274        0x4 CMakeFiles/tinyusb_dev_uac2_headset.dir/Users/tim/Documents/Workspace/pico/pico-sdk/lib/tinyusb/src/device/usbd.c.obj
 .bss._usbd_qdef_buf
                0x0000000020001278       0xc0 CMakeFiles/tinyusb_dev_uac2_headset.dir/Users/tim/Documents/Workspace/pico/pico-sdk/lib/tinyusb/src/device/usbd.c.obj
                0x0000000020001278                _usbd_qdef_buf
 .bss.alarm_callbacks
                0x0000000020001338       0x10 CMakeFiles/tinyusb_dev_uac2_headset.dir/Users/tim/Documents/Workspace/pico/pico-sdk/src/rp2_common/hardware_timer/timer.c.obj
 .bss.alt_setting_1
                0x0000000020001348        0x2 CMakeFiles/tinyusb_dev_uac2_headset.dir/Users/tim/Documents/Workspace/pico/pico-sdk/lib/tinyusb/src/class/audio/audio_device.c.obj
                0x0000000020001348                alt_setting_1
 *fill*         0x000000002000134a        0x2 
 .bss.audio_ep_in_sw_buf_1
                0x000000002000134c      0x308 CMakeFiles/tinyusb_dev_uac2_headset.dir/Users/tim/Documents/Workspace/pico/pico-sdk/lib/tinyusb/src/class/audio/audio_device.c.obj
                0x000000002000134c                audio_ep_in_sw_buf_1
 .bss.audio_ep_out_sw_buf_1
                0x0000000020001654      0x610 CMakeFiles/tinyusb_dev_uac2_headset.dir/Users/tim/Documents/Workspace/pico/pico-sdk/lib/tinyusb/src/class/audio/audio_device.c.obj
                0x0000000020001654                audio_ep_out_sw_buf_1
 .bss.chars_available_callback
                0x0000000020001c64        0x4 CMakeFiles/tinyusb_dev_uac2_headset.dir/Users/tim/Documents/Workspace/pico/pico-sdk/src/rp2_common/pico_stdio_uart/stdio_uart.c.obj
 .bss.chars_available_param
                0x0000000020001c68        0x4 CMakeFiles/tinyusb_dev_uac2_headset.dir/Users/tim/Documents/Workspace/pico/pico-sdk/src/rp2_common/pico_stdio_uart/stdio_uart.c.obj
 .bss.claimed   0x0000000020001c6c        0x4 CMakeFiles/tinyusb_dev_uac2_headset.dir/Users/tim/Documents/Workspace/pico/pico-sdk/src/rp2_common/hardware_sync/sync.c.obj
 .bss.configured_freq
                0x0000000020001c70       0x28 CMakeFiles/tinyusb_dev_uac2_headset.dir/Users/tim/Documents/Workspace/pico/pico-sdk/src/rp2_common/hardware_clocks/clocks.c.obj
 .bss.ctrl_buf_1
                0x0000000020001c98       0x40 CMakeFiles/tinyusb_dev_uac2_headset.dir/Users/tim/Documents/Workspace/pico/pico-sdk/lib/tinyusb/src/class/audio/audio_device.c.obj
                0x0000000020001c98                ctrl_buf_1
 .bss.default_alarm_pool_entry_ids_high
                0x0000000020001cd8       0x10 CMakeFiles/tinyusb_dev_uac2_headset.dir/Users/tim/Documents/Workspace/pico/pico-sdk/src/common/pico_time/time.c.obj
 .bss.default_alarm_pool_heap_nodes
                0x0000000020001ce8       0x30 CMakeFiles/tinyusb_dev_uac2_headset.dir/Users/tim/Documents/Workspace/pico/pico-sdk/src/common/pico_time/time.c.obj
 .bss.drivers   0x0000000020001d18        0x4 CMakeFiles/tinyusb_dev_uac2_headset.dir/Users/tim/Documents/Workspace/pico/pico-sdk/src/rp2_common/pico_stdio/stdio.c.obj
 .bss.e15_last_sof
                0x0000000020001d1c        0x4 CMakeFiles/tinyusb_dev_uac2_headset.dir/Users/tim/Documents/Workspace/pico/pico-sdk/lib/tinyusb/src/portable/raspberrypi/rp2040/rp2040_usb.c.obj
                0x0000000020001d1c                e15_last_sof
 .bss.ep_in_ff_mutex_wr_1
                0x0000000020001d20        0x8 CMakeFiles/tinyusb_dev_uac2_headset.dir/Users/tim/Documents/Workspace/pico/pico-sdk/lib/tinyusb/src/class/audio/audio_device.c.obj
                0x0000000020001d20                ep_in_ff_mutex_wr_1
 .bss.ep_out_ff_mutex_rd_1
                0x0000000020001d28        0x8 CMakeFiles/tinyusb_dev_uac2_headset.dir/Users/tim/Documents/Workspace/pico/pico-sdk/lib/tinyusb/src/class/audio/audio_device.c.obj
                0x0000000020001d28                ep_out_ff_mutex_rd_1
 .bss.filter    0x0000000020001d30        0x4 CMakeFiles/tinyusb_dev_uac2_headset.dir/Users/tim/Documents/Workspace/pico/pico-sdk/src/rp2_common/pico_stdio/stdio.c.obj
 .bss.gpio_ctrl_prev
                0x0000000020001d34        0x4 CMakeFiles/tinyusb_dev_uac2_headset.dir/Users/tim/Documents/Workspace/pico/pico-sdk/src/rp2_common/pico_fix/rp2040_usb_device_enumeration/rp2040_usb_device_enumeration.c.obj
 .bss.hw_endpoints
                0x0000000020001d38      0x400 CMakeFiles/tinyusb_dev_uac2_headset.dir/Users/tim/Documents/Workspace/pico/pico-sdk/lib/tinyusb/src/portable/raspberrypi/rp2040/dcd_rp2040.c.obj
 .bss.lazy_vsnprintf
                0x0000000020002138        0x4 CMakeFiles/tinyusb_dev_uac2_headset.dir/Users/tim/Documents/Workspace/pico/pico-sdk/src/rp2_common/pico_printf/printf.c.obj
 .bss.lin_buf_in_1
                0x000000002000213c      0x184 CMakeFiles/tinyusb_dev_uac2_headset.dir/Users/tim/Documents/Workspace/pico/pico-sdk/lib/tinyusb/src/class/audio/audio_device.c.obj
                0x000000002000213c                lin_buf_in_1
 .bss.lin_buf_out_1
                0x00000000200022c0      0x308 CMakeFiles/tinyusb_dev_uac2_headset.dir/Users/tim/Documents/Workspace/pico/pico-sdk/lib/tinyusb/src/class/audio/audio_device.c.obj
                0x00000000200022c0                lin_buf_out_1
 .bss.mic_buf   0x00000000200025c8      0x308 CMakeFiles/tinyusb_dev_uac2_headset.dir/src/main.c.obj
                0x00000000200025c8                mic_buf
 .bss.mute      0x00000000200028d0        0x2 CMakeFiles/tinyusb_dev_uac2_headset.dir/src/main.c.obj
                0x00000000200028d0                mute
 *fill*         0x00000000200028d2        0x2 
 .bss.next_buffer_ptr
                0x00000000200028d4        0x4 CMakeFiles/tinyusb_dev_uac2_headset.dir/Users/tim/Documents/Workspace/pico/pico-sdk/lib/tinyusb/src/portable/raspberrypi/rp2040/dcd_rp2040.c.obj
 .bss.pad_ctrl_prev
                0x00000000200028d8        0x4 CMakeFiles/tinyusb_dev_uac2_headset.dir/Users/tim/Documents/Workspace/pico/pico-sdk/src/rp2_common/pico_fix/rp2040_usb_device_enumeration/rp2040_usb_device_enumeration.c.obj
 .bss.pools     0x00000000200028dc       0x10 CMakeFiles/tinyusb_dev_uac2_headset.dir/Users/tim/Documents/Workspace/pico/pico-sdk/src/common/pico_time/time.c.obj
 .bss.sf_clz_func
                0x00000000200028ec        0x4 CMakeFiles/tinyusb_dev_uac2_headset.dir/Users/tim/Documents/Workspace/pico/pico-sdk/src/rp2_common/pico_double/double_init_rom.c.obj
                0x00000000200028ec                sf_clz_func
 .bss.sleep_notifier
                0x00000000200028f0        0x4 CMakeFiles/tinyusb_dev_uac2_headset.dir/Users/tim/Documents/Workspace/pico/pico-sdk/src/common/pico_time/time.c.obj
 .bss.spk_buf   0x00000000200028f4      0x610 CMakeFiles/tinyusb_dev_uac2_headset.dir/src/main.c.obj
                0x00000000200028f4                spk_buf
 .bss.spk_data_size
                0x0000000020002f04        0x4 CMakeFiles/tinyusb_dev_uac2_headset.dir/src/main.c.obj
                0x0000000020002f04                spk_data_size
 .bss.start_ms.1
                0x0000000020002f08        0x4 CMakeFiles/tinyusb_dev_uac2_headset.dir/src/main.c.obj
 .bss.target_hi
                0x0000000020002f0c       0x10 CMakeFiles/tinyusb_dev_uac2_headset.dir/Users/tim/Documents/Workspace/pico/pico-sdk/src/rp2_common/hardware_timer/timer.c.obj
 .bss.uart_char_to_line_feed
                0x0000000020002f1c        0x4 CMakeFiles/tinyusb_dev_uac2_headset.dir/Users/tim/Documents/Workspace/pico/pico-sdk/src/rp2_common/hardware_uart/uart.c.obj
                0x0000000020002f1c                uart_char_to_line_feed
 .bss.uart_inst
                0x0000000020002f20        0x4 CMakeFiles/tinyusb_dev_uac2_headset.dir/Users/tim/Documents/Workspace/pico/pico-sdk/lib/tinyusb/hw/bsp/rp2040/family.c.obj
 .bss.uart_instance
                0x0000000020002f24        0x4 CMakeFiles/tinyusb_dev_uac2_headset.dir/Users/tim/Documents/Workspace/pico/pico-sdk/src/rp2_common/pico_stdio_uart/stdio_uart.c.obj
 .bss.volume    0x0000000020002f28        0x4 CMakeFiles/tinyusb_dev_uac2_headset.dir/src/main.c.obj
                0x0000000020002f28                volume
 .bss._app_driver_count
                0x0000000020002f2c        0x1 CMakeFiles/tinyusb_dev_uac2_headset.dir/Users/tim/Documents/Workspace/pico/pico-sdk/lib/tinyusb/src/device/usbd.c.obj
 .bss._sof_enable
                0x0000000020002f2d        0x1 CMakeFiles/tinyusb_dev_uac2_headset.dir/Users/tim/Documents/Workspace/pico/pico-sdk/lib/tinyusb/src/portable/raspberrypi/rp2040/dcd_rp2040.c.obj
 .bss.claimed   0x0000000020002f2e        0x1 CMakeFiles/tinyusb_dev_uac2_headset.dir/Users/tim/Documents/Workspace/pico/pico-sdk/src/rp2_common/hardware_timer/timer.c.obj
 .bss.current_resolution
                0x0000000020002f2f        0x1 CMakeFiles/tinyusb_dev_uac2_headset.dir/src/main.c.obj
                0x0000000020002f2f                current_resolution
 .bss.irq_hander_chain_free_slot_head
                0x0000000020002f30        0x1 CMakeFiles/tinyusb_dev_uac2_headset.dir/Users/tim/Documents/Workspace/pico/pico-sdk/src/rp2_common/hardware_irq/irq.c.obj
 .bss.led_state.0
                0x0000000020002f31        0x1 CMakeFiles/tinyusb_dev_uac2_headset.dir/src/main.c.obj
 .bss.timer_callbacks_pending
                0x0000000020002f32        0x1 CMakeFiles/tinyusb_dev_uac2_headset.dir/Users/tim/Documents/Workspace/pico/pico-sdk/src/rp2_common/hardware_timer/timer.c.obj
 *(COMMON)
                0x0000000020002f34                . = ALIGN (0x4)
 *fill*         0x0000000020002f33        0x1 
                0x0000000020002f34                __bss_end__ = .

.heap           0x0000000020002f34      0x800
                0x0000000020002f34                __end__ = .
                0x0000000020002f34                end = __end__
 *(.heap*)
 .heap          0x0000000020002f34      0x800 CMakeFiles/tinyusb_dev_uac2_headset.dir/Users/tim/Documents/Workspace/pico/pico-sdk/src/rp2_common/pico_standard_link/crt0.S.obj
                0x0000000020003734                __HeapLimit = .

.stack1_dummy   0x0000000020040000        0x0
 *(.stack1*)

.stack_dummy    0x0000000020041000      0x800
 *(.stack*)
 .stack         0x0000000020041000      0x800 CMakeFiles/tinyusb_dev_uac2_headset.dir/Users/tim/Documents/Workspace/pico/pico-sdk/src/rp2_common/pico_standard_link/crt0.S.obj

.flash_end      0x00000000100060d0        0x0
                0x00000000100060d0                PROVIDE (__flash_binary_end = .)
                0x0000000020040000                __StackLimit = (ORIGIN (RAM) + LENGTH (RAM))
                0x0000000020041000                __StackOneTop = (ORIGIN (SCRATCH_X) + LENGTH (SCRATCH_X))
                0x0000000020042000                __StackTop = (ORIGIN (SCRATCH_Y) + LENGTH (SCRATCH_Y))
                0x0000000020041000                __StackOneBottom = (__StackOneTop - SIZEOF (.stack1_dummy))
                0x0000000020041800                __StackBottom = (__StackTop - SIZEOF (.stack_dummy))
                0x0000000020042000                PROVIDE (__stack = __StackTop)
                0x0000000000000001                ASSERT ((__StackLimit >= __HeapLimit), region RAM overflowed)
                0x0000000000000001                ASSERT (((__binary_info_header_end - __logical_binary_start) <= 0x100), Binary info must be in first 256 bytes of the binary)
LOAD CMakeFiles/tinyusb_dev_uac2_headset.dir/src/main.c.obj
LOAD CMakeFiles/tinyusb_dev_uac2_headset.dir/src/usb_descriptors.c.obj
LOAD CMakeFiles/tinyusb_dev_uac2_headset.dir/Users/tim/Documents/Workspace/pico/pico-sdk/src/rp2_common/pico_stdlib/stdlib.c.obj
LOAD CMakeFiles/tinyusb_dev_uac2_headset.dir/Users/tim/Documents/Workspace/pico/pico-sdk/src/rp2_common/hardware_gpio/gpio.c.obj
LOAD CMakeFiles/tinyusb_dev_uac2_headset.dir/Users/tim/Documents/Workspace/pico/pico-sdk/src/rp2_common/pico_platform/platform.c.obj
LOAD CMakeFiles/tinyusb_dev_uac2_headset.dir/Users/tim/Documents/Workspace/pico/pico-sdk/src/rp2_common/hardware_claim/claim.c.obj
LOAD CMakeFiles/tinyusb_dev_uac2_headset.dir/Users/tim/Documents/Workspace/pico/pico-sdk/src/rp2_common/hardware_sync/sync.c.obj
LOAD CMakeFiles/tinyusb_dev_uac2_headset.dir/Users/tim/Documents/Workspace/pico/pico-sdk/src/rp2_common/hardware_irq/irq.c.obj
LOAD CMakeFiles/tinyusb_dev_uac2_headset.dir/Users/tim/Documents/Workspace/pico/pico-sdk/src/rp2_common/hardware_irq/irq_handler_chain.S.obj
LOAD CMakeFiles/tinyusb_dev_uac2_headset.dir/Users/tim/Documents/Workspace/pico/pico-sdk/src/common/pico_sync/sem.c.obj
LOAD CMakeFiles/tinyusb_dev_uac2_headset.dir/Users/tim/Documents/Workspace/pico/pico-sdk/src/common/pico_sync/lock_core.c.obj
LOAD CMakeFiles/tinyusb_dev_uac2_headset.dir/Users/tim/Documents/Workspace/pico/pico-sdk/src/common/pico_sync/mutex.c.obj
LOAD CMakeFiles/tinyusb_dev_uac2_headset.dir/Users/tim/Documents/Workspace/pico/pico-sdk/src/common/pico_sync/critical_section.c.obj
LOAD CMakeFiles/tinyusb_dev_uac2_headset.dir/Users/tim/Documents/Workspace/pico/pico-sdk/src/common/pico_time/time.c.obj
LOAD CMakeFiles/tinyusb_dev_uac2_headset.dir/Users/tim/Documents/Workspace/pico/pico-sdk/src/common/pico_time/timeout_helper.c.obj
LOAD CMakeFiles/tinyusb_dev_uac2_headset.dir/Users/tim/Documents/Workspace/pico/pico-sdk/src/rp2_common/hardware_timer/timer.c.obj
LOAD CMakeFiles/tinyusb_dev_uac2_headset.dir/Users/tim/Documents/Workspace/pico/pico-sdk/src/common/pico_util/datetime.c.obj
LOAD CMakeFiles/tinyusb_dev_uac2_headset.dir/Users/tim/Documents/Workspace/pico/pico-sdk/src/common/pico_util/pheap.c.obj
LOAD CMakeFiles/tinyusb_dev_uac2_headset.dir/Users/tim/Documents/Workspace/pico/pico-sdk/src/common/pico_util/queue.c.obj
LOAD CMakeFiles/tinyusb_dev_uac2_headset.dir/Users/tim/Documents/Workspace/pico/pico-sdk/src/rp2_common/hardware_uart/uart.c.obj
LOAD CMakeFiles/tinyusb_dev_uac2_headset.dir/Users/tim/Documents/Workspace/pico/pico-sdk/src/rp2_common/hardware_clocks/clocks.c.obj
LOAD CMakeFiles/tinyusb_dev_uac2_headset.dir/Users/tim/Documents/Workspace/pico/pico-sdk/src/rp2_common/hardware_pll/pll.c.obj
LOAD CMakeFiles/tinyusb_dev_uac2_headset.dir/Users/tim/Documents/Workspace/pico/pico-sdk/src/rp2_common/hardware_vreg/vreg.c.obj
LOAD CMakeFiles/tinyusb_dev_uac2_headset.dir/Users/tim/Documents/Workspace/pico/pico-sdk/src/rp2_common/hardware_watchdog/watchdog.c.obj
LOAD CMakeFiles/tinyusb_dev_uac2_headset.dir/Users/tim/Documents/Workspace/pico/pico-sdk/src/rp2_common/hardware_xosc/xosc.c.obj
LOAD CMakeFiles/tinyusb_dev_uac2_headset.dir/Users/tim/Documents/Workspace/pico/pico-sdk/src/rp2_common/hardware_divider/divider.S.obj
LOAD CMakeFiles/tinyusb_dev_uac2_headset.dir/Users/tim/Documents/Workspace/pico/pico-sdk/src/rp2_common/pico_runtime/runtime.c.obj
LOAD CMakeFiles/tinyusb_dev_uac2_headset.dir/Users/tim/Documents/Workspace/pico/pico-sdk/src/rp2_common/pico_printf/printf.c.obj
LOAD CMakeFiles/tinyusb_dev_uac2_headset.dir/Users/tim/Documents/Workspace/pico/pico-sdk/src/rp2_common/pico_bit_ops/bit_ops_aeabi.S.obj
LOAD CMakeFiles/tinyusb_dev_uac2_headset.dir/Users/tim/Documents/Workspace/pico/pico-sdk/src/rp2_common/pico_bootrom/bootrom.c.obj
LOAD CMakeFiles/tinyusb_dev_uac2_headset.dir/Users/tim/Documents/Workspace/pico/pico-sdk/src/rp2_common/pico_divider/divider.S.obj
LOAD CMakeFiles/tinyusb_dev_uac2_headset.dir/Users/tim/Documents/Workspace/pico/pico-sdk/src/rp2_common/pico_double/double_aeabi.S.obj
LOAD CMakeFiles/tinyusb_dev_uac2_headset.dir/Users/tim/Documents/Workspace/pico/pico-sdk/src/rp2_common/pico_double/double_init_rom.c.obj
LOAD CMakeFiles/tinyusb_dev_uac2_headset.dir/Users/tim/Documents/Workspace/pico/pico-sdk/src/rp2_common/pico_double/double_math.c.obj
LOAD CMakeFiles/tinyusb_dev_uac2_headset.dir/Users/tim/Documents/Workspace/pico/pico-sdk/src/rp2_common/pico_double/double_v1_rom_shim.S.obj
LOAD CMakeFiles/tinyusb_dev_uac2_headset.dir/Users/tim/Documents/Workspace/pico/pico-sdk/src/rp2_common/pico_int64_ops/pico_int64_ops_aeabi.S.obj
LOAD CMakeFiles/tinyusb_dev_uac2_headset.dir/Users/tim/Documents/Workspace/pico/pico-sdk/src/rp2_common/pico_float/float_aeabi.S.obj
LOAD CMakeFiles/tinyusb_dev_uac2_headset.dir/Users/tim/Documents/Workspace/pico/pico-sdk/src/rp2_common/pico_float/float_init_rom.c.obj
LOAD CMakeFiles/tinyusb_dev_uac2_headset.dir/Users/tim/Documents/Workspace/pico/pico-sdk/src/rp2_common/pico_float/float_math.c.obj
LOAD CMakeFiles/tinyusb_dev_uac2_headset.dir/Users/tim/Documents/Workspace/pico/pico-sdk/src/rp2_common/pico_float/float_v1_rom_shim.S.obj
LOAD CMakeFiles/tinyusb_dev_uac2_headset.dir/Users/tim/Documents/Workspace/pico/pico-sdk/src/rp2_common/pico_malloc/pico_malloc.c.obj
LOAD CMakeFiles/tinyusb_dev_uac2_headset.dir/Users/tim/Documents/Workspace/pico/pico-sdk/src/rp2_common/pico_mem_ops/mem_ops_aeabi.S.obj
LOAD CMakeFiles/tinyusb_dev_uac2_headset.dir/Users/tim/Documents/Workspace/pico/pico-sdk/src/rp2_common/pico_standard_link/crt0.S.obj
LOAD CMakeFiles/tinyusb_dev_uac2_headset.dir/Users/tim/Documents/Workspace/pico/pico-sdk/src/rp2_common/pico_standard_link/new_delete.cpp.obj
LOAD CMakeFiles/tinyusb_dev_uac2_headset.dir/Users/tim/Documents/Workspace/pico/pico-sdk/src/rp2_common/pico_standard_link/binary_info.c.obj
LOAD CMakeFiles/tinyusb_dev_uac2_headset.dir/Users/tim/Documents/Workspace/pico/pico-sdk/src/rp2_common/pico_stdio/stdio.c.obj
LOAD CMakeFiles/tinyusb_dev_uac2_headset.dir/Users/tim/Documents/Workspace/pico/pico-sdk/src/rp2_common/pico_stdio_uart/stdio_uart.c.obj
LOAD CMakeFiles/tinyusb_dev_uac2_headset.dir/Users/tim/Documents/Workspace/pico/pico-sdk/src/rp2_common/pico_bootsel_via_double_reset/pico_bootsel_via_double_reset.c.obj
LOAD CMakeFiles/tinyusb_dev_uac2_headset.dir/Users/tim/Documents/Workspace/pico/pico-sdk/lib/tinyusb/hw/bsp/rp2040/family.c.obj
LOAD CMakeFiles/tinyusb_dev_uac2_headset.dir/Users/tim/Documents/Workspace/pico/pico-sdk/lib/tinyusb/src/portable/raspberrypi/rp2040/dcd_rp2040.c.obj
LOAD CMakeFiles/tinyusb_dev_uac2_headset.dir/Users/tim/Documents/Workspace/pico/pico-sdk/lib/tinyusb/src/portable/raspberrypi/rp2040/rp2040_usb.c.obj
LOAD CMakeFiles/tinyusb_dev_uac2_headset.dir/Users/tim/Documents/Workspace/pico/pico-sdk/lib/tinyusb/src/device/usbd.c.obj
LOAD CMakeFiles/tinyusb_dev_uac2_headset.dir/Users/tim/Documents/Workspace/pico/pico-sdk/lib/tinyusb/src/device/usbd_control.c.obj
LOAD CMakeFiles/tinyusb_dev_uac2_headset.dir/Users/tim/Documents/Workspace/pico/pico-sdk/lib/tinyusb/src/class/audio/audio_device.c.obj
LOAD CMakeFiles/tinyusb_dev_uac2_headset.dir/Users/tim/Documents/Workspace/pico/pico-sdk/lib/tinyusb/src/class/cdc/cdc_device.c.obj
LOAD CMakeFiles/tinyusb_dev_uac2_headset.dir/Users/tim/Documents/Workspace/pico/pico-sdk/lib/tinyusb/src/class/dfu/dfu_device.c.obj
LOAD CMakeFiles/tinyusb_dev_uac2_headset.dir/Users/tim/Documents/Workspace/pico/pico-sdk/lib/tinyusb/src/class/dfu/dfu_rt_device.c.obj
LOAD CMakeFiles/tinyusb_dev_uac2_headset.dir/Users/tim/Documents/Workspace/pico/pico-sdk/lib/tinyusb/src/class/hid/hid_device.c.obj
LOAD CMakeFiles/tinyusb_dev_uac2_headset.dir/Users/tim/Documents/Workspace/pico/pico-sdk/lib/tinyusb/src/class/midi/midi_device.c.obj
LOAD CMakeFiles/tinyusb_dev_uac2_headset.dir/Users/tim/Documents/Workspace/pico/pico-sdk/lib/tinyusb/src/class/msc/msc_device.c.obj
LOAD CMakeFiles/tinyusb_dev_uac2_headset.dir/Users/tim/Documents/Workspace/pico/pico-sdk/lib/tinyusb/src/class/net/ecm_rndis_device.c.obj
LOAD CMakeFiles/tinyusb_dev_uac2_headset.dir/Users/tim/Documents/Workspace/pico/pico-sdk/lib/tinyusb/src/class/net/ncm_device.c.obj
LOAD CMakeFiles/tinyusb_dev_uac2_headset.dir/Users/tim/Documents/Workspace/pico/pico-sdk/lib/tinyusb/src/class/usbtmc/usbtmc_device.c.obj
LOAD CMakeFiles/tinyusb_dev_uac2_headset.dir/Users/tim/Documents/Workspace/pico/pico-sdk/lib/tinyusb/src/class/vendor/vendor_device.c.obj
LOAD CMakeFiles/tinyusb_dev_uac2_headset.dir/Users/tim/Documents/Workspace/pico/pico-sdk/lib/tinyusb/src/class/video/video_device.c.obj
LOAD CMakeFiles/tinyusb_dev_uac2_headset.dir/Users/tim/Documents/Workspace/pico/pico-sdk/lib/tinyusb/src/tusb.c.obj
LOAD CMakeFiles/tinyusb_dev_uac2_headset.dir/Users/tim/Documents/Workspace/pico/pico-sdk/lib/tinyusb/src/common/tusb_fifo.c.obj
LOAD CMakeFiles/tinyusb_dev_uac2_headset.dir/Users/tim/Documents/Workspace/pico/pico-sdk/src/rp2_common/pico_fix/rp2040_usb_device_enumeration/rp2040_usb_device_enumeration.c.obj
LOAD /var/folders/mq/pby672116wq5y_qrmsf3r6g40000gn/T//cciHGaAu.o
LOAD /usr/local/Cellar/arm-none-eabi-gcc/10.3-2021.07/gcc/bin/../lib/gcc/arm-none-eabi/10.3.1/../../../../arm-none-eabi/lib/thumb/v6-m/nofp/libstdc++.a
LOAD /usr/local/Cellar/arm-none-eabi-gcc/10.3-2021.07/gcc/bin/../lib/gcc/arm-none-eabi/10.3.1/../../../../arm-none-eabi/lib/thumb/v6-m/nofp/libm.a
START GROUP
LOAD /usr/local/Cellar/arm-none-eabi-gcc/10.3-2021.07/gcc/bin/../lib/gcc/arm-none-eabi/10.3.1/thumb/v6-m/nofp/libgcc.a
LOAD /usr/local/Cellar/arm-none-eabi-gcc/10.3-2021.07/gcc/bin/../lib/gcc/arm-none-eabi/10.3.1/../../../../arm-none-eabi/lib/thumb/v6-m/nofp/libc.a
END GROUP
START GROUP
LOAD /usr/local/Cellar/arm-none-eabi-gcc/10.3-2021.07/gcc/bin/../lib/gcc/arm-none-eabi/10.3.1/thumb/v6-m/nofp/libgcc.a
LOAD /usr/local/Cellar/arm-none-eabi-gcc/10.3-2021.07/gcc/bin/../lib/gcc/arm-none-eabi/10.3.1/../../../../arm-none-eabi/lib/thumb/v6-m/nofp/libc.a
LOAD /usr/local/Cellar/arm-none-eabi-gcc/10.3-2021.07/gcc/bin/../lib/gcc/arm-none-eabi/10.3.1/../../../../arm-none-eabi/lib/thumb/v6-m/nofp/libnosys.a
END GROUP
LOAD /usr/local/Cellar/arm-none-eabi-gcc/10.3-2021.07/gcc/bin/../lib/gcc/arm-none-eabi/10.3.1/thumb/v6-m/nofp/crtend.o
LOAD /usr/local/Cellar/arm-none-eabi-gcc/10.3-2021.07/gcc/bin/../lib/gcc/arm-none-eabi/10.3.1/thumb/v6-m/nofp/crtn.o
OUTPUT(tinyusb_dev_uac2_headset.elf elf32-littlearm)
LOAD linker stubs

.ARM.attributes
                0x0000000000000000       0x28
 .ARM.attributes
                0x0000000000000000       0x1e /usr/local/Cellar/arm-none-eabi-gcc/10.3-2021.07/gcc/bin/../lib/gcc/arm-none-eabi/10.3.1/thumb/v6-m/nofp/crti.o
 .ARM.attributes
                0x000000000000001e       0x2c /usr/local/Cellar/arm-none-eabi-gcc/10.3-2021.07/gcc/bin/../lib/gcc/arm-none-eabi/10.3.1/thumb/v6-m/nofp/crtbegin.o
 .ARM.attributes
                0x000000000000004a       0x2c CMakeFiles/tinyusb_dev_uac2_headset.dir/src/main.c.obj
 .ARM.attributes
                0x0000000000000076       0x2c CMakeFiles/tinyusb_dev_uac2_headset.dir/src/usb_descriptors.c.obj
 .ARM.attributes
                0x00000000000000a2       0x2c CMakeFiles/tinyusb_dev_uac2_headset.dir/Users/tim/Documents/Workspace/pico/pico-sdk/src/rp2_common/hardware_gpio/gpio.c.obj
 .ARM.attributes
                0x00000000000000ce       0x2c CMakeFiles/tinyusb_dev_uac2_headset.dir/Users/tim/Documents/Workspace/pico/pico-sdk/src/rp2_common/pico_platform/platform.c.obj
 .ARM.attributes
                0x00000000000000fa       0x2c CMakeFiles/tinyusb_dev_uac2_headset.dir/Users/tim/Documents/Workspace/pico/pico-sdk/src/rp2_common/hardware_claim/claim.c.obj
 .ARM.attributes
                0x0000000000000126       0x2c CMakeFiles/tinyusb_dev_uac2_headset.dir/Users/tim/Documents/Workspace/pico/pico-sdk/src/rp2_common/hardware_sync/sync.c.obj
 .ARM.attributes
                0x0000000000000152       0x2c CMakeFiles/tinyusb_dev_uac2_headset.dir/Users/tim/Documents/Workspace/pico/pico-sdk/src/rp2_common/hardware_irq/irq.c.obj
 .ARM.attributes
                0x000000000000017e       0x22 CMakeFiles/tinyusb_dev_uac2_headset.dir/Users/tim/Documents/Workspace/pico/pico-sdk/src/rp2_common/hardware_irq/irq_handler_chain.S.obj
 .ARM.attributes
                0x00000000000001a0       0x2c CMakeFiles/tinyusb_dev_uac2_headset.dir/Users/tim/Documents/Workspace/pico/pico-sdk/src/common/pico_sync/lock_core.c.obj
 .ARM.attributes
                0x00000000000001cc       0x2c CMakeFiles/tinyusb_dev_uac2_headset.dir/Users/tim/Documents/Workspace/pico/pico-sdk/src/common/pico_sync/mutex.c.obj
 .ARM.attributes
                0x00000000000001f8       0x2c CMakeFiles/tinyusb_dev_uac2_headset.dir/Users/tim/Documents/Workspace/pico/pico-sdk/src/common/pico_sync/critical_section.c.obj
 .ARM.attributes
                0x0000000000000224       0x2c CMakeFiles/tinyusb_dev_uac2_headset.dir/Users/tim/Documents/Workspace/pico/pico-sdk/src/common/pico_time/time.c.obj
 .ARM.attributes
                0x0000000000000250       0x2c CMakeFiles/tinyusb_dev_uac2_headset.dir/Users/tim/Documents/Workspace/pico/pico-sdk/src/rp2_common/hardware_timer/timer.c.obj
 .ARM.attributes
                0x000000000000027c       0x2c CMakeFiles/tinyusb_dev_uac2_headset.dir/Users/tim/Documents/Workspace/pico/pico-sdk/src/common/pico_util/pheap.c.obj
 .ARM.attributes
                0x00000000000002a8       0x2c CMakeFiles/tinyusb_dev_uac2_headset.dir/Users/tim/Documents/Workspace/pico/pico-sdk/src/rp2_common/hardware_uart/uart.c.obj
 .ARM.attributes